--------------------
./configure --prefix=/home/runner/work/Padavan-KVR/Padavan-KVR/trunk/stage --shared
Tue May 19 18:09:27 UTC 2026
=== ztest26734.c ===
extern int getchar();
int hello() {return getchar();}
===
/home/runner/work/Padavan-KVR/Padavan-KVR/trunk/../toolchain-mipsel/toolchain-3.4.x/bin/mipsel-linux-uclibc-gcc -mips32r2 -march=mips32r2 -mtune=1004kc -c ztest26734.c
... using gcc

Checking for obsessive-compulsive compiler options...
=== ztest26734.c ===
int foo() { return 0; }
===
/home/runner/work/Padavan-KVR/Padavan-KVR/trunk/../toolchain-mipsel/toolchain-3.4.x/bin/mipsel-linux-uclibc-gcc -mips32r2 -march=mips32r2 -mtune=1004kc -c -Os -fomit-frame-pointer -pipe -DEMBED -I/home/runner/work/Padavan-KVR/Padavan-KVR/trunk/stage/include -Dlinux -D__linux__ -Dunix -Wall -Wno-trigraphs -Wno-strict-aliasing -Wno-format-security -fno-tree-slsr -fno-aggressive-loop-optimizations -Wno-pointer-sign -Wno-unused -ffunction-sections -fdata-sections ztest26734.c

Checking for shared library support...
=== ztest26734.c ===
extern int getchar();
int hello() {return getchar();}
===
/home/runner/work/Padavan-KVR/Padavan-KVR/trunk/../toolchain-mipsel/toolchain-3.4.x/bin/mipsel-linux-uclibc-gcc -mips32r2 -march=mips32r2 -mtune=1004kc -w -c -Os -fomit-frame-pointer -pipe -DEMBED -I/home/runner/work/Padavan-KVR/Padavan-KVR/trunk/stage/include -Dlinux -D__linux__ -Dunix -Wall -Wno-trigraphs -Wno-strict-aliasing -Wno-format-security -fno-tree-slsr -fno-aggressive-loop-optimizations -Wno-pointer-sign -Wno-unused -ffunction-sections -fdata-sections -fPIC ztest26734.c
/home/runner/work/Padavan-KVR/Padavan-KVR/trunk/../toolchain-mipsel/toolchain-3.4.x/bin/mipsel-linux-uclibc-gcc -mips32r2 -march=mips32r2 -mtune=1004kc -shared -Wl,-soname,libz.so.1,--version-script,zlib.map -Os -fomit-frame-pointer -pipe -DEMBED -I/home/runner/work/Padavan-KVR/Padavan-KVR/trunk/stage/include -Dlinux -D__linux__ -Dunix -Wall -Wno-trigraphs -Wno-strict-aliasing -Wno-format-security -fno-tree-slsr -fno-aggressive-loop-optimizations -Wno-pointer-sign -Wno-unused -ffunction-sections -fdata-sections -fPIC -o ztest26734.so ztest26734.o
Building shared library libz.so.1.2.11 with /home/runner/work/Padavan-KVR/Padavan-KVR/trunk/../toolchain-mipsel/toolchain-3.4.x/bin/mipsel-linux-uclibc-gcc -mips32r2 -march=mips32r2 -mtune=1004kc.

=== ztest26734.c ===
#include <stdio.h>
#include <stdlib.h>
size_t dummy = 0;
===
/home/runner/work/Padavan-KVR/Padavan-KVR/trunk/../toolchain-mipsel/toolchain-3.4.x/bin/mipsel-linux-uclibc-gcc -mips32r2 -march=mips32r2 -mtune=1004kc -c -Os -fomit-frame-pointer -pipe -DEMBED -I/home/runner/work/Padavan-KVR/Padavan-KVR/trunk/stage/include -Dlinux -D__linux__ -Dunix -Wall -Wno-trigraphs -Wno-strict-aliasing -Wno-format-security -fno-tree-slsr -fno-aggressive-loop-optimizations -Wno-pointer-sign -Wno-unused -ffunction-sections -fdata-sections ztest26734.c
Checking for size_t... Yes.


=== ztest26734.c ===
#include <sys/types.h>
off64_t dummy = 0;
===
/home/runner/work/Padavan-KVR/Padavan-KVR/trunk/../toolchain-mipsel/toolchain-3.4.x/bin/mipsel-linux-uclibc-gcc -mips32r2 -march=mips32r2 -mtune=1004kc -c -Os -fomit-frame-pointer -pipe -DEMBED -I/home/runner/work/Padavan-KVR/Padavan-KVR/trunk/stage/include -Dlinux -D__linux__ -Dunix -Wall -Wno-trigraphs -Wno-strict-aliasing -Wno-format-security -fno-tree-slsr -fno-aggressive-loop-optimizations -Wno-pointer-sign -Wno-unused -ffunction-sections -fdata-sections -D_LARGEFILE64_SOURCE=1 ztest26734.c
Checking for off64_t... Yes.
Checking for fseeko... Yes.

=== ztest26734.c ===
#include <string.h>
#include <errno.h>
int main() { return strlen(strerror(errno)); }
===
/home/runner/work/Padavan-KVR/Padavan-KVR/trunk/../toolchain-mipsel/toolchain-3.4.x/bin/mipsel-linux-uclibc-gcc -mips32r2 -march=mips32r2 -mtune=1004kc -Os -fomit-frame-pointer -pipe -DEMBED -I/home/runner/work/Padavan-KVR/Padavan-KVR/trunk/stage/include -Dlinux -D__linux__ -Dunix -Wall -Wno-trigraphs -Wno-strict-aliasing -Wno-format-security -fno-tree-slsr -fno-aggressive-loop-optimizations -Wno-pointer-sign -Wno-unused -ffunction-sections -fdata-sections -D_LARGEFILE64_SOURCE=1 -o ztest26734 ztest26734.c
Checking for strerror... Yes.

=== ztest26734.c ===
#include <unistd.h>
int main() { return 0; }
===
/home/runner/work/Padavan-KVR/Padavan-KVR/trunk/../toolchain-mipsel/toolchain-3.4.x/bin/mipsel-linux-uclibc-gcc -mips32r2 -march=mips32r2 -mtune=1004kc -c -Os -fomit-frame-pointer -pipe -DEMBED -I/home/runner/work/Padavan-KVR/Padavan-KVR/trunk/stage/include -Dlinux -D__linux__ -Dunix -Wall -Wno-trigraphs -Wno-strict-aliasing -Wno-format-security -fno-tree-slsr -fno-aggressive-loop-optimizations -Wno-pointer-sign -Wno-unused -ffunction-sections -fdata-sections -D_LARGEFILE64_SOURCE=1 ztest26734.c
Checking for unistd.h... Yes.

=== ztest26734.c ===
#include <stdarg.h>
int main() { return 0; }
===
/home/runner/work/Padavan-KVR/Padavan-KVR/trunk/../toolchain-mipsel/toolchain-3.4.x/bin/mipsel-linux-uclibc-gcc -mips32r2 -march=mips32r2 -mtune=1004kc -c -Os -fomit-frame-pointer -pipe -DEMBED -I/home/runner/work/Padavan-KVR/Padavan-KVR/trunk/stage/include -Dlinux -D__linux__ -Dunix -Wall -Wno-trigraphs -Wno-strict-aliasing -Wno-format-security -fno-tree-slsr -fno-aggressive-loop-optimizations -Wno-pointer-sign -Wno-unused -ffunction-sections -fdata-sections -D_LARGEFILE64_SOURCE=1 ztest26734.c
Checking for stdarg.h... Yes.

=== ztest26734.c ===
#include <stdio.h>
#include <stdarg.h>
#include "zconf.h"
int main()
{
#ifndef STDC
  choke me
#endif
  return 0;
}
===
/home/runner/work/Padavan-KVR/Padavan-KVR/trunk/../toolchain-mipsel/toolchain-3.4.x/bin/mipsel-linux-uclibc-gcc -mips32r2 -march=mips32r2 -mtune=1004kc -c -Os -fomit-frame-pointer -pipe -DEMBED -I/home/runner/work/Padavan-KVR/Padavan-KVR/trunk/stage/include -Dlinux -D__linux__ -Dunix -Wall -Wno-trigraphs -Wno-strict-aliasing -Wno-format-security -fno-tree-slsr -fno-aggressive-loop-optimizations -Wno-pointer-sign -Wno-unused -ffunction-sections -fdata-sections -D_LARGEFILE64_SOURCE=1 ztest26734.c
Checking whether to use vs[n]printf() or s[n]printf()... using vs[n]printf().

=== ztest26734.c ===
#include <stdio.h>
#include <stdarg.h>
int mytest(const char *fmt, ...)
{
  char buf[20];
  va_list ap;
  va_start(ap, fmt);
  vsnprintf(buf, sizeof(buf), fmt, ap);
  va_end(ap);
  return 0;
}
int main()
{
  return (mytest("Hello%d\n", 1));
}
===
/home/runner/work/Padavan-KVR/Padavan-KVR/trunk/../toolchain-mipsel/toolchain-3.4.x/bin/mipsel-linux-uclibc-gcc -mips32r2 -march=mips32r2 -mtune=1004kc -Os -fomit-frame-pointer -pipe -DEMBED -I/home/runner/work/Padavan-KVR/Padavan-KVR/trunk/stage/include -Dlinux -D__linux__ -Dunix -Wall -Wno-trigraphs -Wno-strict-aliasing -Wno-format-security -fno-tree-slsr -fno-aggressive-loop-optimizations -Wno-pointer-sign -Wno-unused -ffunction-sections -fdata-sections -D_LARGEFILE64_SOURCE=1 -o ztest26734 ztest26734.c
Checking for vsnprintf() in stdio.h... Yes.

=== ztest26734.c ===
#include <stdio.h>
#include <stdarg.h>
int mytest(const char *fmt, ...)
{
  int n;
  char buf[20];
  va_list ap;
  va_start(ap, fmt);
  n = vsnprintf(buf, sizeof(buf), fmt, ap);
  va_end(ap);
  return n;
}
int main()
{
  return (mytest("Hello%d\n", 1));
}
===
/home/runner/work/Padavan-KVR/Padavan-KVR/trunk/../toolchain-mipsel/toolchain-3.4.x/bin/mipsel-linux-uclibc-gcc -mips32r2 -march=mips32r2 -mtune=1004kc -c -Os -fomit-frame-pointer -pipe -DEMBED -I/home/runner/work/Padavan-KVR/Padavan-KVR/trunk/stage/include -Dlinux -D__linux__ -Dunix -Wall -Wno-trigraphs -Wno-strict-aliasing -Wno-format-security -fno-tree-slsr -fno-aggressive-loop-optimizations -Wno-pointer-sign -Wno-unused -ffunction-sections -fdata-sections -D_LARGEFILE64_SOURCE=1 ztest26734.c
Checking for return value of vsnprintf()... Yes.

=== ztest26734.c ===
#define ZLIB_INTERNAL __attribute__((visibility ("hidden")))
int ZLIB_INTERNAL foo;
int main()
{
  return 0;
}
===
/home/runner/work/Padavan-KVR/Padavan-KVR/trunk/../toolchain-mipsel/toolchain-3.4.x/bin/mipsel-linux-uclibc-gcc -mips32r2 -march=mips32r2 -mtune=1004kc -c -Os -fomit-frame-pointer -pipe -DEMBED -I/home/runner/work/Padavan-KVR/Padavan-KVR/trunk/stage/include -Dlinux -D__linux__ -Dunix -Wall -Wno-trigraphs -Wno-strict-aliasing -Wno-format-security -fno-tree-slsr -fno-aggressive-loop-optimizations -Wno-pointer-sign -Wno-unused -ffunction-sections -fdata-sections -D_LARGEFILE64_SOURCE=1 ztest26734.c
Checking for attribute(visibility) support... Yes.

ALL = static shared all64
AR = /home/runner/work/Padavan-KVR/Padavan-KVR/trunk/../toolchain-mipsel/toolchain-3.4.x/bin/mipsel-linux-uclibc-ar
ARFLAGS = rc
CC = /home/runner/work/Padavan-KVR/Padavan-KVR/trunk/../toolchain-mipsel/toolchain-3.4.x/bin/mipsel-linux-uclibc-gcc -mips32r2 -march=mips32r2 -mtune=1004kc
CFLAGS = -Os -fomit-frame-pointer -pipe -DEMBED -I/home/runner/work/Padavan-KVR/Padavan-KVR/trunk/stage/include -Dlinux -D__linux__ -Dunix -Wall -Wno-trigraphs -Wno-strict-aliasing -Wno-format-security -fno-tree-slsr -fno-aggressive-loop-optimizations -Wno-pointer-sign -Wno-unused -ffunction-sections -fdata-sections -D_LARGEFILE64_SOURCE=1 -DHAVE_HIDDEN
CPP = /home/runner/work/Padavan-KVR/Padavan-KVR/trunk/../toolchain-mipsel/toolchain-3.4.x/bin/mipsel-linux-uclibc-gcc -mips32r2 -march=mips32r2 -mtune=1004kc -E
EXE =
LDCONFIG = ldconfig
LDFLAGS = -L/home/runner/work/Padavan-KVR/Padavan-KVR/trunk/stage/lib -Wl,--gc-sections
LDSHARED = /home/runner/work/Padavan-KVR/Padavan-KVR/trunk/../toolchain-mipsel/toolchain-3.4.x/bin/mipsel-linux-uclibc-gcc -mips32r2 -march=mips32r2 -mtune=1004kc -shared -Wl,-soname,libz.so.1,--version-script,zlib.map
LDSHAREDLIBC = -lc
OBJC = $(OBJZ) $(OBJG)
PIC_OBJC = $(PIC_OBJZ) $(PIC_OBJG)
RANLIB = /home/runner/work/Padavan-KVR/Padavan-KVR/trunk/../toolchain-mipsel/toolchain-3.4.x/bin/mipsel-linux-uclibc-ranlib
SFLAGS = -Os -fomit-frame-pointer -pipe -DEMBED -I/home/runner/work/Padavan-KVR/Padavan-KVR/trunk/stage/include -Dlinux -D__linux__ -Dunix -Wall -Wno-trigraphs -Wno-strict-aliasing -Wno-format-security -fno-tree-slsr -fno-aggressive-loop-optimizations -Wno-pointer-sign -Wno-unused -ffunction-sections -fdata-sections -fPIC -D_LARGEFILE64_SOURCE=1 -DHAVE_HIDDEN
SHAREDLIB = libz.so
SHAREDLIBM = libz.so.1
SHAREDLIBV = libz.so.1.2.11
STATICLIB = libz.a
TEST = all teststatic testshared test64
VER = 1.2.11
Z_U4 =
SRCDIR =
exec_prefix = ${prefix}
includedir = ${prefix}/include
libdir = ${exec_prefix}/lib
mandir = ${prefix}/share/man
prefix = /home/runner/work/Padavan-KVR/Padavan-KVR/trunk/stage
sharedlibdir = ${libdir}
uname = Linux
--------------------


