Archive member included to satisfy reference by file (symbol)

libbb/lib.a(appletlib.o)      /home/runner/work/Padavan-KVR/Padavan-KVR/toolchain-mipsel/toolchain-3.4.x/bin/../mipsel-linux-uclibc/sysroot/usr/lib/crt1.o (main)
libbb/lib.a(compare_string_array.o)
                              libbb/lib.a(appletlib.o) (is_prefixed_with)
libbb/lib.a(default_error_retval.o)
                              libbb/lib.a(appletlib.o) (xfunc_error_retval)
libbb/lib.a(get_last_path_component.o)
                              libbb/lib.a(appletlib.o) (bb_basename)
libbb/lib.a(last_char_is.o)   libbb/lib.a(get_last_path_component.o) (last_char_is)
libbb/lib.a(messages.o)       libbb/lib.a(appletlib.o) (bb_banner)
libbb/lib.a(ptr_to_globals.o)
                              libbb/lib.a(appletlib.o) (bb_errno)
libbb/lib.a(verror_msg.o)     libbb/lib.a(appletlib.o) (bb_simple_error_msg_and_die)
libbb/lib.a(xfunc_die.o)      libbb/lib.a(appletlib.o) (xfunc_die)
libbb/lib.a(xfuncs.o)         libbb/lib.a(appletlib.o) (full_write2_str)
libbb/lib.a(xfuncs_printf.o)  libbb/lib.a(verror_msg.o) (fflush_all)
libbb/lib.a(copyfd.o)         libbb/lib.a(xfuncs_printf.o) (bb_copyfd_eof)
libbb/lib.a(full_write.o)     libbb/lib.a(verror_msg.o) (full_write)
libbb/lib.a(perror_msg.o)     libbb/lib.a(xfuncs_printf.o) (bb_perror_msg)
libbb/lib.a(read.o)           libbb/lib.a(copyfd.o) (safe_read)
libbb/lib.a(safe_write.o)     libbb/lib.a(full_write.o) (safe_write)
libbb/lib.a(signals.o)        libbb/lib.a(xfuncs_printf.o) (kill_myself_with_sig)
libbb/lib.a(time.o)           libbb/lib.a(xfuncs_printf.o) (monotonic_us)
libbb/lib.a(bb_strtonum.o)    libbb/lib.a(time.o) (bb_strtol)
loginutils/lib.a(addgroup.o)  libbb/lib.a(appletlib.o) (addgroup_main)
loginutils/lib.a(adduser.o)   libbb/lib.a(appletlib.o) (adduser_main)
loginutils/lib.a(chpasswd.o)  libbb/lib.a(appletlib.o) (chpasswd_main)
loginutils/lib.a(login.o)     libbb/lib.a(appletlib.o) (login_main)
loginutils/lib.a(passwd.o)    libbb/lib.a(appletlib.o) (passwd_main)
mailutils/lib.a(sendmail.o)   libbb/lib.a(appletlib.o) (sendmail_main)
mailutils/lib.a(mail.o)       mailutils/lib.a(sendmail.o) (launch_helper)
miscutils/lib.a(ascii.o)      libbb/lib.a(appletlib.o) (ascii_main)
miscutils/lib.a(crond.o)      libbb/lib.a(appletlib.o) (crond_main)
miscutils/lib.a(crontab.o)    libbb/lib.a(appletlib.o) (crontab_main)
miscutils/lib.a(microcom.o)   libbb/lib.a(appletlib.o) (microcom_main)
miscutils/lib.a(strings.o)    libbb/lib.a(appletlib.o) (strings_main)
miscutils/lib.a(time.o)       libbb/lib.a(appletlib.o) (time_main)
modutils/lib.a(insmod.o)      libbb/lib.a(appletlib.o) (insmod_main)
modutils/lib.a(lsmod.o)       libbb/lib.a(appletlib.o) (lsmod_main)
modutils/lib.a(modinfo.o)     libbb/lib.a(appletlib.o) (modinfo_main)
modutils/lib.a(modprobe.o)    libbb/lib.a(appletlib.o) (modprobe_main)
modutils/lib.a(modutils.o)    modutils/lib.a(modprobe.o) (replace)
modutils/lib.a(rmmod.o)       libbb/lib.a(appletlib.o) (rmmod_main)
networking/lib.a(arp.o)       libbb/lib.a(appletlib.o) (arp_main)
networking/lib.a(arping.o)    libbb/lib.a(appletlib.o) (arping_main)
networking/lib.a(brctl.o)     libbb/lib.a(appletlib.o) (brctl_main)
networking/lib.a(ether-wake.o)
                              libbb/lib.a(appletlib.o) (ether_wake_main)
networking/lib.a(hostname.o)  libbb/lib.a(appletlib.o) (hostname_main)
networking/lib.a(ifconfig.o)  libbb/lib.a(appletlib.o) (ifconfig_main)
networking/lib.a(inetd.o)     libbb/lib.a(appletlib.o) (inetd_main)
networking/lib.a(interface.o)
                              networking/lib.a(arp.o) (get_aftype)
networking/lib.a(nc.o)        libbb/lib.a(appletlib.o) (nc_main)
networking/lib.a(netstat.o)   libbb/lib.a(appletlib.o) (netstat_main)
networking/lib.a(nslookup.o)  libbb/lib.a(appletlib.o) (nslookup_main)
networking/lib.a(ntpd.o)      libbb/lib.a(appletlib.o) (ntpd_main)
networking/lib.a(ping.o)      libbb/lib.a(appletlib.o) (ping_main)
networking/lib.a(route.o)     networking/lib.a(netstat.o) (bb_displayroutes)
networking/lib.a(telnet.o)    libbb/lib.a(appletlib.o) (telnet_main)
networking/lib.a(telnetd.o)   libbb/lib.a(appletlib.o) (telnetd_main)
networking/lib.a(traceroute.o)
                              libbb/lib.a(appletlib.o) (traceroute_main)
networking/lib.a(vconfig.o)   libbb/lib.a(appletlib.o) (vconfig_main)
networking/lib.a(wget.o)      libbb/lib.a(appletlib.o) (wget_main)
networking/lib.a(zcip.o)      libbb/lib.a(appletlib.o) (zcip_main)
networking/lib.a(parse_pasv_epsv.o)
                              networking/lib.a(wget.o) (parse_pasv_epsv)
networking/lib.a(tls.o)       networking/lib.a(wget.o) (tls_handshake)
networking/lib.a(tls_aes.o)   networking/lib.a(tls.o) (aes_setkey)
networking/lib.a(tls_aesgcm.o)
                              networking/lib.a(tls.o) (aesgcm_GHASH)
networking/lib.a(tls_fe.o)    networking/lib.a(tls.o) (curve_x25519_compute_pubkey_and_premaster)
networking/lib.a(tls_pstm.o)  networking/lib.a(tls.o) (pstm_clear)
[...]
Memory Configuration

Name             Origin             Length             Attributes
*default*        0x0000000000000000 0xffffffffffffffff

Linker script and memory map

LOAD /home/runner/work/Padavan-KVR/Padavan-KVR/toolchain-mipsel/toolchain-3.4.x/bin/../mipsel-linux-uclibc/sysroot/usr/lib/crt1.o
LOAD /home/runner/work/Padavan-KVR/Padavan-KVR/toolchain-mipsel/toolchain-3.4.x/bin/../mipsel-linux-uclibc/sysroot/usr/lib/crti.o
LOAD /home/runner/work/Padavan-KVR/Padavan-KVR/toolchain-mipsel/toolchain-3.4.x/bin/../lib/gcc/mipsel-linux-uclibc/7.4.0/crtbegin.o
START GROUP
LOAD applets/built-in.o
LOAD archival/lib.a
LOAD archival/libarchive/lib.a
LOAD console-tools/lib.a
LOAD coreutils/lib.a
LOAD coreutils/libcoreutils/lib.a
LOAD debianutils/lib.a
LOAD klibc-utils/lib.a
LOAD e2fsprogs/lib.a
LOAD editors/lib.a
LOAD findutils/lib.a
LOAD init/lib.a
LOAD libbb/lib.a
LOAD libpwdgrp/lib.a
LOAD loginutils/lib.a
LOAD mailutils/lib.a
LOAD miscutils/lib.a
LOAD modutils/lib.a
LOAD networking/lib.a
LOAD networking/libiproute/lib.a
LOAD networking/udhcp/lib.a
LOAD printutils/lib.a
LOAD procps/lib.a
LOAD runit/lib.a
LOAD selinux/lib.a
LOAD shell/lib.a
LOAD sysklogd/lib.a
LOAD util-linux/lib.a
LOAD util-linux/volume_id/lib.a
LOAD archival/built-in.o
LOAD archival/libarchive/built-in.o
LOAD console-tools/built-in.o
LOAD coreutils/built-in.o
LOAD coreutils/libcoreutils/built-in.o
LOAD debianutils/built-in.o
LOAD klibc-utils/built-in.o
LOAD e2fsprogs/built-in.o
LOAD editors/built-in.o
LOAD findutils/built-in.o
LOAD init/built-in.o
LOAD libbb/built-in.o
LOAD libpwdgrp/built-in.o
LOAD loginutils/built-in.o
LOAD mailutils/built-in.o
LOAD miscutils/built-in.o
LOAD modutils/built-in.o
LOAD networking/built-in.o
LOAD networking/libiproute/built-in.o
LOAD networking/udhcp/built-in.o
LOAD printutils/built-in.o
LOAD procps/built-in.o
LOAD runit/built-in.o
LOAD selinux/built-in.o
LOAD shell/built-in.o
LOAD sysklogd/built-in.o
LOAD util-linux/built-in.o
LOAD util-linux/volume_id/built-in.o
END GROUP
LOAD /home/runner/work/Padavan-KVR/Padavan-KVR/toolchain-mipsel/toolchain-3.4.x/bin/../lib/gcc/mipsel-linux-uclibc/7.4.0/libgcc.a
LOAD /home/runner/work/Padavan-KVR/Padavan-KVR/toolchain-mipsel/toolchain-3.4.x/bin/../lib/gcc/mipsel-linux-uclibc/7.4.0/../../../../mipsel-linux-uclibc/lib/libgcc_s.so
START GROUP
LOAD /home/runner/work/Padavan-KVR/Padavan-KVR/toolchain-mipsel/toolchain-3.4.x/bin/../lib/gcc/mipsel-linux-uclibc/7.4.0/../../../../mipsel-linux-uclibc/lib/libgcc_s.so.1
LOAD /home/runner/work/Padavan-KVR/Padavan-KVR/toolchain-mipsel/toolchain-3.4.x/bin/../lib/gcc/mipsel-linux-uclibc/7.4.0/libgcc.a
END GROUP
LOAD /home/runner/work/Padavan-KVR/Padavan-KVR/toolchain-mipsel/toolchain-3.4.x/bin/../mipsel-linux-uclibc/sysroot/usr/lib/libc.so
START GROUP
LOAD /home/runner/work/Padavan-KVR/Padavan-KVR/toolchain-mipsel/toolchain-3.4.x/bin/../mipsel-linux-uclibc/sysroot/lib/libc.so.1
LOAD /home/runner/work/Padavan-KVR/Padavan-KVR/toolchain-mipsel/toolchain-3.4.x/bin/../mipsel-linux-uclibc/sysroot/usr/lib/uclibc_nonshared.a
LOAD /home/runner/work/Padavan-KVR/Padavan-KVR/toolchain-mipsel/toolchain-3.4.x/bin/../mipsel-linux-uclibc/sysroot/usr/lib/libpthread_nonshared.a
LOAD /home/runner/work/Padavan-KVR/Padavan-KVR/toolchain-mipsel/toolchain-3.4.x/bin/../mipsel-linux-uclibc/sysroot/lib/ld-uClibc.so.1
END GROUP
LOAD /home/runner/work/Padavan-KVR/Padavan-KVR/toolchain-mipsel/toolchain-3.4.x/bin/../lib/gcc/mipsel-linux-uclibc/7.4.0/libgcc.a
LOAD /home/runner/work/Padavan-KVR/Padavan-KVR/toolchain-mipsel/toolchain-3.4.x/bin/../lib/gcc/mipsel-linux-uclibc/7.4.0/../../../../mipsel-linux-uclibc/lib/libgcc_s.so
START GROUP
LOAD /home/runner/work/Padavan-KVR/Padavan-KVR/toolchain-mipsel/toolchain-3.4.x/bin/../lib/gcc/mipsel-linux-uclibc/7.4.0/../../../../mipsel-linux-uclibc/lib/libgcc_s.so.1
LOAD /home/runner/work/Padavan-KVR/Padavan-KVR/toolchain-mipsel/toolchain-3.4.x/bin/../lib/gcc/mipsel-linux-uclibc/7.4.0/libgcc.a
END GROUP
LOAD /home/runner/work/Padavan-KVR/Padavan-KVR/toolchain-mipsel/toolchain-3.4.x/bin/../lib/gcc/mipsel-linux-uclibc/7.4.0/crtend.o
LOAD /home/runner/work/Padavan-KVR/Padavan-KVR/toolchain-mipsel/toolchain-3.4.x/bin/../mipsel-linux-uclibc/sysroot/usr/lib/crtn.o
                [!provide]                        PROVIDE (__executable_start = SEGMENT_START ("text-segment", 0x400000))
                0x0000000000400134                . = (SEGMENT_START ("text-segment", 0x400000) + SIZEOF_HEADERS)

.interp         0x0000000000400134       0x14
 *(SORT_BY_ALIGNMENT(.interp))
 .interp        0x0000000000400134       0x14 /home/runner/work/Padavan-KVR/Padavan-KVR/toolchain-mipsel/toolchain-3.4.x/bin/../mipsel-linux-uclibc/sysroot/usr/lib/crt1.o

.MIPS.abiflags  0x0000000000400148       0x18
 *(SORT_BY_ALIGNMENT(.MIPS.abiflags))
 .MIPS.abiflags
                0x0000000000400148       0x18 /home/runner/work/Padavan-KVR/Padavan-KVR/toolchain-mipsel/toolchain-3.4.x/bin/../mipsel-linux-uclibc/sysroot/usr/lib/crt1.o

.reginfo
 *(SORT_BY_ALIGNMENT(.reginfo))

.note.gnu.build-id
 *(SORT_BY_ALIGNMENT(.note.gnu.build-id))

.dynamic        0x0000000000400160       0xc8
 *(SORT_BY_ALIGNMENT(.dynamic))
 .dynamic       0x0000000000400160       0xc8 /home/runner/work/Padavan-KVR/Padavan-KVR/toolchain-mipsel/toolchain-3.4.x/bin/../mipsel-linux-uclibc/sysroot/usr/lib/crt1.o
                0x0000000000400160                _DYNAMIC

.hash           0x0000000000400228      0x9e4
 *(SORT_BY_ALIGNMENT(.hash))
 .hash          0x0000000000400228      0x9e4 /home/runner/work/Padavan-KVR/Padavan-KVR/toolchain-mipsel/toolchain-3.4.x/bin/../mipsel-linux-uclibc/sysroot/usr/lib/crt1.o

.gnu.hash
 *(SORT_BY_ALIGNMENT(.gnu.hash))

.dynsym         0x0000000000400c0c     0x1700
 *(SORT_BY_ALIGNMENT(.dynsym))
 .dynsym        0x0000000000400c0c     0x1700 /home/runner/work/Padavan-KVR/Padavan-KVR/toolchain-mipsel/toolchain-3.4.x/bin/../mipsel-linux-uclibc/sysroot/usr/lib/crt1.o

.dynstr         0x000000000040230c      0xd0b
 *(SORT_BY_ALIGNMENT(.dynstr))
 .dynstr        0x000000000040230c      0xd0b /home/runner/work/Padavan-KVR/Padavan-KVR/toolchain-mipsel/toolchain-3.4.x/bin/../mipsel-linux-uclibc/sysroot/usr/lib/crt1.o

.gnu.version    0x0000000000403018        0x0
 *(SORT_BY_ALIGNMENT(.gnu.version))
 .gnu.version   0x0000000000403018        0x0 /home/runner/work/Padavan-KVR/Padavan-KVR/toolchain-mipsel/toolchain-3.4.x/bin/../mipsel-linux-uclibc/sysroot/usr/lib/crt1.o

.gnu.version_d  0x0000000000403018        0x0
 *(SORT_BY_ALIGNMENT(.gnu.version_d))
 .gnu.version_d
                0x0000000000403018        0x0 /home/runner/work/Padavan-KVR/Padavan-KVR/toolchain-mipsel/toolchain-3.4.x/bin/../mipsel-linux-uclibc/sysroot/usr/lib/crt1.o

.gnu.version_r  0x0000000000403018        0x0
 *(SORT_BY_ALIGNMENT(.gnu.version_r))
 .gnu.version_r
                0x0000000000403018        0x0 /home/runner/work/Padavan-KVR/Padavan-KVR/toolchain-mipsel/toolchain-3.4.x/bin/../mipsel-linux-uclibc/sysroot/usr/lib/crt1.o

.rel.dyn        0x0000000000403018        0x0
 *(SORT_BY_ALIGNMENT(.rel.init))
 *(SORT_BY_ALIGNMENT(.rel.text) SORT_BY_ALIGNMENT(.rel.text.*) SORT_BY_ALIGNMENT(.rel.gnu.linkonce.t.*))
 *(SORT_BY_ALIGNMENT(.rel.fini))
 *(SORT_BY_ALIGNMENT(.rel.rodata) SORT_BY_ALIGNMENT(.rel.rodata.*) SORT_BY_ALIGNMENT(.rel.gnu.linkonce.r.*))
 *(SORT_BY_ALIGNMENT(.rel.data.rel.ro) SORT_BY_ALIGNMENT(.rel.data.rel.ro.*) SORT_BY_ALIGNMENT(.rel.gnu.linkonce.d.rel.ro.*))
 .rel.data.rel.ro
                0x0000000000403018        0x0 /home/runner/work/Padavan-KVR/Padavan-KVR/toolchain-mipsel/toolchain-3.4.x/bin/../mipsel-linux-uclibc/sysroot/usr/lib/crt1.o
 *(SORT_BY_ALIGNMENT(.rel.data) SORT_BY_ALIGNMENT(.rel.data.*) SORT_BY_ALIGNMENT(.rel.gnu.linkonce.d.*))
 *(SORT_BY_ALIGNMENT(.rel.tdata) SORT_BY_ALIGNMENT(.rel.tdata.*) SORT_BY_ALIGNMENT(.rel.gnu.linkonce.td.*))
 *(SORT_BY_ALIGNMENT(.rel.tbss) SORT_BY_ALIGNMENT(.rel.tbss.*) SORT_BY_ALIGNMENT(.rel.gnu.linkonce.tb.*))
 *(SORT_BY_ALIGNMENT(.rel.ctors))
 *(SORT_BY_ALIGNMENT(.rel.dtors))
 *(SORT_BY_ALIGNMENT(.rel.got))
 *(SORT_BY_ALIGNMENT(.rel.dyn))
 .rel.dyn       0x0000000000403018        0x0 /home/runner/work/Padavan-KVR/Padavan-KVR/toolchain-mipsel/toolchain-3.4.x/bin/../mipsel-linux-uclibc/sysroot/usr/lib/crt1.o
 *(SORT_BY_ALIGNMENT(.rel.sdata) SORT_BY_ALIGNMENT(.rel.sdata.*) SORT_BY_ALIGNMENT(.rel.gnu.linkonce.s.*))
 *(SORT_BY_ALIGNMENT(.rel.sbss) SORT_BY_ALIGNMENT(.rel.sbss.*) SORT_BY_ALIGNMENT(.rel.gnu.linkonce.sb.*))
 *(SORT_BY_ALIGNMENT(.rel.sdata2) SORT_BY_ALIGNMENT(.rel.sdata2.*) SORT_BY_ALIGNMENT(.rel.gnu.linkonce.s2.*))
 *(SORT_BY_ALIGNMENT(.rel.sbss2) SORT_BY_ALIGNMENT(.rel.sbss2.*) SORT_BY_ALIGNMENT(.rel.gnu.linkonce.sb2.*))
 *(SORT_BY_ALIGNMENT(.rel.bss) SORT_BY_ALIGNMENT(.rel.bss.*) SORT_BY_ALIGNMENT(.rel.gnu.linkonce.b.*))
 .rel.bss       0x0000000000403018        0x0 /home/runner/work/Padavan-KVR/Padavan-KVR/toolchain-mipsel/toolchain-3.4.x/bin/../mipsel-linux-uclibc/sysroot/usr/lib/crt1.o
                [!provide]                        PROVIDE (__rel_iplt_start = .)
 *(SORT_BY_ALIGNMENT(.rel.iplt))
                [!provide]                        PROVIDE (__rel_iplt_end = .)

.rela.dyn       0x0000000000403017        0x0
 *(SORT_BY_ALIGNMENT(.rela.init))
 *(SORT_BY_ALIGNMENT(.rela.text) SORT_BY_ALIGNMENT(.rela.text.*) SORT_BY_ALIGNMENT(.rela.gnu.linkonce.t.*))
 *(SORT_BY_ALIGNMENT(.rela.fini))
 *(SORT_BY_ALIGNMENT(.rela.rodata) SORT_BY_ALIGNMENT(.rela.rodata.*) SORT_BY_ALIGNMENT(.rela.gnu.linkonce.r.*))
 *(SORT_BY_ALIGNMENT(.rela.data) SORT_BY_ALIGNMENT(.rela.data.*) SORT_BY_ALIGNMENT(.rela.gnu.linkonce.d.*))
 *(SORT_BY_ALIGNMENT(.rela.tdata) SORT_BY_ALIGNMENT(.rela.tdata.*) SORT_BY_ALIGNMENT(.rela.gnu.linkonce.td.*))
 *(SORT_BY_ALIGNMENT(.rela.tbss) SORT_BY_ALIGNMENT(.rela.tbss.*) SORT_BY_ALIGNMENT(.rela.gnu.linkonce.tb.*))
 *(SORT_BY_ALIGNMENT(.rela.ctors))
 *(SORT_BY_ALIGNMENT(.rela.dtors))
 *(SORT_BY_ALIGNMENT(.rela.got))
 *(SORT_BY_ALIGNMENT(.rela.sdata) SORT_BY_ALIGNMENT(.rela.sdata.*) SORT_BY_ALIGNMENT(.rela.gnu.linkonce.s.*))
 *(SORT_BY_ALIGNMENT(.rela.sbss) SORT_BY_ALIGNMENT(.rela.sbss.*) SORT_BY_ALIGNMENT(.rela.gnu.linkonce.sb.*))
 *(SORT_BY_ALIGNMENT(.rela.sdata2) SORT_BY_ALIGNMENT(.rela.sdata2.*) SORT_BY_ALIGNMENT(.rela.gnu.linkonce.s2.*))
 *(SORT_BY_ALIGNMENT(.rela.sbss2) SORT_BY_ALIGNMENT(.rela.sbss2.*) SORT_BY_ALIGNMENT(.rela.gnu.linkonce.sb2.*))
 *(SORT_BY_ALIGNMENT(.rela.bss) SORT_BY_ALIGNMENT(.rela.bss.*) SORT_BY_ALIGNMENT(.rela.gnu.linkonce.b.*))
                [!provide]                        PROVIDE (__rela_iplt_start = .)
 *(SORT_BY_ALIGNMENT(.rela.iplt))
                [!provide]                        PROVIDE (__rela_iplt_end = .)

.rel.plt        0x0000000000403018        0x0
 *(SORT_BY_ALIGNMENT(.rel.plt))
 .rel.plt       0x0000000000403018        0x0 /home/runner/work/Padavan-KVR/Padavan-KVR/toolchain-mipsel/toolchain-3.4.x/bin/../mipsel-linux-uclibc/sysroot/usr/lib/crt1.o

.rela.plt
 *(SORT_BY_ALIGNMENT(.rela.plt))

.init           0x0000000000403018       0x6c
 *(SORT_NONE(.init))
 .init          0x0000000000403018       0x1c /home/runner/work/Padavan-KVR/Padavan-KVR/toolchain-mipsel/toolchain-3.4.x/bin/../mipsel-linux-uclibc/sysroot/usr/lib/crti.o
                0x0000000000403018                _init
 .init          0x0000000000403034       0x20 /home/runner/work/Padavan-KVR/Padavan-KVR/toolchain-mipsel/toolchain-3.4.x/bin/../lib/gcc/mipsel-linux-uclibc/7.4.0/crtbegin.o
 .init          0x0000000000403054       0x20 /home/runner/work/Padavan-KVR/Padavan-KVR/toolchain-mipsel/toolchain-3.4.x/bin/../lib/gcc/mipsel-linux-uclibc/7.4.0/crtend.o
 .init          0x0000000000403074       0x10 /home/runner/work/Padavan-KVR/Padavan-KVR/toolchain-mipsel/toolchain-3.4.x/bin/../mipsel-linux-uclibc/sysroot/usr/lib/crtn.o

.text           0x0000000000403090    0x8c200
                0x0000000000403090                _ftext = .
 *(SORT_BY_ALIGNMENT(.text.unlikely) SORT_BY_ALIGNMENT(.text.*_unlikely) SORT_BY_ALIGNMENT(.text.unlikely.*))
 *(SORT_BY_ALIGNMENT(.text.exit) SORT_BY_ALIGNMENT(.text.exit.*))
 *(SORT_BY_ALIGNMENT(.text.startup) SORT_BY_ALIGNMENT(.text.startup.*))
 *(SORT_BY_ALIGNMENT(.text.hot) SORT_BY_ALIGNMENT(.text.hot.*))
 *(SORT_BY_ALIGNMENT(.text) SORT_BY_ALIGNMENT(.stub) SORT_BY_ALIGNMENT(.text.*) SORT_BY_ALIGNMENT(.gnu.linkonce.t.*))
 .text          0x0000000000403090       0x60 /home/runner/work/Padavan-KVR/Padavan-KVR/toolchain-mipsel/toolchain-3.4.x/bin/../mipsel-linux-uclibc/sysroot/usr/lib/crt1.o
                0x0000000000403090                __start
 .text          0x00000000004030f0      0x1a0 /home/runner/work/Padavan-KVR/Padavan-KVR/toolchain-mipsel/toolchain-3.4.x/bin/../lib/gcc/mipsel-linux-uclibc/7.4.0/crtbegin.o
 .text          0x0000000000403290       0x40 /home/runner/work/Padavan-KVR/Padavan-KVR/toolchain-mipsel/toolchain-3.4.x/bin/../lib/gcc/mipsel-linux-uclibc/7.4.0/libgcc.a(_lshrdi3.o)
                0x0000000000403290                __lshrdi3
 .text          0x00000000004032d0       0x40 /home/runner/work/Padavan-KVR/Padavan-KVR/toolchain-mipsel/toolchain-3.4.x/bin/../lib/gcc/mipsel-linux-uclibc/7.4.0/libgcc.a(_ashldi3.o)
                0x00000000004032d0                __ashldi3
 .text          0x0000000000403310       0x80 /home/runner/work/Padavan-KVR/Padavan-KVR/toolchain-mipsel/toolchain-3.4.x/bin/../lib/gcc/mipsel-linux-uclibc/7.4.0/libgcc.a(_fixdfdi.o)
                0x0000000000403310                __fixdfdi
 .text          0x0000000000403390       0xa0 /home/runner/work/Padavan-KVR/Padavan-KVR/toolchain-mipsel/toolchain-3.4.x/bin/../lib/gcc/mipsel-linux-uclibc/7.4.0/libgcc.a(_fixunsdfdi.o)
                0x0000000000403390                __fixunsdfdi
 .text          0x0000000000403430       0x40 /home/runner/work/Padavan-KVR/Padavan-KVR/toolchain-mipsel/toolchain-3.4.x/bin/../lib/gcc/mipsel-linux-uclibc/7.4.0/libgcc.a(_floatdidf.o)
                0x0000000000403430                __floatdidf
 .text          0x0000000000403470       0x50 /home/runner/work/Padavan-KVR/Padavan-KVR/toolchain-mipsel/toolchain-3.4.x/bin/../lib/gcc/mipsel-linux-uclibc/7.4.0/libgcc.a(_floatundidf.o)
                0x0000000000403470                __floatundidf
 .text          0x00000000004034c0      0x450 /home/runner/work/Padavan-KVR/Padavan-KVR/toolchain-mipsel/toolchain-3.4.x/bin/../lib/gcc/mipsel-linux-uclibc/7.4.0/libgcc.a(_moddi3.o)
                0x00000000004034c0                __moddi3
 .text          0x0000000000403910      0x3f0 /home/runner/work/Padavan-KVR/Padavan-KVR/toolchain-mipsel/toolchain-3.4.x/bin/../lib/gcc/mipsel-linux-uclibc/7.4.0/libgcc.a(_udivdi3.o)
                0x0000000000403910                __udivdi3
 .text          0x0000000000403d00      0x400 /home/runner/work/Padavan-KVR/Padavan-KVR/toolchain-mipsel/toolchain-3.4.x/bin/../lib/gcc/mipsel-linux-uclibc/7.4.0/libgcc.a(_umoddi3.o)
                0x0000000000403d00                __umoddi3
 .text          0x0000000000404100       0x50 /home/runner/work/Padavan-KVR/Padavan-KVR/toolchain-mipsel/toolchain-3.4.x/bin/../lib/gcc/mipsel-linux-uclibc/7.4.0/crtend.o
 .text.string_array_len
                0x0000000000404150       0x1c libbb/lib.a(appletlib.o)
                0x0000000000404150                string_array_len
 .text.find_applet_by_name
                0x000000000040416c       0xe8 libbb/lib.a(appletlib.o)
                0x000000000040416c                find_applet_by_name
 .text.bb_show_usage
                0x0000000000404254      0x118 libbb/lib.a(appletlib.o)
                0x0000000000404254                bb_show_usage
 .text.lbb_prepare
                0x000000000040436c       0x44 libbb/lib.a(appletlib.o)
                0x000000000040436c                lbb_prepare
 .text.show_usage_if_dash_dash_help
                0x00000000004043b0       0x80 libbb/lib.a(appletlib.o)
                0x00000000004043b0                show_usage_if_dash_dash_help
 .text.run_applet_no_and_exit
                0x0000000000404430      0x11c libbb/lib.a(appletlib.o)
                0x0000000000404430                run_applet_no_and_exit
 .text.run_applet_and_exit
                0x000000000040454c      0x2b8 libbb/lib.a(appletlib.o)
 .text.main     0x0000000000404804       0xa4 libbb/lib.a(appletlib.o)
                0x0000000000404804                main
 .text.is_prefixed_with
                0x00000000004048a8       0x30 libbb/lib.a(compare_string_array.o)
                0x00000000004048a8                is_prefixed_with
 .text.is_suffixed_with
                0x00000000004048d8       0x84 libbb/lib.a(compare_string_array.o)
                0x00000000004048d8                is_suffixed_with
 .text.index_in_strings
                0x000000000040495c       0x58 libbb/lib.a(compare_string_array.o)
                0x000000000040495c                index_in_strings
 .text.index_in_substrings
                0x00000000004049b4       0xe8 libbb/lib.a(compare_string_array.o)
                0x00000000004049b4                index_in_substrings
 .text.nth_string
                0x0000000000404a9c       0x34 libbb/lib.a(compare_string_array.o)
                0x0000000000404a9c                nth_string
 .text.bb_basename
                0x0000000000404ad0       0x44 libbb/lib.a(get_last_path_component.o)
                0x0000000000404ad0                bb_basename
 .text.bb_get_last_path_component_nostrip
                0x0000000000404b14       0x5c libbb/lib.a(get_last_path_component.o)
                0x0000000000404b14                bb_get_last_path_component_nostrip
 .text.bb_get_last_path_component_strip
                0x0000000000404b70       0x5c libbb/lib.a(get_last_path_component.o)
                0x0000000000404b70                bb_get_last_path_component_strip
 .text.last_char_is
                0x0000000000404bcc       0x38 libbb/lib.a(last_char_is.o)
                0x0000000000404bcc                last_char_is
 .text.bb_verror_msg
                0x0000000000404c04      0x2cc libbb/lib.a(verror_msg.o)
                0x0000000000404c04                bb_verror_msg
 .text.bb_error_msg_and_die
                0x0000000000404ed0       0x34 libbb/lib.a(verror_msg.o)
                0x0000000000404ed0                bb_error_msg_and_die
 .text.bb_error_msg
                0x0000000000404f04       0x30 libbb/lib.a(verror_msg.o)
                0x0000000000404f04                bb_error_msg
 .text.bb_vinfo_msg
                0x0000000000404f34       0x38 libbb/lib.a(verror_msg.o)
                0x0000000000404f34                bb_vinfo_msg
 .text.bb_info_msg
                0x0000000000404f6c       0x2c libbb/lib.a(verror_msg.o)
                0x0000000000404f6c                bb_info_msg
 .text.bb_simple_info_msg
                0x0000000000404f98       0x10 libbb/lib.a(verror_msg.o)
                0x0000000000404f98                bb_simple_info_msg
 .text.bb_simple_error_msg
                0x0000000000404fa8       0x10 libbb/lib.a(verror_msg.o)
                0x0000000000404fa8                bb_simple_error_msg
 .text.bb_simple_error_msg_and_die
                0x0000000000404fb8       0x18 libbb/lib.a(verror_msg.o)
                0x0000000000404fb8                bb_simple_error_msg_and_die
 .text.xfunc_die
                0x0000000000404fd0       0x3c libbb/lib.a(xfunc_die.o)
                0x0000000000404fd0                xfunc_die
 .text.ndelay_on
                0x000000000040500c       0x68 libbb/lib.a(xfuncs.o)
                0x000000000040500c                ndelay_on
 .text.ndelay_off
                0x0000000000405074       0x6c libbb/lib.a(xfuncs.o)
                0x0000000000405074                ndelay_off
 .text.close_on_exec_on
                0x00000000004050e0       0x18 libbb/lib.a(xfuncs.o)
                0x00000000004050e0                close_on_exec_on
 .text.strncpy_IFNAMSIZ
                0x00000000004050f8       0x14 libbb/lib.a(xfuncs.o)
                0x00000000004050f8                strncpy_IFNAMSIZ
 .text.utoa_to_buf
                0x000000000040510c       0x74 libbb/lib.a(xfuncs.o)
                0x000000000040510c                utoa_to_buf
 .text.itoa_to_buf
                0x0000000000405180       0x34 libbb/lib.a(xfuncs.o)
                0x0000000000405180                itoa_to_buf
 .text.utoa     0x00000000004051b4       0x2c libbb/lib.a(xfuncs.o)
                0x00000000004051b4                utoa
 .text.itoa     0x00000000004051e0       0x2c libbb/lib.a(xfuncs.o)
                0x00000000004051e0                itoa
 .text.bin2hex  0x000000000040520c       0x58 libbb/lib.a(xfuncs.o)
                0x000000000040520c                bin2hex
 .text.hex2bin  0x0000000000405264       0xf0 libbb/lib.a(xfuncs.o)
                0x0000000000405264                hex2bin
 .text.bb_putchar_stderr
                0x0000000000405354       0x38 libbb/lib.a(xfuncs.o)
                0x0000000000405354                bb_putchar_stderr
 .text.full_write1_str
                0x000000000040538c       0x4c libbb/lib.a(xfuncs.o)
                0x000000000040538c                full_write1_str
 .text.full_write2_str
                0x00000000004053d8       0x4c libbb/lib.a(xfuncs.o)
                0x00000000004053d8                full_write2_str
 .text.get_terminal_width_height
                0x0000000000405424      0x1b0 libbb/lib.a(xfuncs.o)
                0x0000000000405424                get_terminal_width_height
 .text.get_terminal_width
                0x00000000004055d4       0x24 libbb/lib.a(xfuncs.o)
                0x00000000004055d4                get_terminal_width
 .text.is_TERM_dumb
                0x00000000004055f8       0x54 libbb/lib.a(xfuncs.o)
                0x00000000004055f8                is_TERM_dumb
 .text.tcsetattr_stdin_TCSANOW
                0x000000000040564c       0x1c libbb/lib.a(xfuncs.o)
                0x000000000040564c                tcsetattr_stdin_TCSANOW
 .text.get_termios_and_make_raw
                0x0000000000405668      0x110 libbb/lib.a(xfuncs.o)
                0x0000000000405668                get_termios_and_make_raw
 .text.set_termios_to_raw
                0x0000000000405778       0x60 libbb/lib.a(xfuncs.o)
                0x0000000000405778                set_termios_to_raw
 .text.safe_waitpid
                0x00000000004057d8       0x94 libbb/lib.a(xfuncs.o)
                0x00000000004057d8                safe_waitpid
 .text.wait_any_nohang
                0x000000000040586c       0x10 libbb/lib.a(xfuncs.o)
                0x000000000040586c                wait_any_nohang
 .text.wait4pid
                0x000000000040587c       0x6c libbb/lib.a(xfuncs.o)
                0x000000000040587c                wait4pid
 .text.bb_die_memory_exhausted
                0x00000000004058e8       0x1c libbb/lib.a(xfuncs_printf.o)
                0x00000000004058e8                bb_die_memory_exhausted
 .text.malloc_or_warn
                0x0000000000405904       0x5c libbb/lib.a(xfuncs_printf.o)
                0x0000000000405904                malloc_or_warn
 .text.xmalloc  0x0000000000405960       0x48 libbb/lib.a(xfuncs_printf.o)
                0x0000000000405960                xmalloc
 .text.xrealloc
                0x00000000004059a8       0x48 libbb/lib.a(xfuncs_printf.o)
                0x00000000004059a8                xrealloc
 .text.xzalloc  0x00000000004059f0       0x48 libbb/lib.a(xfuncs_printf.o)
                0x00000000004059f0                xzalloc
 .text.xstrdup  0x0000000000405a38       0x44 libbb/lib.a(xfuncs_printf.o)
                0x0000000000405a38                xstrdup
 .text.xstrndup
                0x0000000000405a7c       0x38 libbb/lib.a(xfuncs_printf.o)
                0x0000000000405a7c                xstrndup
 .text.xmemdup  0x0000000000405ab4       0x54 libbb/lib.a(xfuncs_printf.o)
                0x0000000000405ab4                xmemdup
 .text.mmap_anon
                0x0000000000405b08       0x50 libbb/lib.a(xfuncs_printf.o)
                0x0000000000405b08                mmap_anon
 .text.xmmap_anon
                0x0000000000405b58       0x2c libbb/lib.a(xfuncs_printf.o)
                0x0000000000405b58                xmmap_anon
 .text.xfopen   0x0000000000405b84       0x50 libbb/lib.a(xfuncs_printf.o)
                0x0000000000405b84                xfopen
 .text.xopen3   0x0000000000405bd4       0x50 libbb/lib.a(xfuncs_printf.o)
                0x0000000000405bd4                xopen3
 .text.xopen    0x0000000000405c24        0x8 libbb/lib.a(xfuncs_printf.o)
                0x0000000000405c24                xopen
 .text.open3_or_warn
                0x0000000000405c2c       0x58 libbb/lib.a(xfuncs_printf.o)
                0x0000000000405c2c                open3_or_warn
 .text.open_or_warn
                0x0000000000405c84        0x8 libbb/lib.a(xfuncs_printf.o)
                0x0000000000405c84                open_or_warn
 .text.xopen_nonblocking
                0x0000000000405c8c        0x8 libbb/lib.a(xfuncs_printf.o)
                0x0000000000405c8c                xopen_nonblocking
 .text.xunlink  0x0000000000405c94       0x50 libbb/lib.a(xfuncs_printf.o)
                0x0000000000405c94                xunlink
 .text.xrename  0x0000000000405ce4       0x60 libbb/lib.a(xfuncs_printf.o)
                0x0000000000405ce4                xrename
 .text.xpipe    0x0000000000405d44       0x44 libbb/lib.a(xfuncs_printf.o)
                0x0000000000405d44                xpipe
 .text.xdup2    0x0000000000405d88       0x4c libbb/lib.a(xfuncs_printf.o)
                0x0000000000405d88                xdup2
 .text.xmove_fd
                0x0000000000405dd4       0x48 libbb/lib.a(xfuncs_printf.o)
                0x0000000000405dd4                xmove_fd
 .text.xwrite   0x0000000000405e1c       0x64 libbb/lib.a(xfuncs_printf.o)
                0x0000000000405e1c                xwrite
 .text.xwrite_str
                0x0000000000405e80       0x4c libbb/lib.a(xfuncs_printf.o)
                0x0000000000405e80                xwrite_str
 .text.xclose   0x0000000000405ecc       0x44 libbb/lib.a(xfuncs_printf.o)
                0x0000000000405ecc                xclose
 .text.xlseek   0x0000000000405f10       0x7c libbb/lib.a(xfuncs_printf.o)
                0x0000000000405f10                xlseek
 .text.xmkstemp
                0x0000000000405f8c       0x50 libbb/lib.a(xfuncs_printf.o)
                0x0000000000405f8c                xmkstemp
 .text.die_if_ferror
                0x0000000000405fdc       0x30 libbb/lib.a(xfuncs_printf.o)
                0x0000000000405fdc                die_if_ferror
 .text.die_if_ferror_stdout
                0x000000000040600c       0x1c libbb/lib.a(xfuncs_printf.o)
                0x000000000040600c                die_if_ferror_stdout
 .text.fflush_all
                0x0000000000406028       0x14 libbb/lib.a(xfuncs_printf.o)
                0x0000000000406028                fflush_all
 .text.bb_putchar
                0x000000000040603c       0x44 libbb/lib.a(xfuncs_printf.o)
                0x000000000040603c                bb_putchar
 .text.fputs_stdout
                0x0000000000406080       0x18 libbb/lib.a(xfuncs_printf.o)
                0x0000000000406080                fputs_stdout
 .text.xasprintf
                0x0000000000406098       0x54 libbb/lib.a(xfuncs_printf.o)
                0x0000000000406098                xasprintf
 .text.xsetenv  0x00000000004060ec       0x38 libbb/lib.a(xfuncs_printf.o)
                0x00000000004060ec                xsetenv
 .text.bb_unsetenv
                0x0000000000406124       0xac libbb/lib.a(xfuncs_printf.o)
                0x0000000000406124                bb_unsetenv
 .text.bb_unsetenv_and_free
                0x00000000004061d0       0x3c libbb/lib.a(xfuncs_printf.o)
                0x00000000004061d0                bb_unsetenv_and_free
 .text.xsetgid  0x000000000040620c       0x44 libbb/lib.a(xfuncs_printf.o)
                0x000000000040620c                xsetgid
 .text.xsetuid  0x0000000000406250       0x44 libbb/lib.a(xfuncs_printf.o)
                0x0000000000406250                xsetuid
 .text.xsetegid
                0x0000000000406294       0x44 libbb/lib.a(xfuncs_printf.o)
                0x0000000000406294                xsetegid
 .text.xseteuid
                0x00000000004062d8       0x44 libbb/lib.a(xfuncs_printf.o)
                0x00000000004062d8                xseteuid
 .text.xopen_as_uid_gid
                0x000000000040631c       0xa8 libbb/lib.a(xfuncs_printf.o)
                0x000000000040631c                xopen_as_uid_gid
 .text.xchdir   0x00000000004063c4       0x50 libbb/lib.a(xfuncs_printf.o)
                0x00000000004063c4                xchdir
 .text.xfchdir  0x0000000000406414       0x44 libbb/lib.a(xfuncs_printf.o)
                0x0000000000406414                xfchdir
 .text.xchroot  0x0000000000406458       0x5c libbb/lib.a(xfuncs_printf.o)
                0x0000000000406458                xchroot
 .text.warn_opendir
                0x00000000004064b4       0x58 libbb/lib.a(xfuncs_printf.o)
                0x00000000004064b4                warn_opendir
 .text.xopendir
                0x000000000040650c       0x50 libbb/lib.a(xfuncs_printf.o)
                0x000000000040650c                xopendir
 .text.xsocket  0x000000000040655c       0x44 libbb/lib.a(xfuncs_printf.o)
                0x000000000040655c                xsocket
 .text.xbind    0x00000000004065a0       0x44 libbb/lib.a(xfuncs_printf.o)
                0x00000000004065a0                xbind
 .text.xlisten  0x00000000004065e4       0x44 libbb/lib.a(xfuncs_printf.o)
                0x00000000004065e4                xlisten
 .text.xsendto  0x0000000000406628       0x50 libbb/lib.a(xfuncs_printf.o)
                0x0000000000406628                xsendto
 .text.xstat    0x0000000000406678       0x50 libbb/lib.a(xfuncs_printf.o)
                0x0000000000406678                xstat
 .text.xfstat   0x00000000004066c8       0x48 libbb/lib.a(xfuncs_printf.o)
                0x00000000004066c8                xfstat
 .text.ioctl_or_perror_and_die
                0x0000000000406710       0x88 libbb/lib.a(xfuncs_printf.o)
                0x0000000000406710                ioctl_or_perror_and_die
 .text.ioctl_or_perror
                0x0000000000406798       0x88 libbb/lib.a(xfuncs_printf.o)
                0x0000000000406798                ioctl_or_perror
 .text.bb_ioctl_or_warn
                0x0000000000406820       0x50 libbb/lib.a(xfuncs_printf.o)
                0x0000000000406820                bb_ioctl_or_warn
 .text.bb_xioctl
                0x0000000000406870       0x48 libbb/lib.a(xfuncs_printf.o)
                0x0000000000406870                bb_xioctl
 .text.xmalloc_ttyname
                0x00000000004068b8       0x54 libbb/lib.a(xfuncs_printf.o)
                0x00000000004068b8                xmalloc_ttyname
 .text.xfork    0x000000000040690c       0x44 libbb/lib.a(xfuncs_printf.o)
                0x000000000040690c                xfork
 .text.xsettimeofday
                0x0000000000406950       0x44 libbb/lib.a(xfuncs_printf.o)
                0x0000000000406950                xsettimeofday
 .text.xgettimeofday
                0x0000000000406994       0x14 libbb/lib.a(xfuncs_printf.o)
                0x0000000000406994                xgettimeofday
 .text.bb_full_fd_action
                0x00000000004069a8      0x240 libbb/lib.a(copyfd.o)
 .text.bb_copyfd_size
                0x0000000000406be8       0x20 libbb/lib.a(copyfd.o)
                0x0000000000406be8                bb_copyfd_size
 .text.bb_copyfd_exact_size
                0x0000000000406c08       0x84 libbb/lib.a(copyfd.o)
                0x0000000000406c08                bb_copyfd_exact_size
 .text.bb_copyfd_eof
                0x0000000000406c8c        0xc libbb/lib.a(copyfd.o)
                0x0000000000406c8c                bb_copyfd_eof
 .text.full_write
                0x0000000000406c98       0x88 libbb/lib.a(full_write.o)
                0x0000000000406c98                full_write
 .text.bb_perror_msg
                0x0000000000406d20       0x80 libbb/lib.a(perror_msg.o)
                0x0000000000406d20                bb_perror_msg
 .text.bb_perror_msg_and_die
                0x0000000000406da0       0x7c libbb/lib.a(perror_msg.o)
                0x0000000000406da0                bb_perror_msg_and_die
 .text.bb_simple_perror_msg
                0x0000000000406e1c       0x10 libbb/lib.a(perror_msg.o)
                0x0000000000406e1c                bb_simple_perror_msg
 .text.bb_simple_perror_msg_and_die
                0x0000000000406e2c       0x18 libbb/lib.a(perror_msg.o)
                0x0000000000406e2c                bb_simple_perror_msg_and_die
 .text.safe_read
                0x0000000000406e44       0x90 libbb/lib.a(read.o)
                0x0000000000406e44                safe_read
 .text.full_read
                0x0000000000406ed4       0x7c libbb/lib.a(read.o)
                0x0000000000406ed4                full_read
 .text.read_close
                0x0000000000406f50       0x50 libbb/lib.a(read.o)
                0x0000000000406f50                read_close
 .text.open_read_close
                0x0000000000406fa0       0x60 libbb/lib.a(read.o)
                0x0000000000406fa0                open_read_close
 .text.safe_write
                0x0000000000407000       0x90 libbb/lib.a(safe_write.o)
                0x0000000000407000                safe_write
 .text.record_signo
                0x0000000000407090        0xc libbb/lib.a(signals.o)
                0x0000000000407090                record_signo
 .text.sigaction_set
                0x000000000040709c       0x14 libbb/lib.a(signals.o)
                0x000000000040709c                sigaction_set
 .text.sigprocmask_allsigs
                0x00000000004070b0       0x44 libbb/lib.a(signals.o)
                0x00000000004070b0                sigprocmask_allsigs
 .text.sigprocmask2
                0x00000000004070f4       0x14 libbb/lib.a(signals.o)
                0x00000000004070f4                sigprocmask2
 .text.bb_signals
                0x0000000000407108       0x80 libbb/lib.a(signals.o)
                0x0000000000407108                bb_signals
 .text.bb_signals_norestart
                0x0000000000407188       0x88 libbb/lib.a(signals.o)
                0x0000000000407188                bb_signals_norestart
 .text.sig_unblock
                0x0000000000407210       0x64 libbb/lib.a(signals.o)
                0x0000000000407210                sig_unblock
 .text.kill_myself_with_sig
                0x0000000000407274       0x50 libbb/lib.a(signals.o)
                0x0000000000407274                kill_myself_with_sig
 .text.signal_SA_RESTART_empty_mask
                0x00000000004072c4       0x3c libbb/lib.a(signals.o)
                0x00000000004072c4                signal_SA_RESTART_empty_mask
 .text.signal_no_SA_RESTART_empty_mask
                0x0000000000407300       0x38 libbb/lib.a(signals.o)
                0x0000000000407300                signal_no_SA_RESTART_empty_mask
 .text.get_mono
                0x0000000000407338       0x48 libbb/lib.a(time.o)
 .text.parse_datestr
                0x0000000000407380      0x5b4 libbb/lib.a(time.o)
                0x0000000000407380                parse_datestr
 .text.validate_tm_time
                0x0000000000407934       0x58 libbb/lib.a(time.o)
                0x0000000000407934                validate_tm_time
 .text.strftime_HHMMSS
                0x000000000040798c       0x90 libbb/lib.a(time.o)
                0x000000000040798c                strftime_HHMMSS
 .text.strftime_YYYYMMDDHHMMSS
                0x0000000000407a1c       0x90 libbb/lib.a(time.o)
                0x0000000000407a1c                strftime_YYYYMMDDHHMMSS
 .text.monotonic_us
                0x0000000000407aac       0x58 libbb/lib.a(time.o)
                0x0000000000407aac                monotonic_us
 .text.monotonic_ms
                0x0000000000407b04       0x58 libbb/lib.a(time.o)
                0x0000000000407b04                monotonic_ms
 .text.monotonic_sec
                0x0000000000407b5c       0x20 libbb/lib.a(time.o)
                0x0000000000407b5c                monotonic_sec
 .text.handle_errors.isra.0
                0x0000000000407b7c       0x68 libbb/lib.a(bb_strtonum.o)
 .text.bb_strtoull
                0x0000000000407be4       0xa8 libbb/lib.a(bb_strtonum.o)
                0x0000000000407be4                bb_strtoull
 .text.bb_strtoll
                0x0000000000407c8c       0xa8 libbb/lib.a(bb_strtonum.o)
                0x0000000000407c8c                bb_strtoll
 .text.bb_strtoul
                0x0000000000407d34       0xa4 libbb/lib.a(bb_strtonum.o)
                0x0000000000407d34                bb_strtoul
 .text.bb_strtol
                0x0000000000407dd8       0xa4 libbb/lib.a(bb_strtonum.o)
                0x0000000000407dd8                bb_strtol
 .text.addgroup_main
                0x0000000000407e7c      0x2d4 loginutils/lib.a(addgroup.o)
                0x0000000000407e7c                addgroup_main
 .text.addgroup_wrapper
                0x0000000000408150       0x98 loginutils/lib.a(adduser.o)
 .text.adduser_main
                0x00000000004081e8      0x538 loginutils/lib.a(adduser.o)
                0x00000000004081e8                adduser_main
 .text.chpasswd_main
                0x0000000000408720      0x2a8 loginutils/lib.a(chpasswd.o)
                0x0000000000408720                chpasswd_main
 .text.alarm_handler
                0x00000000004089c8       0x8c loginutils/lib.a(login.o)
 .text.login_main
                0x0000000000408a54      0x56c loginutils/lib.a(login.o)
                0x0000000000408a54                login_main
 .text.passwd_main
                0x0000000000408fc0      0x5d0 loginutils/lib.a(passwd.o)
                0x0000000000408fc0                passwd_main
 .text.smtp_checkp
                0x0000000000409590      0x17c mailutils/lib.a(sendmail.o)
 .text.rcptto   0x000000000040970c       0x6c mailutils/lib.a(sendmail.o)
 .text.smtp_check
                0x0000000000409778        0xc mailutils/lib.a(sendmail.o)
 .text.sane_address
                0x0000000000409784       0xb8 mailutils/lib.a(sendmail.o)
 .text.angle_address
                0x000000000040983c       0x7c mailutils/lib.a(sendmail.o)
 .text.rcptto_list
                0x00000000004098b8      0x100 mailutils/lib.a(sendmail.o)
 .text.sendmail_main
                0x00000000004099b8      0x824 mailutils/lib.a(sendmail.o)
                0x00000000004099b8                sendmail_main
 .text.signal_handler
                0x000000000040a1dc       0xb0 mailutils/lib.a(mail.o)
 .text.encode_n_base64
                0x000000000040a28c      0x1bc mailutils/lib.a(mail.o)
 .text.launch_helper
                0x000000000040a448      0x16c mailutils/lib.a(mail.o)
                0x000000000040a448                launch_helper
 .text.send_r_n
                0x000000000040a5b4       0x68 mailutils/lib.a(mail.o)
                0x000000000040a5b4                send_r_n
 .text.send_mail_command
                0x000000000040a61c       0x80 mailutils/lib.a(mail.o)
                0x000000000040a61c                send_mail_command
 .text.printstr_base64
                0x000000000040a69c       0x44 mailutils/lib.a(mail.o)
                0x000000000040a69c                printstr_base64
 .text.printbuf_base64
                0x000000000040a6e0       0x10 mailutils/lib.a(mail.o)
                0x000000000040a6e0                printbuf_base64
 .text.get_cred_or_die
                0x000000000040a6f0       0xf4 mailutils/lib.a(mail.o)
                0x000000000040a6f0                get_cred_or_die
 .text.ascii_main
                0x000000000040a7e4      0x13c miscutils/lib.a(ascii.o)
                0x000000000040a7e4                ascii_main
 .text.log8     0x000000000040a920       0x58 miscutils/lib.a(crond.o)
 .text.reopen_logfile_to_stderr
                0x000000000040a978       0x64 miscutils/lib.a(crond.o)
 .text.delete_cronfile
                0x000000000040a9dc      0x110 miscutils/lib.a(crond.o)
 .text.ParseField
                0x000000000040aaec      0x2b8 miscutils/lib.a(crond.o)
 .text.safe_setenv
                0x000000000040ada4       0x74 miscutils/lib.a(crond.o)
 .text.log7.constprop.1
                0x000000000040ae18       0x5c miscutils/lib.a(crond.o)
 .text.log5     0x000000000040ae74       0x58 miscutils/lib.a(crond.o)
 .text.load_crontab
                0x000000000040aecc      0x484 miscutils/lib.a(crond.o)
 .text.rescan_crontab_dir
                0x000000000040b350      0x104 miscutils/lib.a(crond.o)
 .text.fork_job
                0x000000000040b454      0x2ac miscutils/lib.a(crond.o)
 .text.crond_main
                0x000000000040b700      0x7f0 miscutils/lib.a(crond.o)
                0x000000000040b700                crond_main
 .text.edit_file
                0x000000000040bef0      0x100 miscutils/lib.a(crontab.o)
 .text.crontab_main
                0x000000000040bff0      0x420 miscutils/lib.a(crontab.o)
                0x000000000040bff0                crontab_main
 .text.microcom_main
                0x000000000040c410      0x458 miscutils/lib.a(microcom.o)
                0x000000000040c410                microcom_main
 .text.strings_main
                0x000000000040c868      0x2dc miscutils/lib.a(strings.o)
                0x000000000040c868                strings_main
 .text.ptok     0x000000000040cb44       0x38 miscutils/lib.a(time.o)
 .text.run_command
                0x000000000040cb7c      0x194 miscutils/lib.a(time.o)
 .text.time_main
                0x000000000040cd10      0x5f0 miscutils/lib.a(time.o)
                0x000000000040cd10                time_main
 .text.insmod_main
                0x000000000040d300      0x1f8 modutils/lib.a(insmod.o)
                0x000000000040d300                insmod_main
 .text.lsmod_main
                0x000000000040d4f8      0x19c modutils/lib.a(lsmod.o)
                0x000000000040d4f8                lsmod_main
 .text.display  0x000000000040d694       0xc0 modutils/lib.a(modinfo.o)
 .text.modinfo  0x000000000040d754      0x28c modutils/lib.a(modinfo.o)
 .text.modinfo_main
                0x000000000040d9e0      0x200 modutils/lib.a(modinfo.o)
                0x000000000040d9e0                modinfo_main
 .text.read_config
                0x000000000040dbe0       0x34 modutils/lib.a(modprobe.o)
 .text.gather_options_str
                0x000000000040dc14       0xc8 modutils/lib.a(modprobe.o)
 .text.get_or_add_modentry
                0x000000000040dcdc       0x1c modutils/lib.a(modprobe.o)
 .text.add_probe
                0x000000000040dcf8       0x78 modutils/lib.a(modprobe.o)
 .text.config_file_action
                0x000000000040dd70      0x2a4 modutils/lib.a(modprobe.o)
 .text.do_modprobe
                0x000000000040e014      0x3fc modutils/lib.a(modprobe.o)
 .text.modprobe_main
                0x000000000040e410      0x600 modutils/lib.a(modprobe.o)
                0x000000000040e410                modprobe_main
 .text.replace  0x000000000040ea10       0x24 modutils/lib.a(modutils.o)
                0x000000000040ea10                replace
 .text.string_to_llist
                0x000000000040ea34       0xd0 modutils/lib.a(modutils.o)
                0x000000000040ea34                string_to_llist
 .text.filename2modname
                0x000000000040eb04       0x90 modutils/lib.a(modutils.o)
                0x000000000040eb04                filename2modname
 .text.helper_get_module
                0x000000000040eb94       0xfc modutils/lib.a(modutils.o)
 .text.moddb_get
                0x000000000040ec90        0x8 modutils/lib.a(modutils.o)
                0x000000000040ec90                moddb_get
 .text.moddb_get_or_create
                0x000000000040ec98        0x8 modutils/lib.a(modutils.o)
                0x000000000040ec98                moddb_get_or_create
 .text.parse_cmdline_module_options
                0x000000000040eca0      0x148 modutils/lib.a(modutils.o)
                0x000000000040eca0                parse_cmdline_module_options
 .text.bb_init_module
                0x000000000040ede8       0xc4 modutils/lib.a(modutils.o)
                0x000000000040ede8                bb_init_module
 .text.bb_delete_module
                0x000000000040eeac       0x4c modutils/lib.a(modutils.o)
                0x000000000040eeac                bb_delete_module
 .text.moderror
                0x000000000040eef8       0x8c modutils/lib.a(modutils.o)
                0x000000000040eef8                moderror
 .text.rmmod_main
                0x000000000040ef84      0x160 modutils/lib.a(rmmod.o)
                0x000000000040ef84                rmmod_main
 .text.arp_show
                0x000000000040f0e4      0x404 networking/lib.a(arp.o)
 .text.arp_main
                0x000000000040f4e8      0x798 networking/lib.a(arp.o)
                0x000000000040f4e8                arp_main
 .text.finish   0x000000000040fc80       0xac networking/lib.a(arping.o)
 .text.catcher  0x000000000040fd2c      0x21c networking/lib.a(arping.o)
 .text.arping_main
                0x000000000040ff48      0x95c networking/lib.a(arping.o)
                0x000000000040ff48                arping_main
 .text.read_file
                0x00000000004108a4       0x74 networking/lib.a(brctl.o)
 .text.show_bridge
                0x0000000000410918      0x23c networking/lib.a(brctl.o)
 .text.compare_fdbs
                0x0000000000410b54       0x14 networking/lib.a(brctl.o)
 .text.printf_xstrtou
                0x0000000000410b68       0x50 networking/lib.a(brctl.o)
 .text.show_bridge_timer
                0x0000000000410bb8       0xb8 networking/lib.a(brctl.o)
 .text.write_uint
                0x0000000000410c70       0xc0 networking/lib.a(brctl.o)
 .text.brctl_main
                0x0000000000410d30      0xd20 networking/lib.a(brctl.o)
                0x0000000000410d30                brctl_main
 .text.ether_wake_main
                0x0000000000411a50      0x3a8 networking/lib.a(ether-wake.o)
                0x0000000000411a50                ether_wake_main
 .text.do_sethostname
                0x0000000000411df8       0xe0 networking/lib.a(hostname.o)
 .text.hostname_main
                0x0000000000411ed8      0x204 networking/lib.a(hostname.o)
                0x0000000000411ed8                hostname_main
 .text.ifconfig_main
                0x00000000004120dc      0x610 networking/lib.a(ifconfig.o)
                0x00000000004120dc                ifconfig_main
 .text.remove_fd_from_set
                0x00000000004126ec       0x50 networking/lib.a(inetd.o)
 .text.init_ring
                0x000000000041273c       0x4c networking/lib.a(inetd.o)
 .text.discard_dg
                0x0000000000412788       0x20 networking/lib.a(inetd.o)
 .text.maybe_close
                0x00000000004127a8       0x20 networking/lib.a(inetd.o)
 .text.free_servtab_strings
                0x00000000004127c8       0xc4 networking/lib.a(inetd.o)
 .text.bump_nofile
                0x000000000041288c      0x13c networking/lib.a(inetd.o)
 .text.add_fd_to_set
                0x00000000004129c8       0xb0 networking/lib.a(inetd.o)
 .text.clean_up_and_exit
                0x0000000000412a78       0x88 networking/lib.a(inetd.o)
 .text.reap_child
                0x0000000000412b00      0x124 networking/lib.a(inetd.o)
 .text.daytime_dg
                0x0000000000412c24      0x114 networking/lib.a(inetd.o)
 .text.daytime_stream
                0x0000000000412d38       0x70 networking/lib.a(inetd.o)
 .text.machtime
                0x0000000000412da8       0x3c networking/lib.a(inetd.o)
 .text.machtime_dg
                0x0000000000412de4       0xcc networking/lib.a(inetd.o)
 .text.machtime_stream
                0x0000000000412eb0       0x38 networking/lib.a(inetd.o)
 .text.discard_stream
                0x0000000000412ee8       0x64 networking/lib.a(inetd.o)
 .text.echo_stream
                0x0000000000412f4c       0x90 networking/lib.a(inetd.o)
 .text.echo_dg  0x0000000000412fdc       0xf0 networking/lib.a(inetd.o)
 .text.xzalloc_lsa
                0x00000000004130cc       0x60 networking/lib.a(inetd.o)
 .text.block_CHLD_HUP_ALRM
                0x000000000041312c       0x84 networking/lib.a(inetd.o)
 .text.rearm_alarm
                0x00000000004131b0       0x30 networking/lib.a(inetd.o)
 .text.prepare_socket_fd
                0x00000000004131e0      0x140 networking/lib.a(inetd.o)
 .text.retry_network_setup
                0x0000000000413320       0x84 networking/lib.a(inetd.o)
 .text.restore_sigmask
                0x00000000004133a4       0x1c networking/lib.a(inetd.o)
 .text.chargen_dg
                0x00000000004133c0      0x194 networking/lib.a(inetd.o)
 .text.chargen_stream
                0x0000000000413554       0xf0 networking/lib.a(inetd.o)
 .text.parse_one_line
                0x0000000000413644      0x66c networking/lib.a(inetd.o)
 .text.reread_config_file
                0x0000000000413cb0      0x544 networking/lib.a(inetd.o)
 .text.inetd_main
                0x00000000004141f4      0xb8c networking/lib.a(inetd.o)
                0x00000000004141f4                inetd_main
 .text.UNSPEC_print
                0x0000000000414d80       0xb0 networking/lib.a(interface.o)
 .text.UNSPEC_sprint
                0x0000000000414e30       0x2c networking/lib.a(interface.o)
 .text.INET6_input
                0x0000000000414e5c       0x10 networking/lib.a(interface.o)
 .text.INET6_sprint
                0x0000000000414e6c       0x54 networking/lib.a(interface.o)
 .text.INET_input
                0x0000000000414ec0       0x10 networking/lib.a(interface.o)
 .text.INET_sprint
                0x0000000000414ed0       0x54 networking/lib.a(interface.o)
 .text.ether_print
                0x0000000000414f24       0x58 networking/lib.a(interface.o)
 .text.add_interface
                0x0000000000414f7c       0xd0 networking/lib.a(interface.o)
 .text.if_readlist_proc
                0x000000000041504c      0x2e0 networking/lib.a(interface.o)
 .text.print_bytes_scaled
                0x000000000041532c       0xa0 networking/lib.a(interface.o)
 .text.get_aftype
                0x00000000004153cc       0x70 networking/lib.a(interface.o)
                0x00000000004153cc                get_aftype
 .text.get_hwtype
                0x000000000041543c       0x70 networking/lib.a(interface.o)
                0x000000000041543c                get_hwtype
 .text.get_hwntype
                0x00000000004154ac       0x2c networking/lib.a(interface.o)
                0x00000000004154ac                get_hwntype
 .text.do_if_print
                0x00000000004154d8      0xb50 networking/lib.a(interface.o)
 .text.display_interfaces
                0x0000000000416028      0x1b4 networking/lib.a(interface.o)
                0x0000000000416028                display_interfaces
 .text.timeout  0x00000000004161dc       0x1c networking/lib.a(nc.o)
 .text.nc_main  0x00000000004161f8      0x57c networking/lib.a(nc.o)
                0x00000000004161f8                nc_main
 .text.unix_do_one
                0x0000000000416774      0x39c networking/lib.a(netstat.o)
 .text.build_ipv6_addr
                0x0000000000416b10       0xa8 networking/lib.a(netstat.o)
 .text.ip_port_str
                0x0000000000416bb8      0x118 networking/lib.a(netstat.o)
 .text.dir_act  0x0000000000416cd0      0x144 networking/lib.a(netstat.o)
 .text.add_to_prg_cache_if_socket
                0x0000000000416e14      0x194 networking/lib.a(netstat.o)
 .text.do_info  0x0000000000416fa8      0x144 networking/lib.a(netstat.o)
 .text.scan_inet_proc_line
                0x00000000004170ec      0x120 networking/lib.a(netstat.o)
 .text.print_inet_line
                0x000000000041720c      0x194 networking/lib.a(netstat.o)
 .text.raw_do_one
                0x00000000004173a0       0xb4 networking/lib.a(netstat.o)
 .text.udp_do_one
                0x0000000000417454       0xf0 networking/lib.a(netstat.o)
 .text.tcp_do_one
                0x0000000000417544       0x98 networking/lib.a(netstat.o)
 .text.netstat_main
                0x00000000004175dc      0x374 networking/lib.a(netstat.o)
                0x00000000004175dc                netstat_main
 .text.set_default_dns
                0x0000000000417950       0xac networking/lib.a(nslookup.o)
 .text.print_host
                0x00000000004179fc      0x178 networking/lib.a(nslookup.o)
 .text.nslookup_main
                0x0000000000417b74       0xcc networking/lib.a(nslookup.o)
                0x0000000000417b74                nslookup_main
 .text.my_SQRT  0x0000000000417c40       0x4c networking/lib.a(ntpd.o)
 .text.filter_datapoints
                0x0000000000417c8c       0xf8 networking/lib.a(ntpd.o)
 .text.reset_peer_stats
                0x0000000000417d84       0xb8 networking/lib.a(ntpd.o)
 .text.clamp_pollexp_and_set_MAXSTRAT
                0x0000000000417e3c       0x40 networking/lib.a(ntpd.o)
 .text.compare_point_edge
                0x0000000000417e7c       0x28 networking/lib.a(ntpd.o)
 .text.compare_survivor_metric
                0x0000000000417ea4       0x28 networking/lib.a(ntpd.o)
 .text.adjust_poll
                0x0000000000417ecc       0xb8 networking/lib.a(ntpd.o)
 .text.poll_interval
                0x0000000000417f84       0x64 networking/lib.a(ntpd.o)
 .text.resolve_peer_hostname
                0x0000000000417fe8      0x104 networking/lib.a(ntpd.o)
 .text.lfp_to_d
                0x00000000004180ec       0x5c networking/lib.a(ntpd.o)
 .text.sfp_to_d
                0x0000000000418148       0x3c networking/lib.a(ntpd.o)
 .text.gettime1900d
                0x0000000000418184       0x58 networking/lib.a(ntpd.o)
 .text.ntp_init
                0x00000000004181dc      0x32c networking/lib.a(ntpd.o)
 .text.run_script
                0x0000000000418508      0x24c networking/lib.a(ntpd.o)
 .text.set_next.isra.0
                0x0000000000418754       0x30 networking/lib.a(ntpd.o)
 .text.step_time
                0x0000000000418784      0x1e4 networking/lib.a(ntpd.o)
 .text.update_local_clock
                0x0000000000418968      0x424 networking/lib.a(ntpd.o)
 .text.recv_and_process_peer_pkt
                0x0000000000418d8c      0xac0 networking/lib.a(ntpd.o)
 .text.ntpd_main
                0x000000000041984c      0x608 networking/lib.a(ntpd.o)
                0x000000000041984c                ntpd_main
 .text.unpack_tail
                0x0000000000419e54      0x1e0 networking/lib.a(ping.o)
 .text.print_stats_and_exit
                0x000000000041a034      0x18c networking/lib.a(ping.o)
 .text.sendping_tail.constprop.1
                0x000000000041a1c0      0x1bc networking/lib.a(ping.o)
 .text.sendping4
                0x000000000041a37c       0xcc networking/lib.a(ping.o)
 .text.sendping6
                0x000000000041a448       0xa8 networking/lib.a(ping.o)
 .text.common_ping_main
                0x000000000041a4f0      0xbac networking/lib.a(ping.o)
 .text.ping_main
                0x000000000041b09c       0x10 networking/lib.a(ping.o)
                0x000000000041b09c                ping_main
 .text.ping6_main
                0x000000000041b0ac       0x10 networking/lib.a(ping.o)
                0x000000000041b0ac                ping6_main
 .text.set_flags
                0x000000000041b0bc       0x40 networking/lib.a(route.o)
 .text.INET6_displayroutes
                0x000000000041b0fc      0x314 networking/lib.a(route.o)
 .text.kw_lookup
                0x000000000041b410       0xd8 networking/lib.a(route.o)
 .text.INET6_setroute
                0x000000000041b4e8      0x340 networking/lib.a(route.o)
 .text.INET_setroute
                0x000000000041b828      0x4c8 networking/lib.a(route.o)
 .text.bb_displayroutes
                0x000000000041bcf0      0x2c8 networking/lib.a(route.o)
                0x000000000041bcf0                bb_displayroutes
 .text.route_main
                0x000000000041bfb8      0x1d0 networking/lib.a(route.o)
                0x000000000041bfb8                route_main
 .text.iac_flush
                0x000000000041c188       0x54 networking/lib.a(telnet.o)
 .text.put_iac  0x000000000041c1dc       0x68 networking/lib.a(telnet.o)
 .text.put_iac2_msb_lsb
                0x000000000041c244       0x2c networking/lib.a(telnet.o)
 .text.put_iac4_msb_lsb
                0x000000000041c270       0x2c networking/lib.a(telnet.o)
 .text.put_iac3_IAC_x_y_merged
                0x000000000041c29c       0x2c networking/lib.a(telnet.o)
 .text.rawmode  0x000000000041c2c8       0x30 networking/lib.a(telnet.o)
 .text.cookmode
                0x000000000041c2f8       0x30 networking/lib.a(telnet.o)
 .text.setConMode
                0x000000000041c328       0xa4 networking/lib.a(telnet.o)
 .text.con_escape
                0x000000000041c3cc      0x1a4 networking/lib.a(telnet.o)
 .text.handle_net_output
                0x000000000041c570       0xc0 networking/lib.a(telnet.o)
 .text.telnet_main
                0x000000000041c630      0x6c0 networking/lib.a(telnet.o)
                0x000000000041c630                telnet_main
 .text.handle_sigchld
                0x000000000041ccf0       0x9c networking/lib.a(telnetd.o)
 .text.make_new_session
                0x000000000041cd8c      0x2ec networking/lib.a(telnetd.o)
 .text.free_session
                0x000000000041d078      0x10c networking/lib.a(telnetd.o)
 .text.telnetd_main
                0x000000000041d184      0x9d8 networking/lib.a(telnetd.o)
                0x000000000041d184                telnetd_main
 .text.traceroute_init
                0x000000000041db5c      0x6d4 networking/lib.a(traceroute.o)
 .text.hexdump_if_verbose
                0x000000000041e230      0x1d8 networking/lib.a(traceroute.o)
 .text.common_traceroute_main
                0x000000000041e408      0xa48 networking/lib.a(traceroute.o)
 .text.traceroute_main
                0x000000000041ee50        0x8 networking/lib.a(traceroute.o)
                0x000000000041ee50                traceroute_main
 .text.traceroute6_main
                0x000000000041ee58        0x8 networking/lib.a(traceroute.o)
                0x000000000041ee58                traceroute6_main
 .text.xfind_str
                0x000000000041ee60       0x74 networking/lib.a(vconfig.o)
 .text.vconfig_main
                0x000000000041eed4      0x1a0 networking/lib.a(vconfig.o)
                0x000000000041eed4                vconfig_main
 .text.alarm_handler
                0x000000000041f074       0x34 networking/lib.a(wget.o)
 .text.is_ip_address
                0x000000000041f0a8       0x64 networking/lib.a(wget.o)
 .text.spawn_https_helper_openssl
                0x000000000041f10c      0x2dc networking/lib.a(wget.o)
 .text.reset_beg_range_to_zero
                0x000000000041f3e8       0x5c networking/lib.a(wget.o)
 .text.spawn_ssl_client
                0x000000000041f444      0x1b4 networking/lib.a(wget.o)
 .text.set_alarm
                0x000000000041f5f8       0x4c networking/lib.a(wget.o)
 .text.open_socket
                0x000000000041f644       0x70 networking/lib.a(wget.o)
 .text.base64enc
                0x000000000041f6b4       0x70 networking/lib.a(wget.o)
 .text.fgets_trim_sanitize
                0x000000000041f724      0x114 networking/lib.a(wget.o)
 .text.parse_url
                0x000000000041f838      0x270 networking/lib.a(wget.o)
 .text.get_sanitized_hdr
                0x000000000041faa8      0x144 networking/lib.a(wget.o)
 .text.progress_meter
                0x000000000041fbec      0x138 networking/lib.a(wget.o)
 .text.retrieve_file_data
                0x000000000041fd24      0x420 networking/lib.a(wget.o)
 .text.ftpcmd   0x0000000000420144      0x114 networking/lib.a(wget.o)
 .text.wget_main
                0x0000000000420258     0x1098 networking/lib.a(wget.o)
                0x0000000000420258                wget_main
 .text.send_arp_request
                0x00000000004212f0       0xfc networking/lib.a(zcip.o)
 .text.run      0x00000000004213ec      0x140 networking/lib.a(zcip.o)
 .text.zcip_main
                0x000000000042152c      0x6f0 networking/lib.a(zcip.o)
                0x000000000042152c                zcip_main
 .text.parse_pasv_epsv
                0x0000000000421c1c      0x164 networking/lib.a(parse_pasv_epsv.o)
                0x0000000000421c1c                parse_pasv_epsv
 .text.get24be  0x0000000000421d80       0x20 networking/lib.a(tls.o)
 .text.get_der_len
                0x0000000000421da0       0x90 networking/lib.a(tls.o)
 .text.enter_der_item
                0x0000000000421e30       0x40 networking/lib.a(tls.o)
 .text.skip_der_item
                0x0000000000421e70       0x2c networking/lib.a(tls.o)
 .text.tls_get_outbuf
                0x0000000000421e9c       0x68 networking/lib.a(tls.o)
 .text.tls_get_zeroed_outbuf
                0x0000000000421f04       0x48 networking/lib.a(tls.o)
 .text.hmac_begin
                0x0000000000421f4c       0xec networking/lib.a(tls.o)
 .text.hmac_sha_precomputed_v
                0x0000000000422038       0xa8 networking/lib.a(tls.o)
 .text.hmac_sha_precomputed
                0x00000000004220e0       0x64 networking/lib.a(tls.o)
 .text.prf_hmac_sha256
                0x0000000000422144      0x14c networking/lib.a(tls.o)
 .text.bad_record_die.isra.3
                0x0000000000422290       0xd8 networking/lib.a(tls.o)
 .text.tls_xread_record
                0x0000000000422368      0x450 networking/lib.a(tls.o)
 .text.tls_xread_handshake_block
                0x00000000004227b8       0x68 networking/lib.a(tls.o)
 .text.hmac.constprop.4
                0x0000000000422820       0x54 networking/lib.a(tls.o)
 .text.tls_get_random
                0x0000000000422874       0x50 networking/lib.a(tls.o)
                0x0000000000422874                tls_get_random
 .text.xorbuf   0x00000000004228c4       0x2c networking/lib.a(tls.o)
                0x00000000004228c4                xorbuf
 .text.xorbuf_aligned_AES_BLOCK_SIZE
                0x00000000004228f0       0x44 networking/lib.a(tls.o)
                0x00000000004228f0                xorbuf_aligned_AES_BLOCK_SIZE
 .text.xwrite_encrypted
                0x0000000000422934      0x33c networking/lib.a(tls.o)
 .text.xwrite_and_update_handshake_hash
                0x0000000000422c70       0x94 networking/lib.a(tls.o)
 .text.tls_handshake
                0x0000000000422d04      0xb30 networking/lib.a(tls.o)
                0x0000000000422d04                tls_handshake
 .text.tls_run_copy_loop
                0x0000000000423834      0x1e0 networking/lib.a(tls.o)
                0x0000000000423834                tls_run_copy_loop
 .text.Subword  0x0000000000423a14       0x54 networking/lib.a(tls_aes.o)
 .text.AddRoundKey
                0x0000000000423a68       0x5c networking/lib.a(tls_aes.o)
 .text.aes_encrypt_1
                0x0000000000423ac4      0x19c networking/lib.a(tls_aes.o)
 .text.aes_setkey
                0x0000000000423c60      0x160 networking/lib.a(tls_aes.o)
                0x0000000000423c60                aes_setkey
 .text.aes_encrypt_one_block
                0x0000000000423dc0       0x6c networking/lib.a(tls_aes.o)
                0x0000000000423dc0                aes_encrypt_one_block
 .text.aes_cbc_encrypt
                0x0000000000423e2c       0xfc networking/lib.a(tls_aes.o)
                0x0000000000423e2c                aes_cbc_encrypt
 .text.aes_cbc_decrypt
                0x0000000000423f28      0x398 networking/lib.a(tls_aes.o)
                0x0000000000423f28                aes_cbc_decrypt
 .text.GMULT    0x00000000004242c0      0x11c networking/lib.a(tls_aesgcm.o)
 .text.aesgcm_GHASH
                0x00000000004243dc      0x158 networking/lib.a(tls_aesgcm.o)
                0x00000000004243dc                aesgcm_GHASH
 .text.fe_select
                0x0000000000424534       0x3c networking/lib.a(tls_fe.o)
 .text.lm_add   0x0000000000424570       0x74 networking/lib.a(tls_fe.o)
 .text.lm_sub   0x00000000004245e4       0x90 networking/lib.a(tls_fe.o)
 .text.fe_mul__distinct
                0x0000000000424674       0xb8 networking/lib.a(tls_fe.o)
 .text.fe_mul_c
                0x000000000042472c       0x6c networking/lib.a(tls_fe.o)
 .text.xc_diffadd
                0x0000000000424798      0x124 networking/lib.a(tls_fe.o)
 .text.curve25519
                0x00000000004248bc      0x3c8 networking/lib.a(tls_fe.o)
 .text.curve_x25519_compute_pubkey_and_premaster
                0x0000000000424c84       0x9c networking/lib.a(tls_fe.o)
                0x0000000000424c84                curve_x25519_compute_pubkey_and_premaster
 .text.pstm_zero
                0x0000000000424d20       0x34 networking/lib.a(tls_pstm.o)
 .text.pstm_count_bits
                0x0000000000424d54       0x38 networking/lib.a(tls_pstm.o)
 .text.pstm_init_size
                0x0000000000424d8c       0x50 networking/lib.a(tls_pstm.o)
                0x0000000000424d8c                pstm_init_size
 .text.pstm_grow
                0x0000000000424ddc       0x88 networking/lib.a(tls_pstm.o)
                0x0000000000424ddc                pstm_grow
 .text.pstm_lshd
                0x0000000000424e64       0xc4 networking/lib.a(tls_pstm.o)
 .text.pstm_copy
                0x0000000000424f28       0xb4 networking/lib.a(tls_pstm.o)
                0x0000000000424f28                pstm_copy
 .text.pstm_clamp
                0x0000000000424fdc       0x4c networking/lib.a(tls_pstm.o)
                0x0000000000424fdc                pstm_clamp
 .text.s_pstm_add
                0x0000000000425028      0x178 networking/lib.a(tls_pstm.o)
 .text.pstm_mul_2d
                0x00000000004251a0       0xe0 networking/lib.a(tls_pstm.o)
 .text.pstm_rshd
                0x0000000000425280       0x88 networking/lib.a(tls_pstm.o)
 .text.pstm_mul_d
                0x0000000000425308      0x124 networking/lib.a(tls_pstm.o)
 .text.pstm_div_2d.constprop.2
                0x000000000042542c       0xc8 networking/lib.a(tls_pstm.o)
 .text.pstm_clear
                0x00000000004254f4       0x80 networking/lib.a(tls_pstm.o)
                0x00000000004254f4                pstm_clear
 .text.pstm_cmp_mag
                0x0000000000425574       0x88 networking/lib.a(tls_pstm.o)
                0x0000000000425574                pstm_cmp_mag
 .text.pstm_cmp
                0x00000000004255fc       0x44 networking/lib.a(tls_pstm.o)
                0x00000000004255fc                pstm_cmp
 .text.pstm_init_for_read_unsigned_bin
                0x0000000000425640       0x24 networking/lib.a(tls_pstm.o)
                0x0000000000425640                pstm_init_for_read_unsigned_bin
 .text.pstm_read_unsigned_bin
                0x0000000000425664       0xa0 networking/lib.a(tls_pstm.o)
                0x0000000000425664                pstm_read_unsigned_bin
 .text.pstm_unsigned_bin_size
                0x0000000000425704       0x38 networking/lib.a(tls_pstm.o)
                0x0000000000425704                pstm_unsigned_bin_size
 .text.pstm_mul_2
                0x000000000042573c       0xec networking/lib.a(tls_pstm.o)
                0x000000000042573c                pstm_mul_2
 .text.s_pstm_sub
                0x0000000000425828      0x150 networking/lib.a(tls_pstm.o)
                0x0000000000425828                s_pstm_sub
 .text.pstm_sub
                0x0000000000425978       0x64 networking/lib.a(tls_pstm.o)
                0x0000000000425978                pstm_sub
 .text.pstm_add
                0x00000000004259dc       0x60 networking/lib.a(tls_pstm.o)
                0x00000000004259dc                pstm_add
 .text.pstm_mod
                0x0000000000425a3c      0x570 networking/lib.a(tls_pstm.o)
 .text.pstm_mulmod
                0x0000000000425fac       0xd0 networking/lib.a(tls_pstm.o)
                0x0000000000425fac                pstm_mulmod
 .text.pstm_exptmod
                0x000000000042607c      0x778 networking/lib.a(tls_pstm.o)
                0x000000000042607c                pstm_exptmod
 .text.pstm_to_unsigned_bin
                0x00000000004267f4       0xd8 networking/lib.a(tls_pstm.o)
                0x00000000004267f4                pstm_to_unsigned_bin
 .text.pstm_montgomery_reduce
                0x00000000004268cc      0x260 networking/lib.a(tls_pstm_montgomery_reduce.o)
                0x00000000004268cc                pstm_montgomery_reduce
 .text.pstm_mul_comba
                0x0000000000426b2c      0x27c networking/lib.a(tls_pstm_mul_comba.o)
                0x0000000000426b2c                pstm_mul_comba
 .text.pstm_sqr_comba
                0x0000000000426da8      0x2b8 networking/lib.a(tls_pstm_sqr_comba.o)
                0x0000000000426da8                pstm_sqr_comba
 .text.psRsaEncryptPub
                0x0000000000427060      0x294 networking/lib.a(tls_rsa.o)
                0x0000000000427060                psRsaEncryptPub
 .text.sp_256_to_bin
                0x00000000004272f4       0xc4 networking/lib.a(tls_sp_c32.o)
 .text.sp_256_cmp_10
                0x00000000004273b8       0x30 networking/lib.a(tls_sp_c32.o)
 .text.sp_256_norm_10
                0x00000000004273e8       0x34 networking/lib.a(tls_sp_c32.o)
 .text.sp_256_add_10
                0x000000000042741c       0x2c networking/lib.a(tls_sp_c32.o)
 .text.sp_256_sub_10
                0x0000000000427448       0x2c networking/lib.a(tls_sp_c32.o)
 .text.sp_256_mod_mul_norm_10
                0x0000000000427474      0x4ac networking/lib.a(tls_sp_c32.o)
 .text.sp_256_mont_dbl_10.constprop.4
                0x0000000000427920       0x4c networking/lib.a(tls_sp_c32.o)
 .text.sp_256_mont_sub_10.constprop.5
                0x000000000042796c       0x40 networking/lib.a(tls_sp_c32.o)
 .text.sp_256_mul_add_10.constprop.8
                0x00000000004279ac       0x80 networking/lib.a(tls_sp_c32.o)
 .text.sp_256_mont_reduce_10.constprop.2
                0x0000000000427a2c      0x11c networking/lib.a(tls_sp_c32.o)
 .text.sp_256_mont_mul_10.constprop.1
                0x0000000000427b48      0x104 networking/lib.a(tls_sp_c32.o)
 .text.sp_256_mont_sqr_10.constprop.0
                0x0000000000427c4c      0x168 networking/lib.a(tls_sp_c32.o)
 .text.sp_256_proj_point_dbl_10
                0x0000000000427db4      0x274 networking/lib.a(tls_sp_c32.o)
 .text.sp_256_from_bin.constprop.9
                0x0000000000428028       0xb0 networking/lib.a(tls_sp_c32.o)
 .text.sp_256_point_from_bin2x32
                0x00000000004280d8       0x70 networking/lib.a(tls_sp_c32.o)
 .text.sp_256_ecc_mulmod_10
                0x0000000000428148      0x5b4 networking/lib.a(tls_sp_c32.o)
 .text.curve_P256_compute_pubkey_and_premaster
                0x00000000004286fc      0x118 networking/lib.a(tls_sp_c32.o)
                0x00000000004286fc                curve_P256_compute_pubkey_and_premaster
 .text.dhcp6_remove_evdata
                0x0000000000428814       0x64 networking/udhcp/lib.a(dhcp6c.o)
 .text.dhcp6_create_event
                0x0000000000428878       0xac networking/udhcp/lib.a(dhcp6c.o)
                0x0000000000428878                dhcp6_create_event
 .text.dhcp6_remove_event
                0x0000000000428924      0x16c networking/udhcp/lib.a(dhcp6c.o)
                0x0000000000428924                dhcp6_remove_event
 .text.check_exit
                0x0000000000428a90       0xcc networking/udhcp/lib.a(dhcp6c.o)
 .text.construct_reqdata.isra.2
                0x0000000000428b5c      0x1bc networking/udhcp/lib.a(dhcp6c.o)
 .text.client6_start
                0x0000000000428d18       0x58 networking/udhcp/lib.a(dhcp6c.o)
                0x0000000000428d18                client6_start
 .text.client6_expire_refreshtime
                0x0000000000428d70       0x60 networking/udhcp/lib.a(dhcp6c.o)
 .text.client6_send
                0x0000000000428dd0      0x36c networking/udhcp/lib.a(dhcp6c.o)
                0x0000000000428dd0                client6_send
 .text.client6_timo
                0x000000000042913c      0x35c networking/udhcp/lib.a(dhcp6c.o)
 .text.client6_mainloop
                0x0000000000429498      0xb20 networking/udhcp/lib.a(dhcp6c.o)
 .text.dhcp6c_main
                0x0000000000429fb8      0x368 networking/udhcp/lib.a(dhcp6c.o)
                0x0000000000429fb8                dhcp6c_main
 .text.copyout_option
                0x000000000042a320      0x27c networking/udhcp/lib.a(dhcp6c_common.o)
 .text.dhcp6_find_listval
                0x000000000042a59c      0x1e8 networking/udhcp/lib.a(dhcp6c_common.o)
                0x000000000042a59c                dhcp6_find_listval
 .text.dhcp6_vbuf_copy
                0x000000000042a784       0x50 networking/udhcp/lib.a(dhcp6c_common.o)
                0x000000000042a784                dhcp6_vbuf_copy
 .text.dhcp6_vbuf_free
                0x000000000042a7d4       0x44 networking/udhcp/lib.a(dhcp6c_common.o)
                0x000000000042a7d4                dhcp6_vbuf_free
 .text.dhcp6_clear_listval
                0x000000000042a818       0x58 networking/udhcp/lib.a(dhcp6c_common.o)
                0x000000000042a818                dhcp6_clear_listval
 .text.dhcp6_clear_list
                0x000000000042a870       0x54 networking/udhcp/lib.a(dhcp6c_common.o)
                0x000000000042a870                dhcp6_clear_list
 .text.dhcp6_timer_add
                0x000000000042a8c4       0xc0 networking/udhcp/lib.a(dhcp6c_common.o)
                0x000000000042a8c4                dhcp6_timer_add
 .text.dhcp6_timer_remove
                0x000000000042a984       0x58 networking/udhcp/lib.a(dhcp6c_common.o)
                0x000000000042a984                dhcp6_timer_remove
 .text.dhcp6_timer_set
                0x000000000042a9dc       0xa8 networking/udhcp/lib.a(dhcp6c_common.o)
                0x000000000042a9dc                dhcp6_timer_set
 .text.dhcp6_timer_check
                0x000000000042aa84      0x1c0 networking/udhcp/lib.a(dhcp6c_common.o)
                0x000000000042aa84                dhcp6_timer_check
 .text.dhcp6_timer_rest
                0x000000000042ac44       0x58 networking/udhcp/lib.a(dhcp6c_common.o)
                0x000000000042ac44                dhcp6_timer_rest
 .text.prefix6_mask
                0x000000000042ac9c       0xd8 networking/udhcp/lib.a(dhcp6c_common.o)
                0x000000000042ac9c                prefix6_mask
 .text.dhcp6_init_options
                0x000000000042ad74       0x8c networking/udhcp/lib.a(dhcp6c_common.o)
                0x000000000042ad74                dhcp6_init_options
 .text.dhcp6_clear_options
                0x000000000042ae00       0x78 networking/udhcp/lib.a(dhcp6c_common.o)
                0x000000000042ae00                dhcp6_clear_options
 .text.dhcp6_set_timeoparam
                0x000000000042ae78       0xbc networking/udhcp/lib.a(dhcp6c_common.o)
                0x000000000042ae78                dhcp6_set_timeoparam
 .text.dhcp6optstr
                0x000000000042af34       0x60 networking/udhcp/lib.a(dhcp6c_common.o)
                0x000000000042af34                dhcp6optstr
 .text.dhcp6_add_listval
                0x000000000042af94      0x194 networking/udhcp/lib.a(dhcp6c_common.o)
                0x000000000042af94                dhcp6_add_listval
 .text.dhcp6_copy_list
                0x000000000042b128       0x60 networking/udhcp/lib.a(dhcp6c_common.o)
                0x000000000042b128                dhcp6_copy_list
 .text.dhcp6_copy_options
                0x000000000042b188      0x120 networking/udhcp/lib.a(dhcp6c_common.o)
                0x000000000042b188                dhcp6_copy_options
 .text.copyin_option
                0x000000000042b2a8      0x43c networking/udhcp/lib.a(dhcp6c_common.o)
 .text.dhcp6_get_options
                0x000000000042b6e4      0x594 networking/udhcp/lib.a(dhcp6c_common.o)
                0x000000000042b6e4                dhcp6_get_options
 .text.dhcp6_set_iaoptions.isra.0
                0x000000000042bc78       0xc4 networking/udhcp/lib.a(dhcp6c_common.o)
 .text.copy_option
                0x000000000042bd3c      0x104 networking/udhcp/lib.a(dhcp6c_common.o)
 .text.dhcp6msgstr
                0x000000000042be40       0x58 networking/udhcp/lib.a(dhcp6c_common.o)
                0x000000000042be40                dhcp6msgstr
 .text.dhcp6_set_options
                0x000000000042be98      0x3bc networking/udhcp/lib.a(dhcp6c_common.o)
                0x000000000042be98                dhcp6_set_options
 .text.dhcp6stcodestr
                0x000000000042c254       0x58 networking/udhcp/lib.a(dhcp6c_common.o)
                0x000000000042c254                dhcp6stcodestr
 .text.duidstr  0x000000000042c2ac       0xec networking/udhcp/lib.a(dhcp6c_common.o)
                0x000000000042c2ac                duidstr
 .text.get_duid
                0x000000000042c398      0x47c networking/udhcp/lib.a(dhcp6c_common.o)
                0x000000000042c398                get_duid
 .text.dhcp6_event_statestr
                0x000000000042c814       0x8c networking/udhcp/lib.a(dhcp6c_common.o)
                0x000000000042c814                dhcp6_event_statestr
 .text.dhcp6_reset_timer
                0x000000000042c8a0      0x1b0 networking/udhcp/lib.a(dhcp6c_common.o)
                0x000000000042c8a0                dhcp6_reset_timer
 .text.add_cfparam
                0x000000000042ca50       0x44 networking/udhcp/lib.a(dhcp6c_config.o)
 .text.cleanup_cflist
                0x000000000042ca94       0x78 networking/udhcp/lib.a(dhcp6c_config.o)
 .text.clear_iaconf
                0x000000000042cb0c      0x118 networking/udhcp/lib.a(dhcp6c_config.o)
 .text.create_prefiff
                0x000000000042cc24       0x90 networking/udhcp/lib.a(dhcp6c_config.o)
 .text.add_cflevel0
                0x000000000042ccb4      0x150 networking/udhcp/lib.a(dhcp6c_config.o)
 .text.create_assoc
                0x000000000042ce04       0xe8 networking/udhcp/lib.a(dhcp6c_config.o)
 .text.create_iface
                0x000000000042ceec       0x44 networking/udhcp/lib.a(dhcp6c_config.o)
 .text.parse_assoc
                0x000000000042cf30      0x198 networking/udhcp/lib.a(dhcp6c_config.o)
 .text.add_prefix6
                0x000000000042d0c8      0x27c networking/udhcp/lib.a(dhcp6c_config.o)
 .text.parse_prefiff
                0x000000000042d344      0x104 networking/udhcp/lib.a(dhcp6c_config.o)
 .text.parse_iface
                0x000000000042d448      0x28c networking/udhcp/lib.a(dhcp6c_config.o)
 .text.clear_ifconf
                0x000000000042d6d4       0x98 networking/udhcp/lib.a(dhcp6c_config.o)
                0x000000000042d6d4                clear_ifconf
 .text.find_iaconf
                0x000000000042d76c       0x30 networking/udhcp/lib.a(dhcp6c_config.o)
                0x000000000042d76c                find_iaconf
 .text.read_config6
                0x000000000042d79c      0xc68 networking/udhcp/lib.a(dhcp6c_config.o)
                0x000000000042d79c                read_config6
 .text.prepare_iaevent
                0x000000000042e404      0x244 networking/udhcp/lib.a(dhcp6c_ia.o)
 .text.ia_timo  0x000000000042e648      0x14c networking/udhcp/lib.a(dhcp6c_ia.o)
 .text.remove_iaprefix
                0x000000000042e794      0x16c networking/udhcp/lib.a(dhcp6c_ia.o)
 .text.remove_ia
                0x000000000042e900      0x150 networking/udhcp/lib.a(dhcp6c_ia.o)
 .text.iapref_timo
                0x000000000042ea50      0x108 networking/udhcp/lib.a(dhcp6c_ia.o)
 .text.update_prefix6
                0x000000000042eb58      0x5bc networking/udhcp/lib.a(dhcp6c_ia.o)
 .text.update_ia
                0x000000000042f114      0x624 networking/udhcp/lib.a(dhcp6c_ia.o)
                0x000000000042f114                update_ia
 .text.release_all_ia
                0x000000000042f738       0xc8 networking/udhcp/lib.a(dhcp6c_ia.o)
                0x000000000042f738                release_all_ia
 .text.destruct_iadata
                0x000000000042f800       0x8c networking/udhcp/lib.a(dhcp6c_ia.o)
                0x000000000042f800                destruct_iadata
 .text.fill_envp_client6
                0x000000000042f88c      0x284 networking/udhcp/lib.a(dhcp6c_script.o)
                0x000000000042f88c                fill_envp_client6
 .text.dhcp6_script
                0x000000000042fb10       0xb0 networking/udhcp/lib.a(dhcp6c_script.o)
                0x000000000042fb10                dhcp6_script
 .text.sock6_init
                0x000000000042fbc0      0x154 networking/udhcp/lib.a(dhcp6c_socket.o)
                0x000000000042fbc0                sock6_init
 .text.ifaddrconf
                0x000000000042fd14      0x25c networking/udhcp/lib.a(dhcp6c_socket.o)
                0x000000000042fd14                ifaddrconf
 .text.client_background
                0x000000000042ff70       0x58 networking/udhcp/lib.a(dhcpc.o)
 .text.init_packet
                0x000000000042ffc8       0xbc networking/udhcp/lib.a(dhcpc.o)
 .text.add_client_options
                0x0000000000430084      0x150 networking/udhcp/lib.a(dhcpc.o)
 .text.add_serverid_and_clientid_options
                0x00000000004301d4       0x88 networking/udhcp/lib.a(dhcpc.o)
 .text.raw_bcast_from_client_data_ifindex
                0x000000000043025c       0x58 networking/udhcp/lib.a(dhcpc.o)
 .text.send_discover
                0x00000000004302b4       0x94 networking/udhcp/lib.a(dhcpc.o)
 .text.send_select
                0x0000000000430348       0xf0 networking/udhcp/lib.a(dhcpc.o)
 .text.send_decline
                0x0000000000430438       0x88 networking/udhcp/lib.a(dhcpc.o)
 .text.bcast_or_ucast
                0x00000000004304c0       0x58 networking/udhcp/lib.a(dhcpc.o)
 .text.send_renew
                0x0000000000430518       0xb4 networking/udhcp/lib.a(dhcpc.o)
 .text.d4_recv_raw_packet
                0x00000000004305cc      0x28c networking/udhcp/lib.a(dhcpc.o)
 .text.change_listen_mode
                0x0000000000430858      0x18c networking/udhcp/lib.a(dhcpc.o)
 .text.optitem_unset_env_and_free
                0x00000000004309e4       0x64 networking/udhcp/lib.a(dhcpc.o)
 .text.sprint_nip
                0x0000000000430a48       0x50 networking/udhcp/lib.a(dhcpc.o)
 .text.putenvp  0x0000000000430a98       0x68 networking/udhcp/lib.a(dhcpc.o)
 .text.xmalloc_optname_optval.isra.0
                0x0000000000430b00      0x3a0 networking/udhcp/lib.a(dhcpc.o)
 .text.d4_run_script
                0x0000000000430ea0      0x48c networking/udhcp/lib.a(dhcpc.o)
 .text.d4_run_script_deconfig
                0x000000000043132c       0x10 networking/udhcp/lib.a(dhcpc.o)
 .text.perform_release
                0x000000000043133c      0x148 networking/udhcp/lib.a(dhcpc.o)
 .text.udhcpc_main
                0x0000000000431484      0xee8 networking/udhcp/lib.a(dhcpc.o)
                0x0000000000431484                udhcpc_main
 .text.udhcp_init_header
                0x000000000043236c       0xa4 networking/udhcp/lib.a(packet.o)
                0x000000000043236c                udhcp_init_header
 .text.udhcp_recv_kernel_packet
                0x0000000000432410       0xb8 networking/udhcp/lib.a(packet.o)
                0x0000000000432410                udhcp_recv_kernel_packet
 .text.udhcp_send_raw_packet
                0x00000000004324c8      0x258 networking/udhcp/lib.a(packet.o)
                0x00000000004324c8                udhcp_send_raw_packet
 .text.udhcp_send_kernel_packet
                0x0000000000432720      0x200 networking/udhcp/lib.a(packet.o)
                0x0000000000432720                udhcp_send_kernel_packet
 .text.signal_handler
                0x0000000000432920       0x74 networking/udhcp/lib.a(signalpipe.o)
 .text.udhcp_sp_setup
                0x0000000000432994       0xcc networking/udhcp/lib.a(signalpipe.o)
                0x0000000000432994                udhcp_sp_setup
 .text.udhcp_sp_fd_set
                0x0000000000432a60       0x6c networking/udhcp/lib.a(signalpipe.o)
                0x0000000000432a60                udhcp_sp_fd_set
 .text.udhcp_sp_read
                0x0000000000432acc       0x40 networking/udhcp/lib.a(signalpipe.o)
                0x0000000000432acc                udhcp_sp_read
 .text.udhcp_read_interface
                0x0000000000432b0c      0x224 networking/udhcp/lib.a(socket.o)
                0x0000000000432b0c                udhcp_read_interface
 .text.udhcp_listen_socket
                0x0000000000432d30      0x12c networking/udhcp/lib.a(socket.o)
                0x0000000000432d30                udhcp_listen_socket
 .text.arpping  0x0000000000432e5c      0x300 networking/udhcp/lib.a(arpping.o)
                0x0000000000432e5c                arpping
 .text.log1s    0x000000000043315c       0x24 networking/udhcp/lib.a(common.o)
                0x000000000043315c                log1s
 .text.udhcp_option_idx
                0x0000000000433180       0xd8 networking/udhcp/lib.a(common.o)
                0x0000000000433180                udhcp_option_idx
 .text.init_scan_state
                0x0000000000433258       0x18 networking/udhcp/lib.a(common.o)
                0x0000000000433258                init_scan_state
 .text.udhcp_scan_options
                0x0000000000433270      0x120 networking/udhcp/lib.a(common.o)
                0x0000000000433270                udhcp_scan_options
 .text.udhcp_get_option
                0x0000000000433390       0x6c networking/udhcp/lib.a(common.o)
                0x0000000000433390                udhcp_get_option
 .text.udhcp_get_option32
                0x00000000004333fc       0x2c networking/udhcp/lib.a(common.o)
                0x00000000004333fc                udhcp_get_option32
 .text.udhcp_end_option
                0x0000000000433428       0x3c networking/udhcp/lib.a(common.o)
                0x0000000000433428                udhcp_end_option
 .text.udhcp_add_binary_option
                0x0000000000433464       0xa0 networking/udhcp/lib.a(common.o)
                0x0000000000433464                udhcp_add_binary_option
 .text.udhcp_add_simple_option
                0x0000000000433504       0x84 networking/udhcp/lib.a(common.o)
                0x0000000000433504                udhcp_add_simple_option
 .text.udhcp_find_option
                0x0000000000433588       0x34 networking/udhcp/lib.a(common.o)
                0x0000000000433588                udhcp_find_option
 .text.udhcp_str2nip
                0x00000000004335bc       0x88 networking/udhcp/lib.a(common.o)
                0x00000000004335bc                udhcp_str2nip
 .text.udhcp_insert_new_option
                0x0000000000433644       0x94 networking/udhcp/lib.a(common.o)
                0x0000000000433644                udhcp_insert_new_option
 .text.attach_option
                0x00000000004336d8      0x184 networking/udhcp/lib.a(common.o)
 .text.udhcp_str2optset
                0x000000000043385c      0x3c8 networking/udhcp/lib.a(common.o)
                0x000000000043385c                udhcp_str2optset
 .text.sprint_nip6
                0x0000000000433c24       0x9c networking/udhcp/lib.a(common.o)
                0x0000000000433c24                sprint_nip6
 .text.parse_meminfo
                0x0000000000433cc0      0x15c procps/lib.a(free.o)
 .text.scale.isra.0
                0x0000000000433e1c       0x1c procps/lib.a(free.o)
 .text.free_main
                0x0000000000433e38      0x29c procps/lib.a(free.o)
                0x0000000000433e38                free_main
 .text.search_dev_inode
                0x00000000004340d4       0x7c procps/lib.a(fuser.o)
 .text.add_inode
                0x0000000000434150       0xc4 procps/lib.a(fuser.o)
 .text.scan_proc_net_or_maps
                0x0000000000434214      0x240 procps/lib.a(fuser.o)
 .text.scan_recursive
                0x0000000000434454      0x2b0 procps/lib.a(fuser.o)
 .text.fuser_main
                0x0000000000434704      0x220 procps/lib.a(fuser.o)
                0x0000000000434704                fuser_main
 .text.kill_main
                0x0000000000434924      0x458 procps/lib.a(kill.o)
                0x0000000000434924                kill_main
 .text.lsof_main
                0x0000000000434d7c      0x194 procps/lib.a(lsof.o)
                0x0000000000434d7c                lsof_main
 .text.act.isra.0
                0x0000000000434f10       0x40 procps/lib.a(pgrep.o)
 .text.pgrep_main
                0x0000000000434f50      0x384 procps/lib.a(pgrep.o)
                0x0000000000434f50                pgrep_main
 .text.pidof_main
                0x00000000004352d4      0x1cc procps/lib.a(pidof.o)
                0x00000000004352d4                pidof_main
 .text.ps_main  0x00000000004354a0      0x44c procps/lib.a(ps.o)
                0x00000000004354a0                ps_main
 .text.sysctl_act_on_setting
                0x00000000004358ec      0x360 procps/lib.a(sysctl.o)
 .text.sysctl_dots_to_slashes
                0x0000000000435c4c      0x14c procps/lib.a(sysctl.o)
 .text.sysctl_act_recursive
                0x0000000000435d98      0x188 procps/lib.a(sysctl.o)
 .text.sysctl_main
                0x0000000000435f20      0x220 procps/lib.a(sysctl.o)
                0x0000000000435f20                sysctl_main
 .text.pid_sort
                0x0000000000436140       0x10 procps/lib.a(top.o)
 .text.mem_sort
                0x0000000000436150       0x24 procps/lib.a(top.o)
 .text.pcpu_sort
                0x0000000000436174       0x10 procps/lib.a(top.o)
 .text.time_sort
                0x0000000000436184       0x24 procps/lib.a(top.o)
 .text.mult_lvl_cmp
                0x00000000004361a8       0x8c procps/lib.a(top.o)
 .text.topmem_sort
                0x0000000000436234       0x5c procps/lib.a(top.o)
 .text.fmt_100percent_8
                0x0000000000436290       0xd0 procps/lib.a(top.o)
 .text.read_cpu_jiffy
                0x0000000000436360      0x1b4 procps/lib.a(top.o)
 .text.get_jiffy_counts
                0x0000000000436514      0x194 procps/lib.a(top.o)
 .text.do_stats
                0x00000000004366a8      0x118 procps/lib.a(top.o)
 .text.ulltoa6_and_space
                0x00000000004367c0       0x30 procps/lib.a(top.o)
 .text.parse_meminfo
                0x00000000004367f0      0x11c procps/lib.a(top.o)
 .text.display_topmem_process_list
                0x000000000043690c      0x358 procps/lib.a(top.o)
 .text.display_process_list
                0x0000000000436c64      0x67c procps/lib.a(top.o)
 .text.handle_input
                0x00000000004372e0      0x34c procps/lib.a(top.o)
 .text.clearmems
                0x000000000043762c       0x54 procps/lib.a(top.o)
 .text.reset_term
                0x0000000000437680       0x30 procps/lib.a(top.o)
 .text.sig_catcher
                0x00000000004376b0       0x24 procps/lib.a(top.o)
 .text.top_main
                0x00000000004376d4      0x568 procps/lib.a(top.o)
                0x00000000004376d4                top_main
 .text.uptime_main
                0x0000000000437c3c      0x214 procps/lib.a(uptime.o)
                0x0000000000437c3c                uptime_main
 .text.watch_main
                0x0000000000437e50      0x1c0 procps/lib.a(watch.o)
                0x0000000000437e50                watch_main
 .text.isdigit_str9
                0x0000000000438010       0x24 shell/lib.a(ash.o)
 .text.prefix   0x0000000000438034       0x2c shell/lib.a(ash.o)
 .text.is_number
                0x0000000000438060       0x30 shell/lib.a(ash.o)
 .text.varcmp   0x0000000000438090       0x54 shell/lib.a(ash.o)
 .text.hashvar  0x00000000004380e4       0x58 shell/lib.a(ash.o)
 .text.vpcmp    0x000000000043813c        0xc shell/lib.a(ash.o)
 .text.findvar  0x0000000000438148       0x50 shell/lib.a(ash.o)
 .text.set_curjob
                0x0000000000438198       0x74 shell/lib.a(ash.o)
 .text.getstatus
                0x000000000043820c       0x9c shell/lib.a(ash.o)
 .text.skiploop
                0x00000000004382a8       0x40 shell/lib.a(ash.o)
 .text.falsecmd
                0x00000000004382e8        0x8 shell/lib.a(ash.o)
 .text.truecmd  0x00000000004382f0        0x8 shell/lib.a(ash.o)
 .text.get_builtin_name
                0x00000000004382f8       0x2c shell/lib.a(ash.o)
 .text.bltincmd
                0x0000000000438324       0x18 shell/lib.a(ash.o)
 .text.nlnoprompt
                0x000000000043833c       0x28 shell/lib.a(ash.o)
 .text.pungetc  0x0000000000438364       0x18 shell/lib.a(ash.o)
 .text.pushfile
                0x000000000043837c       0x3c shell/lib.a(ash.o)
 .text.pushredir
                0x00000000004383b8       0xb8 shell/lib.a(ash.o)
 .text.freealias
                0x0000000000438470       0x88 shell/lib.a(ash.o)
 .text.freefunc
                0x00000000004384f8       0x34 shell/lib.a(ash.o)
 .text.freeparam
                0x000000000043852c       0x70 shell/lib.a(ash.o)
 .text.SIT      0x000000000043859c       0xc8 shell/lib.a(ash.o)
 .text.nodeckstrdup
                0x0000000000438664       0x6c shell/lib.a(ash.o)
 .text.copynode
                0x00000000004386d0      0x178 shell/lib.a(ash.o)
 .text.copynodelist
                0x0000000000438848       0x74 shell/lib.a(ash.o)
 .text.__lookupalias
                0x00000000004388bc       0xa4 shell/lib.a(ash.o)
 .text.cmdlookup
                0x0000000000438960      0x108 shell/lib.a(ash.o)
 .text.pstrcmp  0x0000000000438a68       0x14 shell/lib.a(ash.o)
 .text.pstrcmp1
                0x0000000000438a7c       0x18 shell/lib.a(ash.o)
 .text.msort    0x0000000000438a94       0xfc shell/lib.a(ash.o)
 .text.raise_exception
                0x0000000000438b90       0x3c shell/lib.a(ash.o)
 .text.ulimitcmd
                0x0000000000438bcc       0x10 shell/lib.a(ash.o)
 .text.findkwd  0x0000000000438bdc       0x44 shell/lib.a(ash.o)
 .text.setparam
                0x0000000000438c20       0xe8 shell/lib.a(ash.o)
 .text.dup_CLOEXEC
                0x0000000000438d08       0x90 shell/lib.a(ash.o)
 .text.errmsg   0x0000000000438d98       0x30 shell/lib.a(ash.o)
 .text.printfcmd
                0x0000000000438dc8       0x10 shell/lib.a(ash.o)
 .text.historycmd
                0x0000000000438dd8       0x30 shell/lib.a(ash.o)
 .text.tryexec  0x0000000000438e08       0xb0 shell/lib.a(ash.o)
 .text.echocmd  0x0000000000438eb8       0x10 shell/lib.a(ash.o)
 .text.testcmd  0x0000000000438ec8       0x10 shell/lib.a(ash.o)
 .text.setsignal
                0x0000000000438ed8      0x1f8 shell/lib.a(ash.o)
 .text.raise_interrupt
                0x00000000004390d0       0x80 shell/lib.a(ash.o)
 .text.signal_handler
                0x0000000000439150       0x98 shell/lib.a(ash.o)
 .text.force_int_on
                0x00000000004391e8       0x40 shell/lib.a(ash.o)
 .text.int_on   0x0000000000439228       0x50 shell/lib.a(ash.o)
 .text.flush_stdout_stderr