Archive member included to satisfy reference by file (symbol)

libbb/lib.a(appletlib.o)      /home/runner/work/Padavan-KVR/Padavan-KVR/toolchain-mipsel/toolchain-3.4.x/bin/../mipsel-linux-uclibc/sysroot/usr/lib/crt1.o (main)
libbb/lib.a(compare_string_array.o)
                              libbb/lib.a(appletlib.o) (is_prefixed_with)
libbb/lib.a(default_error_retval.o)
                              libbb/lib.a(appletlib.o) (xfunc_error_retval)
libbb/lib.a(get_last_path_component.o)
                              libbb/lib.a(appletlib.o) (bb_basename)
libbb/lib.a(last_char_is.o)   libbb/lib.a(get_last_path_component.o) (last_char_is)
libbb/lib.a(messages.o)       libbb/lib.a(appletlib.o) (bb_banner)
libbb/lib.a(ptr_to_globals.o)
                              libbb/lib.a(appletlib.o) (bb_errno)
libbb/lib.a(verror_msg.o)     libbb/lib.a(appletlib.o) (bb_simple_error_msg_and_die)
libbb/lib.a(xfunc_die.o)      libbb/lib.a(appletlib.o) (xfunc_die)
libbb/lib.a(xfuncs.o)         libbb/lib.a(appletlib.o) (full_write2_str)
libbb/lib.a(xfuncs_printf.o)  libbb/lib.a(verror_msg.o) (fflush_all)
libbb/lib.a(copyfd.o)         libbb/lib.a(xfuncs_printf.o) (bb_copyfd_eof)
libbb/lib.a(full_write.o)     libbb/lib.a(verror_msg.o) (full_write)
libbb/lib.a(perror_msg.o)     libbb/lib.a(xfuncs_printf.o) (bb_perror_msg)
libbb/lib.a(read.o)           libbb/lib.a(copyfd.o) (safe_read)
libbb/lib.a(safe_write.o)     libbb/lib.a(full_write.o) (safe_write)
libbb/lib.a(signals.o)        libbb/lib.a(xfuncs_printf.o) (kill_myself_with_sig)
libbb/lib.a(time.o)           libbb/lib.a(xfuncs_printf.o) (monotonic_us)
libbb/lib.a(bb_strtonum.o)    libbb/lib.a(time.o) (bb_strtol)
loginutils/lib.a(addgroup.o)  libbb/lib.a(appletlib.o) (addgroup_main)
loginutils/lib.a(adduser.o)   libbb/lib.a(appletlib.o) (adduser_main)
loginutils/lib.a(chpasswd.o)  libbb/lib.a(appletlib.o) (chpasswd_main)
loginutils/lib.a(login.o)     libbb/lib.a(appletlib.o) (login_main)
loginutils/lib.a(passwd.o)    libbb/lib.a(appletlib.o) (passwd_main)
mailutils/lib.a(sendmail.o)   libbb/lib.a(appletlib.o) (sendmail_main)
mailutils/lib.a(mail.o)       mailutils/lib.a(sendmail.o) (launch_helper)
miscutils/lib.a(ascii.o)      libbb/lib.a(appletlib.o) (ascii_main)
miscutils/lib.a(crond.o)      libbb/lib.a(appletlib.o) (crond_main)
miscutils/lib.a(crontab.o)    libbb/lib.a(appletlib.o) (crontab_main)
miscutils/lib.a(strings.o)    libbb/lib.a(appletlib.o) (strings_main)
miscutils/lib.a(time.o)       libbb/lib.a(appletlib.o) (time_main)
modutils/lib.a(insmod.o)      libbb/lib.a(appletlib.o) (insmod_main)
modutils/lib.a(lsmod.o)       libbb/lib.a(appletlib.o) (lsmod_main)
modutils/lib.a(modinfo.o)     libbb/lib.a(appletlib.o) (modinfo_main)
modutils/lib.a(modprobe.o)    libbb/lib.a(appletlib.o) (modprobe_main)
modutils/lib.a(modutils.o)    modutils/lib.a(modprobe.o) (replace)
modutils/lib.a(rmmod.o)       libbb/lib.a(appletlib.o) (rmmod_main)
networking/lib.a(arp.o)       libbb/lib.a(appletlib.o) (arp_main)
networking/lib.a(arping.o)    libbb/lib.a(appletlib.o) (arping_main)
networking/lib.a(brctl.o)     libbb/lib.a(appletlib.o) (brctl_main)
networking/lib.a(ether-wake.o)
                              libbb/lib.a(appletlib.o) (ether_wake_main)
networking/lib.a(hostname.o)  libbb/lib.a(appletlib.o) (hostname_main)
networking/lib.a(ifconfig.o)  libbb/lib.a(appletlib.o) (ifconfig_main)
networking/lib.a(inetd.o)     libbb/lib.a(appletlib.o) (inetd_main)
networking/lib.a(interface.o)
                              networking/lib.a(arp.o) (get_aftype)
networking/lib.a(nc.o)        libbb/lib.a(appletlib.o) (nc_main)
networking/lib.a(netstat.o)   libbb/lib.a(appletlib.o) (netstat_main)
networking/lib.a(nslookup.o)  libbb/lib.a(appletlib.o) (nslookup_main)
networking/lib.a(ntpd.o)      libbb/lib.a(appletlib.o) (ntpd_main)
networking/lib.a(ping.o)      libbb/lib.a(appletlib.o) (ping_main)
networking/lib.a(route.o)     networking/lib.a(netstat.o) (bb_displayroutes)
networking/lib.a(telnet.o)    libbb/lib.a(appletlib.o) (telnet_main)
networking/lib.a(telnetd.o)   libbb/lib.a(appletlib.o) (telnetd_main)
networking/lib.a(traceroute.o)
                              libbb/lib.a(appletlib.o) (traceroute_main)
networking/lib.a(vconfig.o)   libbb/lib.a(appletlib.o) (vconfig_main)
networking/lib.a(wget.o)      libbb/lib.a(appletlib.o) (wget_main)
networking/lib.a(zcip.o)      libbb/lib.a(appletlib.o) (zcip_main)
networking/lib.a(parse_pasv_epsv.o)
                              networking/lib.a(wget.o) (parse_pasv_epsv)
networking/lib.a(tls.o)       networking/lib.a(wget.o) (tls_handshake)
networking/lib.a(tls_aes.o)   networking/lib.a(tls.o) (aes_setkey)
networking/lib.a(tls_aesgcm.o)
                              networking/lib.a(tls.o) (aesgcm_GHASH)
networking/lib.a(tls_fe.o)    networking/lib.a(tls.o) (curve_x25519_compute_pubkey_and_premaster)
networking/lib.a(tls_pstm.o)  networking/lib.a(tls.o) (pstm_clear)
networking/lib.a(tls_pstm_montgomery_reduce.o)
[...]
Memory Configuration

Name             Origin             Length             Attributes
*default*        0x0000000000000000 0xffffffffffffffff

Linker script and memory map

LOAD /home/runner/work/Padavan-KVR/Padavan-KVR/toolchain-mipsel/toolchain-3.4.x/bin/../mipsel-linux-uclibc/sysroot/usr/lib/crt1.o
LOAD /home/runner/work/Padavan-KVR/Padavan-KVR/toolchain-mipsel/toolchain-3.4.x/bin/../mipsel-linux-uclibc/sysroot/usr/lib/crti.o
LOAD /home/runner/work/Padavan-KVR/Padavan-KVR/toolchain-mipsel/toolchain-3.4.x/bin/../lib/gcc/mipsel-linux-uclibc/7.4.0/crtbegin.o
START GROUP
LOAD applets/built-in.o
LOAD archival/lib.a
LOAD archival/libarchive/lib.a
LOAD console-tools/lib.a
LOAD coreutils/lib.a
LOAD coreutils/libcoreutils/lib.a
LOAD debianutils/lib.a
LOAD klibc-utils/lib.a
LOAD e2fsprogs/lib.a
LOAD editors/lib.a
LOAD findutils/lib.a
LOAD init/lib.a
LOAD libbb/lib.a
LOAD libpwdgrp/lib.a
LOAD loginutils/lib.a
LOAD mailutils/lib.a
LOAD miscutils/lib.a
LOAD modutils/lib.a
LOAD networking/lib.a
LOAD networking/libiproute/lib.a
LOAD networking/udhcp/lib.a
LOAD printutils/lib.a
LOAD procps/lib.a
LOAD runit/lib.a
LOAD selinux/lib.a
LOAD shell/lib.a
LOAD sysklogd/lib.a
LOAD util-linux/lib.a
LOAD util-linux/volume_id/lib.a
LOAD archival/built-in.o
LOAD archival/libarchive/built-in.o
LOAD console-tools/built-in.o
LOAD coreutils/built-in.o
LOAD coreutils/libcoreutils/built-in.o
LOAD debianutils/built-in.o
LOAD klibc-utils/built-in.o
LOAD e2fsprogs/built-in.o
LOAD editors/built-in.o
LOAD findutils/built-in.o
LOAD init/built-in.o
LOAD libbb/built-in.o
LOAD libpwdgrp/built-in.o
LOAD loginutils/built-in.o
LOAD mailutils/built-in.o
LOAD miscutils/built-in.o
LOAD modutils/built-in.o
LOAD networking/built-in.o
LOAD networking/libiproute/built-in.o
LOAD networking/udhcp/built-in.o
LOAD printutils/built-in.o
LOAD procps/built-in.o
LOAD runit/built-in.o
LOAD selinux/built-in.o
LOAD shell/built-in.o
LOAD sysklogd/built-in.o
LOAD util-linux/built-in.o
LOAD util-linux/volume_id/built-in.o
END GROUP
LOAD /home/runner/work/Padavan-KVR/Padavan-KVR/toolchain-mipsel/toolchain-3.4.x/bin/../lib/gcc/mipsel-linux-uclibc/7.4.0/libgcc.a
LOAD /home/runner/work/Padavan-KVR/Padavan-KVR/toolchain-mipsel/toolchain-3.4.x/bin/../lib/gcc/mipsel-linux-uclibc/7.4.0/../../../../mipsel-linux-uclibc/lib/libgcc_s.so
START GROUP
LOAD /home/runner/work/Padavan-KVR/Padavan-KVR/toolchain-mipsel/toolchain-3.4.x/bin/../lib/gcc/mipsel-linux-uclibc/7.4.0/../../../../mipsel-linux-uclibc/lib/libgcc_s.so.1
LOAD /home/runner/work/Padavan-KVR/Padavan-KVR/toolchain-mipsel/toolchain-3.4.x/bin/../lib/gcc/mipsel-linux-uclibc/7.4.0/libgcc.a
END GROUP
LOAD /home/runner/work/Padavan-KVR/Padavan-KVR/toolchain-mipsel/toolchain-3.4.x/bin/../mipsel-linux-uclibc/sysroot/usr/lib/libc.so
START GROUP
LOAD /home/runner/work/Padavan-KVR/Padavan-KVR/toolchain-mipsel/toolchain-3.4.x/bin/../mipsel-linux-uclibc/sysroot/lib/libc.so.1
LOAD /home/runner/work/Padavan-KVR/Padavan-KVR/toolchain-mipsel/toolchain-3.4.x/bin/../mipsel-linux-uclibc/sysroot/usr/lib/uclibc_nonshared.a
LOAD /home/runner/work/Padavan-KVR/Padavan-KVR/toolchain-mipsel/toolchain-3.4.x/bin/../mipsel-linux-uclibc/sysroot/usr/lib/libpthread_nonshared.a
LOAD /home/runner/work/Padavan-KVR/Padavan-KVR/toolchain-mipsel/toolchain-3.4.x/bin/../mipsel-linux-uclibc/sysroot/lib/ld-uClibc.so.1
END GROUP
LOAD /home/runner/work/Padavan-KVR/Padavan-KVR/toolchain-mipsel/toolchain-3.4.x/bin/../lib/gcc/mipsel-linux-uclibc/7.4.0/libgcc.a
LOAD /home/runner/work/Padavan-KVR/Padavan-KVR/toolchain-mipsel/toolchain-3.4.x/bin/../lib/gcc/mipsel-linux-uclibc/7.4.0/../../../../mipsel-linux-uclibc/lib/libgcc_s.so
START GROUP
LOAD /home/runner/work/Padavan-KVR/Padavan-KVR/toolchain-mipsel/toolchain-3.4.x/bin/../lib/gcc/mipsel-linux-uclibc/7.4.0/../../../../mipsel-linux-uclibc/lib/libgcc_s.so.1
LOAD /home/runner/work/Padavan-KVR/Padavan-KVR/toolchain-mipsel/toolchain-3.4.x/bin/../lib/gcc/mipsel-linux-uclibc/7.4.0/libgcc.a
END GROUP
LOAD /home/runner/work/Padavan-KVR/Padavan-KVR/toolchain-mipsel/toolchain-3.4.x/bin/../lib/gcc/mipsel-linux-uclibc/7.4.0/crtend.o
LOAD /home/runner/work/Padavan-KVR/Padavan-KVR/toolchain-mipsel/toolchain-3.4.x/bin/../mipsel-linux-uclibc/sysroot/usr/lib/crtn.o
                [!provide]                        PROVIDE (__executable_start = SEGMENT_START ("text-segment", 0x400000))
                0x0000000000400134                . = (SEGMENT_START ("text-segment", 0x400000) + SIZEOF_HEADERS)

.interp         0x0000000000400134       0x14
 *(SORT_BY_ALIGNMENT(.interp))
 .interp        0x0000000000400134       0x14 /home/runner/work/Padavan-KVR/Padavan-KVR/toolchain-mipsel/toolchain-3.4.x/bin/../mipsel-linux-uclibc/sysroot/usr/lib/crt1.o

.MIPS.abiflags  0x0000000000400148       0x18
 *(SORT_BY_ALIGNMENT(.MIPS.abiflags))
 .MIPS.abiflags
                0x0000000000400148       0x18 /home/runner/work/Padavan-KVR/Padavan-KVR/toolchain-mipsel/toolchain-3.4.x/bin/../mipsel-linux-uclibc/sysroot/usr/lib/crt1.o

.reginfo
 *(SORT_BY_ALIGNMENT(.reginfo))

.note.gnu.build-id
 *(SORT_BY_ALIGNMENT(.note.gnu.build-id))

.dynamic        0x0000000000400160       0xc8
 *(SORT_BY_ALIGNMENT(.dynamic))
 .dynamic       0x0000000000400160       0xc8 /home/runner/work/Padavan-KVR/Padavan-KVR/toolchain-mipsel/toolchain-3.4.x/bin/../mipsel-linux-uclibc/sysroot/usr/lib/crt1.o
                0x0000000000400160                _DYNAMIC

.hash           0x0000000000400228      0x9dc
 *(SORT_BY_ALIGNMENT(.hash))
 .hash          0x0000000000400228      0x9dc /home/runner/work/Padavan-KVR/Padavan-KVR/toolchain-mipsel/toolchain-3.4.x/bin/../mipsel-linux-uclibc/sysroot/usr/lib/crt1.o

.gnu.hash
 *(SORT_BY_ALIGNMENT(.gnu.hash))

.dynsym         0x0000000000400c04     0x16e0
 *(SORT_BY_ALIGNMENT(.dynsym))
 .dynsym        0x0000000000400c04     0x16e0 /home/runner/work/Padavan-KVR/Padavan-KVR/toolchain-mipsel/toolchain-3.4.x/bin/../mipsel-linux-uclibc/sysroot/usr/lib/crt1.o

.dynstr         0x00000000004022e4      0xcf4
 *(SORT_BY_ALIGNMENT(.dynstr))
 .dynstr        0x00000000004022e4      0xcf4 /home/runner/work/Padavan-KVR/Padavan-KVR/toolchain-mipsel/toolchain-3.4.x/bin/../mipsel-linux-uclibc/sysroot/usr/lib/crt1.o

.gnu.version    0x0000000000402fd8        0x0
 *(SORT_BY_ALIGNMENT(.gnu.version))
 .gnu.version   0x0000000000402fd8        0x0 /home/runner/work/Padavan-KVR/Padavan-KVR/toolchain-mipsel/toolchain-3.4.x/bin/../mipsel-linux-uclibc/sysroot/usr/lib/crt1.o

.gnu.version_d  0x0000000000402fd8        0x0
 *(SORT_BY_ALIGNMENT(.gnu.version_d))
 .gnu.version_d
                0x0000000000402fd8        0x0 /home/runner/work/Padavan-KVR/Padavan-KVR/toolchain-mipsel/toolchain-3.4.x/bin/../mipsel-linux-uclibc/sysroot/usr/lib/crt1.o

.gnu.version_r  0x0000000000402fd8        0x0
 *(SORT_BY_ALIGNMENT(.gnu.version_r))
 .gnu.version_r
                0x0000000000402fd8        0x0 /home/runner/work/Padavan-KVR/Padavan-KVR/toolchain-mipsel/toolchain-3.4.x/bin/../mipsel-linux-uclibc/sysroot/usr/lib/crt1.o

.rel.dyn        0x0000000000402fd8        0x0
 *(SORT_BY_ALIGNMENT(.rel.init))
 *(SORT_BY_ALIGNMENT(.rel.text) SORT_BY_ALIGNMENT(.rel.text.*) SORT_BY_ALIGNMENT(.rel.gnu.linkonce.t.*))
 *(SORT_BY_ALIGNMENT(.rel.fini))
 *(SORT_BY_ALIGNMENT(.rel.rodata) SORT_BY_ALIGNMENT(.rel.rodata.*) SORT_BY_ALIGNMENT(.rel.gnu.linkonce.r.*))
 *(SORT_BY_ALIGNMENT(.rel.data.rel.ro) SORT_BY_ALIGNMENT(.rel.data.rel.ro.*) SORT_BY_ALIGNMENT(.rel.gnu.linkonce.d.rel.ro.*))
 .rel.data.rel.ro
                0x0000000000402fd8        0x0 /home/runner/work/Padavan-KVR/Padavan-KVR/toolchain-mipsel/toolchain-3.4.x/bin/../mipsel-linux-uclibc/sysroot/usr/lib/crt1.o
 *(SORT_BY_ALIGNMENT(.rel.data) SORT_BY_ALIGNMENT(.rel.data.*) SORT_BY_ALIGNMENT(.rel.gnu.linkonce.d.*))
 *(SORT_BY_ALIGNMENT(.rel.tdata) SORT_BY_ALIGNMENT(.rel.tdata.*) SORT_BY_ALIGNMENT(.rel.gnu.linkonce.td.*))
 *(SORT_BY_ALIGNMENT(.rel.tbss) SORT_BY_ALIGNMENT(.rel.tbss.*) SORT_BY_ALIGNMENT(.rel.gnu.linkonce.tb.*))
 *(SORT_BY_ALIGNMENT(.rel.ctors))
 *(SORT_BY_ALIGNMENT(.rel.dtors))
 *(SORT_BY_ALIGNMENT(.rel.got))
 *(SORT_BY_ALIGNMENT(.rel.dyn))
 .rel.dyn       0x0000000000402fd8        0x0 /home/runner/work/Padavan-KVR/Padavan-KVR/toolchain-mipsel/toolchain-3.4.x/bin/../mipsel-linux-uclibc/sysroot/usr/lib/crt1.o
 *(SORT_BY_ALIGNMENT(.rel.sdata) SORT_BY_ALIGNMENT(.rel.sdata.*) SORT_BY_ALIGNMENT(.rel.gnu.linkonce.s.*))
 *(SORT_BY_ALIGNMENT(.rel.sbss) SORT_BY_ALIGNMENT(.rel.sbss.*) SORT_BY_ALIGNMENT(.rel.gnu.linkonce.sb.*))
 *(SORT_BY_ALIGNMENT(.rel.sdata2) SORT_BY_ALIGNMENT(.rel.sdata2.*) SORT_BY_ALIGNMENT(.rel.gnu.linkonce.s2.*))
 *(SORT_BY_ALIGNMENT(.rel.sbss2) SORT_BY_ALIGNMENT(.rel.sbss2.*) SORT_BY_ALIGNMENT(.rel.gnu.linkonce.sb2.*))
 *(SORT_BY_ALIGNMENT(.rel.bss) SORT_BY_ALIGNMENT(.rel.bss.*) SORT_BY_ALIGNMENT(.rel.gnu.linkonce.b.*))
 .rel.bss       0x0000000000402fd8        0x0 /home/runner/work/Padavan-KVR/Padavan-KVR/toolchain-mipsel/toolchain-3.4.x/bin/../mipsel-linux-uclibc/sysroot/usr/lib/crt1.o
                [!provide]                        PROVIDE (__rel_iplt_start = .)
 *(SORT_BY_ALIGNMENT(.rel.iplt))
                [!provide]                        PROVIDE (__rel_iplt_end = .)

.rela.dyn       0x0000000000402fd8        0x0
 *(SORT_BY_ALIGNMENT(.rela.init))
 *(SORT_BY_ALIGNMENT(.rela.text) SORT_BY_ALIGNMENT(.rela.text.*) SORT_BY_ALIGNMENT(.rela.gnu.linkonce.t.*))
 *(SORT_BY_ALIGNMENT(.rela.fini))
 *(SORT_BY_ALIGNMENT(.rela.rodata) SORT_BY_ALIGNMENT(.rela.rodata.*) SORT_BY_ALIGNMENT(.rela.gnu.linkonce.r.*))
 *(SORT_BY_ALIGNMENT(.rela.data) SORT_BY_ALIGNMENT(.rela.data.*) SORT_BY_ALIGNMENT(.rela.gnu.linkonce.d.*))
 *(SORT_BY_ALIGNMENT(.rela.tdata) SORT_BY_ALIGNMENT(.rela.tdata.*) SORT_BY_ALIGNMENT(.rela.gnu.linkonce.td.*))
 *(SORT_BY_ALIGNMENT(.rela.tbss) SORT_BY_ALIGNMENT(.rela.tbss.*) SORT_BY_ALIGNMENT(.rela.gnu.linkonce.tb.*))
 *(SORT_BY_ALIGNMENT(.rela.ctors))
 *(SORT_BY_ALIGNMENT(.rela.dtors))
 *(SORT_BY_ALIGNMENT(.rela.got))
 *(SORT_BY_ALIGNMENT(.rela.sdata) SORT_BY_ALIGNMENT(.rela.sdata.*) SORT_BY_ALIGNMENT(.rela.gnu.linkonce.s.*))
 *(SORT_BY_ALIGNMENT(.rela.sbss) SORT_BY_ALIGNMENT(.rela.sbss.*) SORT_BY_ALIGNMENT(.rela.gnu.linkonce.sb.*))
 *(SORT_BY_ALIGNMENT(.rela.sdata2) SORT_BY_ALIGNMENT(.rela.sdata2.*) SORT_BY_ALIGNMENT(.rela.gnu.linkonce.s2.*))
 *(SORT_BY_ALIGNMENT(.rela.sbss2) SORT_BY_ALIGNMENT(.rela.sbss2.*) SORT_BY_ALIGNMENT(.rela.gnu.linkonce.sb2.*))
 *(SORT_BY_ALIGNMENT(.rela.bss) SORT_BY_ALIGNMENT(.rela.bss.*) SORT_BY_ALIGNMENT(.rela.gnu.linkonce.b.*))
                [!provide]                        PROVIDE (__rela_iplt_start = .)
 *(SORT_BY_ALIGNMENT(.rela.iplt))
                [!provide]                        PROVIDE (__rela_iplt_end = .)

.rel.plt        0x0000000000402fd8        0x0
 *(SORT_BY_ALIGNMENT(.rel.plt))
 .rel.plt       0x0000000000402fd8        0x0 /home/runner/work/Padavan-KVR/Padavan-KVR/toolchain-mipsel/toolchain-3.4.x/bin/../mipsel-linux-uclibc/sysroot/usr/lib/crt1.o

.rela.plt
 *(SORT_BY_ALIGNMENT(.rela.plt))

.init           0x0000000000402fd8       0x6c
 *(SORT_NONE(.init))
 .init          0x0000000000402fd8       0x1c /home/runner/work/Padavan-KVR/Padavan-KVR/toolchain-mipsel/toolchain-3.4.x/bin/../mipsel-linux-uclibc/sysroot/usr/lib/crti.o
                0x0000000000402fd8                _init
 .init          0x0000000000402ff4       0x20 /home/runner/work/Padavan-KVR/Padavan-KVR/toolchain-mipsel/toolchain-3.4.x/bin/../lib/gcc/mipsel-linux-uclibc/7.4.0/crtbegin.o
 .init          0x0000000000403014       0x20 /home/runner/work/Padavan-KVR/Padavan-KVR/toolchain-mipsel/toolchain-3.4.x/bin/../lib/gcc/mipsel-linux-uclibc/7.4.0/crtend.o
 .init          0x0000000000403034       0x10 /home/runner/work/Padavan-KVR/Padavan-KVR/toolchain-mipsel/toolchain-3.4.x/bin/../mipsel-linux-uclibc/sysroot/usr/lib/crtn.o

.text           0x0000000000403050    0x86294
                0x0000000000403050                _ftext = .
 *(SORT_BY_ALIGNMENT(.text.unlikely) SORT_BY_ALIGNMENT(.text.*_unlikely) SORT_BY_ALIGNMENT(.text.unlikely.*))
 *(SORT_BY_ALIGNMENT(.text.exit) SORT_BY_ALIGNMENT(.text.exit.*))
 *(SORT_BY_ALIGNMENT(.text.startup) SORT_BY_ALIGNMENT(.text.startup.*))
 *(SORT_BY_ALIGNMENT(.text.hot) SORT_BY_ALIGNMENT(.text.hot.*))
 *(SORT_BY_ALIGNMENT(.text) SORT_BY_ALIGNMENT(.stub) SORT_BY_ALIGNMENT(.text.*) SORT_BY_ALIGNMENT(.gnu.linkonce.t.*))
 .text          0x0000000000403050       0x60 /home/runner/work/Padavan-KVR/Padavan-KVR/toolchain-mipsel/toolchain-3.4.x/bin/../mipsel-linux-uclibc/sysroot/usr/lib/crt1.o
                0x0000000000403050                __start
 .text          0x00000000004030b0      0x1a0 /home/runner/work/Padavan-KVR/Padavan-KVR/toolchain-mipsel/toolchain-3.4.x/bin/../lib/gcc/mipsel-linux-uclibc/7.4.0/crtbegin.o
 .text          0x0000000000403250       0x40 /home/runner/work/Padavan-KVR/Padavan-KVR/toolchain-mipsel/toolchain-3.4.x/bin/../lib/gcc/mipsel-linux-uclibc/7.4.0/libgcc.a(_lshrdi3.o)
                0x0000000000403250                __lshrdi3
 .text          0x0000000000403290       0x40 /home/runner/work/Padavan-KVR/Padavan-KVR/toolchain-mipsel/toolchain-3.4.x/bin/../lib/gcc/mipsel-linux-uclibc/7.4.0/libgcc.a(_ashldi3.o)
                0x0000000000403290                __ashldi3
 .text          0x00000000004032d0       0x80 /home/runner/work/Padavan-KVR/Padavan-KVR/toolchain-mipsel/toolchain-3.4.x/bin/../lib/gcc/mipsel-linux-uclibc/7.4.0/libgcc.a(_fixdfdi.o)
                0x00000000004032d0                __fixdfdi
 .text          0x0000000000403350       0xa0 /home/runner/work/Padavan-KVR/Padavan-KVR/toolchain-mipsel/toolchain-3.4.x/bin/../lib/gcc/mipsel-linux-uclibc/7.4.0/libgcc.a(_fixunsdfdi.o)
                0x0000000000403350                __fixunsdfdi
 .text          0x00000000004033f0       0x40 /home/runner/work/Padavan-KVR/Padavan-KVR/toolchain-mipsel/toolchain-3.4.x/bin/../lib/gcc/mipsel-linux-uclibc/7.4.0/libgcc.a(_floatdidf.o)
                0x00000000004033f0                __floatdidf
 .text          0x0000000000403430       0x50 /home/runner/work/Padavan-KVR/Padavan-KVR/toolchain-mipsel/toolchain-3.4.x/bin/../lib/gcc/mipsel-linux-uclibc/7.4.0/libgcc.a(_floatundidf.o)
                0x0000000000403430                __floatundidf
 .text          0x0000000000403480      0x450 /home/runner/work/Padavan-KVR/Padavan-KVR/toolchain-mipsel/toolchain-3.4.x/bin/../lib/gcc/mipsel-linux-uclibc/7.4.0/libgcc.a(_moddi3.o)
                0x0000000000403480                __moddi3
 .text          0x00000000004038d0      0x3f0 /home/runner/work/Padavan-KVR/Padavan-KVR/toolchain-mipsel/toolchain-3.4.x/bin/../lib/gcc/mipsel-linux-uclibc/7.4.0/libgcc.a(_udivdi3.o)
                0x00000000004038d0                __udivdi3
 .text          0x0000000000403cc0      0x400 /home/runner/work/Padavan-KVR/Padavan-KVR/toolchain-mipsel/toolchain-3.4.x/bin/../lib/gcc/mipsel-linux-uclibc/7.4.0/libgcc.a(_umoddi3.o)
                0x0000000000403cc0                __umoddi3
 .text          0x00000000004040c0       0x50 /home/runner/work/Padavan-KVR/Padavan-KVR/toolchain-mipsel/toolchain-3.4.x/bin/../lib/gcc/mipsel-linux-uclibc/7.4.0/crtend.o
 .text.string_array_len
                0x0000000000404110       0x1c libbb/lib.a(appletlib.o)
                0x0000000000404110                string_array_len
 .text.find_applet_by_name
                0x000000000040412c       0xe8 libbb/lib.a(appletlib.o)
                0x000000000040412c                find_applet_by_name
 .text.bb_show_usage
                0x0000000000404214      0x118 libbb/lib.a(appletlib.o)
                0x0000000000404214                bb_show_usage
 .text.lbb_prepare
                0x000000000040432c       0x44 libbb/lib.a(appletlib.o)
                0x000000000040432c                lbb_prepare
 .text.show_usage_if_dash_dash_help
                0x0000000000404370       0x80 libbb/lib.a(appletlib.o)
                0x0000000000404370                show_usage_if_dash_dash_help
 .text.run_applet_no_and_exit
                0x00000000004043f0      0x11c libbb/lib.a(appletlib.o)
                0x00000000004043f0                run_applet_no_and_exit
 .text.run_applet_and_exit
                0x000000000040450c      0x2b8 libbb/lib.a(appletlib.o)
 .text.main     0x00000000004047c4       0xa4 libbb/lib.a(appletlib.o)
                0x00000000004047c4                main
 .text.is_prefixed_with
                0x0000000000404868       0x30 libbb/lib.a(compare_string_array.o)
                0x0000000000404868                is_prefixed_with
 .text.is_suffixed_with
                0x0000000000404898       0x84 libbb/lib.a(compare_string_array.o)
                0x0000000000404898                is_suffixed_with
 .text.index_in_strings
                0x000000000040491c       0x58 libbb/lib.a(compare_string_array.o)
                0x000000000040491c                index_in_strings
 .text.index_in_substrings
                0x0000000000404974       0xe8 libbb/lib.a(compare_string_array.o)
                0x0000000000404974                index_in_substrings
 .text.nth_string
                0x0000000000404a5c       0x34 libbb/lib.a(compare_string_array.o)
                0x0000000000404a5c                nth_string
 .text.bb_basename
                0x0000000000404a90       0x44 libbb/lib.a(get_last_path_component.o)
                0x0000000000404a90                bb_basename
 .text.bb_get_last_path_component_nostrip
                0x0000000000404ad4       0x5c libbb/lib.a(get_last_path_component.o)
                0x0000000000404ad4                bb_get_last_path_component_nostrip
 .text.bb_get_last_path_component_strip
                0x0000000000404b30       0x5c libbb/lib.a(get_last_path_component.o)
                0x0000000000404b30                bb_get_last_path_component_strip
 .text.last_char_is
                0x0000000000404b8c       0x38 libbb/lib.a(last_char_is.o)
                0x0000000000404b8c                last_char_is
 .text.bb_verror_msg
                0x0000000000404bc4      0x2cc libbb/lib.a(verror_msg.o)
                0x0000000000404bc4                bb_verror_msg
 .text.bb_error_msg_and_die
                0x0000000000404e90       0x34 libbb/lib.a(verror_msg.o)
                0x0000000000404e90                bb_error_msg_and_die
 .text.bb_error_msg
                0x0000000000404ec4       0x30 libbb/lib.a(verror_msg.o)
                0x0000000000404ec4                bb_error_msg
 .text.bb_vinfo_msg
                0x0000000000404ef4       0x38 libbb/lib.a(verror_msg.o)
                0x0000000000404ef4                bb_vinfo_msg
 .text.bb_info_msg
                0x0000000000404f2c       0x2c libbb/lib.a(verror_msg.o)
                0x0000000000404f2c                bb_info_msg
 .text.bb_simple_info_msg
                0x0000000000404f58       0x10 libbb/lib.a(verror_msg.o)
                0x0000000000404f58                bb_simple_info_msg
 .text.bb_simple_error_msg
                0x0000000000404f68       0x10 libbb/lib.a(verror_msg.o)
                0x0000000000404f68                bb_simple_error_msg
 .text.bb_simple_error_msg_and_die
                0x0000000000404f78       0x18 libbb/lib.a(verror_msg.o)
                0x0000000000404f78                bb_simple_error_msg_and_die
 .text.xfunc_die
                0x0000000000404f90       0x3c libbb/lib.a(xfunc_die.o)
                0x0000000000404f90                xfunc_die
 .text.ndelay_on
                0x0000000000404fcc       0x68 libbb/lib.a(xfuncs.o)
                0x0000000000404fcc                ndelay_on
 .text.ndelay_off
                0x0000000000405034       0x6c libbb/lib.a(xfuncs.o)
                0x0000000000405034                ndelay_off
 .text.close_on_exec_on
                0x00000000004050a0       0x18 libbb/lib.a(xfuncs.o)
                0x00000000004050a0                close_on_exec_on
 .text.strncpy_IFNAMSIZ
                0x00000000004050b8       0x14 libbb/lib.a(xfuncs.o)
                0x00000000004050b8                strncpy_IFNAMSIZ
 .text.utoa_to_buf
                0x00000000004050cc       0x74 libbb/lib.a(xfuncs.o)
                0x00000000004050cc                utoa_to_buf
 .text.itoa_to_buf
                0x0000000000405140       0x34 libbb/lib.a(xfuncs.o)
                0x0000000000405140                itoa_to_buf
 .text.utoa     0x0000000000405174       0x2c libbb/lib.a(xfuncs.o)
                0x0000000000405174                utoa
 .text.itoa     0x00000000004051a0       0x2c libbb/lib.a(xfuncs.o)
                0x00000000004051a0                itoa
 .text.bin2hex  0x00000000004051cc       0x58 libbb/lib.a(xfuncs.o)
                0x00000000004051cc                bin2hex
 .text.hex2bin  0x0000000000405224       0xf0 libbb/lib.a(xfuncs.o)
                0x0000000000405224                hex2bin
 .text.bb_putchar_stderr
                0x0000000000405314       0x38 libbb/lib.a(xfuncs.o)
                0x0000000000405314                bb_putchar_stderr
 .text.full_write1_str
                0x000000000040534c       0x4c libbb/lib.a(xfuncs.o)
                0x000000000040534c                full_write1_str
 .text.full_write2_str
                0x0000000000405398       0x4c libbb/lib.a(xfuncs.o)
                0x0000000000405398                full_write2_str
 .text.get_terminal_width_height
                0x00000000004053e4      0x1b0 libbb/lib.a(xfuncs.o)
                0x00000000004053e4                get_terminal_width_height
 .text.get_terminal_width
                0x0000000000405594       0x24 libbb/lib.a(xfuncs.o)
                0x0000000000405594                get_terminal_width
 .text.is_TERM_dumb
                0x00000000004055b8       0x54 libbb/lib.a(xfuncs.o)
                0x00000000004055b8                is_TERM_dumb
 .text.tcsetattr_stdin_TCSANOW
                0x000000000040560c       0x1c libbb/lib.a(xfuncs.o)
                0x000000000040560c                tcsetattr_stdin_TCSANOW
 .text.get_termios_and_make_raw
                0x0000000000405628      0x110 libbb/lib.a(xfuncs.o)
                0x0000000000405628                get_termios_and_make_raw
 .text.set_termios_to_raw
                0x0000000000405738       0x60 libbb/lib.a(xfuncs.o)
                0x0000000000405738                set_termios_to_raw
 .text.safe_waitpid
                0x0000000000405798       0x94 libbb/lib.a(xfuncs.o)
                0x0000000000405798                safe_waitpid
 .text.wait_any_nohang
                0x000000000040582c       0x10 libbb/lib.a(xfuncs.o)
                0x000000000040582c                wait_any_nohang
 .text.wait4pid
                0x000000000040583c       0x6c libbb/lib.a(xfuncs.o)
                0x000000000040583c                wait4pid
 .text.bb_die_memory_exhausted
                0x00000000004058a8       0x1c libbb/lib.a(xfuncs_printf.o)
                0x00000000004058a8                bb_die_memory_exhausted
 .text.malloc_or_warn
                0x00000000004058c4       0x5c libbb/lib.a(xfuncs_printf.o)
                0x00000000004058c4                malloc_or_warn
 .text.xmalloc  0x0000000000405920       0x48 libbb/lib.a(xfuncs_printf.o)
                0x0000000000405920                xmalloc
 .text.xrealloc
                0x0000000000405968       0x48 libbb/lib.a(xfuncs_printf.o)
                0x0000000000405968                xrealloc
 .text.xzalloc  0x00000000004059b0       0x48 libbb/lib.a(xfuncs_printf.o)
                0x00000000004059b0                xzalloc
 .text.xstrdup  0x00000000004059f8       0x44 libbb/lib.a(xfuncs_printf.o)
                0x00000000004059f8                xstrdup
 .text.xstrndup
                0x0000000000405a3c       0x38 libbb/lib.a(xfuncs_printf.o)
                0x0000000000405a3c                xstrndup
 .text.xmemdup  0x0000000000405a74       0x54 libbb/lib.a(xfuncs_printf.o)
                0x0000000000405a74                xmemdup
 .text.mmap_anon
                0x0000000000405ac8       0x50 libbb/lib.a(xfuncs_printf.o)
                0x0000000000405ac8                mmap_anon
 .text.xmmap_anon
                0x0000000000405b18       0x2c libbb/lib.a(xfuncs_printf.o)
                0x0000000000405b18                xmmap_anon
 .text.xfopen   0x0000000000405b44       0x50 libbb/lib.a(xfuncs_printf.o)
                0x0000000000405b44                xfopen
 .text.xopen3   0x0000000000405b94       0x50 libbb/lib.a(xfuncs_printf.o)
                0x0000000000405b94                xopen3
 .text.xopen    0x0000000000405be4        0x8 libbb/lib.a(xfuncs_printf.o)
                0x0000000000405be4                xopen
 .text.open3_or_warn
                0x0000000000405bec       0x58 libbb/lib.a(xfuncs_printf.o)
                0x0000000000405bec                open3_or_warn
 .text.open_or_warn
                0x0000000000405c44        0x8 libbb/lib.a(xfuncs_printf.o)
                0x0000000000405c44                open_or_warn
 .text.xunlink  0x0000000000405c4c       0x50 libbb/lib.a(xfuncs_printf.o)
                0x0000000000405c4c                xunlink
 .text.xrename  0x0000000000405c9c       0x60 libbb/lib.a(xfuncs_printf.o)
                0x0000000000405c9c                xrename
 .text.xpipe    0x0000000000405cfc       0x44 libbb/lib.a(xfuncs_printf.o)
                0x0000000000405cfc                xpipe
 .text.xdup2    0x0000000000405d40       0x4c libbb/lib.a(xfuncs_printf.o)
                0x0000000000405d40                xdup2
 .text.xmove_fd
                0x0000000000405d8c       0x48 libbb/lib.a(xfuncs_printf.o)
                0x0000000000405d8c                xmove_fd
 .text.xwrite   0x0000000000405dd4       0x64 libbb/lib.a(xfuncs_printf.o)
                0x0000000000405dd4                xwrite
 .text.xwrite_str
                0x0000000000405e38       0x4c libbb/lib.a(xfuncs_printf.o)
                0x0000000000405e38                xwrite_str
 .text.xclose   0x0000000000405e84       0x44 libbb/lib.a(xfuncs_printf.o)
                0x0000000000405e84                xclose
 .text.xlseek   0x0000000000405ec8       0x7c libbb/lib.a(xfuncs_printf.o)
                0x0000000000405ec8                xlseek
 .text.xmkstemp
                0x0000000000405f44       0x50 libbb/lib.a(xfuncs_printf.o)
                0x0000000000405f44                xmkstemp
 .text.die_if_ferror
                0x0000000000405f94       0x30 libbb/lib.a(xfuncs_printf.o)
                0x0000000000405f94                die_if_ferror
 .text.die_if_ferror_stdout
                0x0000000000405fc4       0x1c libbb/lib.a(xfuncs_printf.o)
                0x0000000000405fc4                die_if_ferror_stdout
 .text.fflush_all
                0x0000000000405fe0       0x14 libbb/lib.a(xfuncs_printf.o)
                0x0000000000405fe0                fflush_all
 .text.bb_putchar
                0x0000000000405ff4       0x44 libbb/lib.a(xfuncs_printf.o)
                0x0000000000405ff4                bb_putchar
 .text.fputs_stdout
                0x0000000000406038       0x18 libbb/lib.a(xfuncs_printf.o)
                0x0000000000406038                fputs_stdout
 .text.xasprintf
                0x0000000000406050       0x54 libbb/lib.a(xfuncs_printf.o)
                0x0000000000406050                xasprintf
 .text.xsetenv  0x00000000004060a4       0x38 libbb/lib.a(xfuncs_printf.o)
                0x00000000004060a4                xsetenv
 .text.bb_unsetenv
                0x00000000004060dc       0xac libbb/lib.a(xfuncs_printf.o)
                0x00000000004060dc                bb_unsetenv
 .text.bb_unsetenv_and_free
                0x0000000000406188       0x3c libbb/lib.a(xfuncs_printf.o)
                0x0000000000406188                bb_unsetenv_and_free
 .text.xsetgid  0x00000000004061c4       0x44 libbb/lib.a(xfuncs_printf.o)
                0x00000000004061c4                xsetgid
 .text.xsetuid  0x0000000000406208       0x44 libbb/lib.a(xfuncs_printf.o)
                0x0000000000406208                xsetuid
 .text.xsetegid
                0x000000000040624c       0x44 libbb/lib.a(xfuncs_printf.o)
                0x000000000040624c                xsetegid
 .text.xseteuid
                0x0000000000406290       0x44 libbb/lib.a(xfuncs_printf.o)
                0x0000000000406290                xseteuid
 .text.xopen_as_uid_gid
                0x00000000004062d4       0xa8 libbb/lib.a(xfuncs_printf.o)
                0x00000000004062d4                xopen_as_uid_gid
 .text.xchdir   0x000000000040637c       0x50 libbb/lib.a(xfuncs_printf.o)
                0x000000000040637c                xchdir
 .text.xfchdir  0x00000000004063cc       0x44 libbb/lib.a(xfuncs_printf.o)
                0x00000000004063cc                xfchdir
 .text.xchroot  0x0000000000406410       0x5c libbb/lib.a(xfuncs_printf.o)
                0x0000000000406410                xchroot
 .text.warn_opendir
                0x000000000040646c       0x58 libbb/lib.a(xfuncs_printf.o)
                0x000000000040646c                warn_opendir
 .text.xopendir
                0x00000000004064c4       0x50 libbb/lib.a(xfuncs_printf.o)
                0x00000000004064c4                xopendir
 .text.xsocket  0x0000000000406514       0x44 libbb/lib.a(xfuncs_printf.o)
                0x0000000000406514                xsocket
 .text.xbind    0x0000000000406558       0x44 libbb/lib.a(xfuncs_printf.o)
                0x0000000000406558                xbind
 .text.xlisten  0x000000000040659c       0x44 libbb/lib.a(xfuncs_printf.o)
                0x000000000040659c                xlisten
 .text.xsendto  0x00000000004065e0       0x50 libbb/lib.a(xfuncs_printf.o)
                0x00000000004065e0                xsendto
 .text.xstat    0x0000000000406630       0x50 libbb/lib.a(xfuncs_printf.o)
                0x0000000000406630                xstat
 .text.xfstat   0x0000000000406680       0x48 libbb/lib.a(xfuncs_printf.o)
                0x0000000000406680                xfstat
 .text.ioctl_or_perror_and_die
                0x00000000004066c8       0x88 libbb/lib.a(xfuncs_printf.o)
                0x00000000004066c8                ioctl_or_perror_and_die
 .text.ioctl_or_perror
                0x0000000000406750       0x88 libbb/lib.a(xfuncs_printf.o)
                0x0000000000406750                ioctl_or_perror
 .text.bb_ioctl_or_warn
                0x00000000004067d8       0x50 libbb/lib.a(xfuncs_printf.o)
                0x00000000004067d8                bb_ioctl_or_warn
 .text.bb_xioctl
                0x0000000000406828       0x48 libbb/lib.a(xfuncs_printf.o)
                0x0000000000406828                bb_xioctl
 .text.xmalloc_ttyname
                0x0000000000406870       0x54 libbb/lib.a(xfuncs_printf.o)
                0x0000000000406870                xmalloc_ttyname
 .text.xfork    0x00000000004068c4       0x44 libbb/lib.a(xfuncs_printf.o)
                0x00000000004068c4                xfork
 .text.xsettimeofday
                0x0000000000406908       0x44 libbb/lib.a(xfuncs_printf.o)
                0x0000000000406908                xsettimeofday
 .text.xgettimeofday
                0x000000000040694c       0x14 libbb/lib.a(xfuncs_printf.o)
                0x000000000040694c                xgettimeofday
 .text.bb_full_fd_action
                0x0000000000406960      0x240 libbb/lib.a(copyfd.o)
 .text.bb_copyfd_size
                0x0000000000406ba0       0x20 libbb/lib.a(copyfd.o)
                0x0000000000406ba0                bb_copyfd_size
 .text.bb_copyfd_exact_size
                0x0000000000406bc0       0x84 libbb/lib.a(copyfd.o)
                0x0000000000406bc0                bb_copyfd_exact_size
 .text.bb_copyfd_eof
                0x0000000000406c44        0xc libbb/lib.a(copyfd.o)
                0x0000000000406c44                bb_copyfd_eof
 .text.full_write
                0x0000000000406c50       0x88 libbb/lib.a(full_write.o)
                0x0000000000406c50                full_write
 .text.bb_perror_msg
                0x0000000000406cd8       0x80 libbb/lib.a(perror_msg.o)
                0x0000000000406cd8                bb_perror_msg
 .text.bb_perror_msg_and_die
                0x0000000000406d58       0x7c libbb/lib.a(perror_msg.o)
                0x0000000000406d58                bb_perror_msg_and_die
 .text.bb_simple_perror_msg
                0x0000000000406dd4       0x10 libbb/lib.a(perror_msg.o)
                0x0000000000406dd4                bb_simple_perror_msg
 .text.bb_simple_perror_msg_and_die
                0x0000000000406de4       0x18 libbb/lib.a(perror_msg.o)
                0x0000000000406de4                bb_simple_perror_msg_and_die
 .text.safe_read
                0x0000000000406dfc       0x90 libbb/lib.a(read.o)
                0x0000000000406dfc                safe_read
 .text.full_read
                0x0000000000406e8c       0x7c libbb/lib.a(read.o)
                0x0000000000406e8c                full_read
 .text.read_close
                0x0000000000406f08       0x50 libbb/lib.a(read.o)
                0x0000000000406f08                read_close
 .text.open_read_close
                0x0000000000406f58       0x60 libbb/lib.a(read.o)
                0x0000000000406f58                open_read_close
 .text.safe_write
                0x0000000000406fb8       0x90 libbb/lib.a(safe_write.o)
                0x0000000000406fb8                safe_write
 .text.record_signo
                0x0000000000407048        0xc libbb/lib.a(signals.o)
                0x0000000000407048                record_signo
 .text.sigaction_set
                0x0000000000407054       0x14 libbb/lib.a(signals.o)
                0x0000000000407054                sigaction_set
 .text.sigprocmask_allsigs
                0x0000000000407068       0x44 libbb/lib.a(signals.o)
                0x0000000000407068                sigprocmask_allsigs
 .text.sigprocmask2
                0x00000000004070ac       0x14 libbb/lib.a(signals.o)
                0x00000000004070ac                sigprocmask2
 .text.bb_signals
                0x00000000004070c0       0x80 libbb/lib.a(signals.o)
                0x00000000004070c0                bb_signals
 .text.bb_signals_norestart
                0x0000000000407140       0x88 libbb/lib.a(signals.o)
                0x0000000000407140                bb_signals_norestart
 .text.sig_unblock
                0x00000000004071c8       0x64 libbb/lib.a(signals.o)
                0x00000000004071c8                sig_unblock
 .text.kill_myself_with_sig
                0x000000000040722c       0x50 libbb/lib.a(signals.o)
                0x000000000040722c                kill_myself_with_sig
 .text.signal_SA_RESTART_empty_mask
                0x000000000040727c       0x3c libbb/lib.a(signals.o)
                0x000000000040727c                signal_SA_RESTART_empty_mask
 .text.signal_no_SA_RESTART_empty_mask
                0x00000000004072b8       0x38 libbb/lib.a(signals.o)
                0x00000000004072b8                signal_no_SA_RESTART_empty_mask
 .text.get_mono
                0x00000000004072f0       0x48 libbb/lib.a(time.o)
 .text.parse_datestr
                0x0000000000407338      0x5b4 libbb/lib.a(time.o)
                0x0000000000407338                parse_datestr
 .text.validate_tm_time
                0x00000000004078ec       0x58 libbb/lib.a(time.o)
                0x00000000004078ec                validate_tm_time
 .text.strftime_HHMMSS
                0x0000000000407944       0x90 libbb/lib.a(time.o)
                0x0000000000407944                strftime_HHMMSS
 .text.strftime_YYYYMMDDHHMMSS
                0x00000000004079d4       0x90 libbb/lib.a(time.o)
                0x00000000004079d4                strftime_YYYYMMDDHHMMSS
 .text.monotonic_us
                0x0000000000407a64       0x58 libbb/lib.a(time.o)
                0x0000000000407a64                monotonic_us
 .text.monotonic_ms
                0x0000000000407abc       0x58 libbb/lib.a(time.o)
                0x0000000000407abc                monotonic_ms
 .text.monotonic_sec
                0x0000000000407b14       0x20 libbb/lib.a(time.o)
                0x0000000000407b14                monotonic_sec
 .text.handle_errors.isra.0
                0x0000000000407b34       0x68 libbb/lib.a(bb_strtonum.o)
 .text.bb_strtoull
                0x0000000000407b9c       0xa8 libbb/lib.a(bb_strtonum.o)
                0x0000000000407b9c                bb_strtoull
 .text.bb_strtoll
                0x0000000000407c44       0xa8 libbb/lib.a(bb_strtonum.o)
                0x0000000000407c44                bb_strtoll
 .text.bb_strtoul
                0x0000000000407cec       0xa4 libbb/lib.a(bb_strtonum.o)
                0x0000000000407cec                bb_strtoul
 .text.bb_strtol
                0x0000000000407d90       0xa4 libbb/lib.a(bb_strtonum.o)
                0x0000000000407d90                bb_strtol
 .text.addgroup_main
                0x0000000000407e34      0x2d4 loginutils/lib.a(addgroup.o)
                0x0000000000407e34                addgroup_main
 .text.addgroup_wrapper
                0x0000000000408108       0x98 loginutils/lib.a(adduser.o)
 .text.adduser_main
                0x00000000004081a0      0x538 loginutils/lib.a(adduser.o)
                0x00000000004081a0                adduser_main
 .text.chpasswd_main
                0x00000000004086d8      0x2a8 loginutils/lib.a(chpasswd.o)
                0x00000000004086d8                chpasswd_main
 .text.alarm_handler
                0x0000000000408980       0x8c loginutils/lib.a(login.o)
 .text.login_main
                0x0000000000408a0c      0x56c loginutils/lib.a(login.o)
                0x0000000000408a0c                login_main
 .text.passwd_main
                0x0000000000408f78      0x5d0 loginutils/lib.a(passwd.o)
                0x0000000000408f78                passwd_main
 .text.smtp_checkp
                0x0000000000409548      0x17c mailutils/lib.a(sendmail.o)
 .text.rcptto   0x00000000004096c4       0x6c mailutils/lib.a(sendmail.o)
 .text.smtp_check
                0x0000000000409730        0xc mailutils/lib.a(sendmail.o)
 .text.sane_address
                0x000000000040973c       0xb8 mailutils/lib.a(sendmail.o)
 .text.angle_address
                0x00000000004097f4       0x7c mailutils/lib.a(sendmail.o)
 .text.rcptto_list
                0x0000000000409870      0x100 mailutils/lib.a(sendmail.o)
 .text.sendmail_main
                0x0000000000409970      0x824 mailutils/lib.a(sendmail.o)
                0x0000000000409970                sendmail_main
 .text.signal_handler
                0x000000000040a194       0xb0 mailutils/lib.a(mail.o)
 .text.encode_n_base64
                0x000000000040a244      0x1bc mailutils/lib.a(mail.o)
 .text.launch_helper
                0x000000000040a400      0x16c mailutils/lib.a(mail.o)
                0x000000000040a400                launch_helper
 .text.send_r_n
                0x000000000040a56c       0x68 mailutils/lib.a(mail.o)
                0x000000000040a56c                send_r_n
 .text.send_mail_command
                0x000000000040a5d4       0x80 mailutils/lib.a(mail.o)
                0x000000000040a5d4                send_mail_command
 .text.printstr_base64
                0x000000000040a654       0x44 mailutils/lib.a(mail.o)
                0x000000000040a654                printstr_base64
 .text.printbuf_base64
                0x000000000040a698       0x10 mailutils/lib.a(mail.o)
                0x000000000040a698                printbuf_base64
 .text.get_cred_or_die
                0x000000000040a6a8       0xf4 mailutils/lib.a(mail.o)
                0x000000000040a6a8                get_cred_or_die
 .text.ascii_main
                0x000000000040a79c      0x13c miscutils/lib.a(ascii.o)
                0x000000000040a79c                ascii_main
 .text.log8     0x000000000040a8d8       0x58 miscutils/lib.a(crond.o)
 .text.reopen_logfile_to_stderr
                0x000000000040a930       0x64 miscutils/lib.a(crond.o)
 .text.delete_cronfile
                0x000000000040a994      0x110 miscutils/lib.a(crond.o)
 .text.ParseField
                0x000000000040aaa4      0x2b8 miscutils/lib.a(crond.o)
 .text.safe_setenv
                0x000000000040ad5c       0x74 miscutils/lib.a(crond.o)
 .text.log7.constprop.1
                0x000000000040add0       0x5c miscutils/lib.a(crond.o)
 .text.log5     0x000000000040ae2c       0x58 miscutils/lib.a(crond.o)
 .text.load_crontab
                0x000000000040ae84      0x484 miscutils/lib.a(crond.o)
 .text.rescan_crontab_dir
                0x000000000040b308      0x104 miscutils/lib.a(crond.o)
 .text.fork_job
                0x000000000040b40c      0x2ac miscutils/lib.a(crond.o)
 .text.crond_main
                0x000000000040b6b8      0x7f0 miscutils/lib.a(crond.o)
                0x000000000040b6b8                crond_main
 .text.edit_file
                0x000000000040bea8      0x100 miscutils/lib.a(crontab.o)
 .text.crontab_main
                0x000000000040bfa8      0x420 miscutils/lib.a(crontab.o)
                0x000000000040bfa8                crontab_main
 .text.strings_main
                0x000000000040c3c8      0x2dc miscutils/lib.a(strings.o)
                0x000000000040c3c8                strings_main
 .text.ptok     0x000000000040c6a4       0x38 miscutils/lib.a(time.o)
 .text.run_command
                0x000000000040c6dc      0x194 miscutils/lib.a(time.o)
 .text.time_main
                0x000000000040c870      0x5f0 miscutils/lib.a(time.o)
                0x000000000040c870                time_main
 .text.insmod_main
                0x000000000040ce60      0x1f8 modutils/lib.a(insmod.o)
                0x000000000040ce60                insmod_main
 .text.lsmod_main
                0x000000000040d058      0x19c modutils/lib.a(lsmod.o)
                0x000000000040d058                lsmod_main
 .text.display  0x000000000040d1f4       0xc0 modutils/lib.a(modinfo.o)
 .text.modinfo  0x000000000040d2b4      0x28c modutils/lib.a(modinfo.o)
 .text.modinfo_main
                0x000000000040d540      0x200 modutils/lib.a(modinfo.o)
                0x000000000040d540                modinfo_main
 .text.read_config
                0x000000000040d740       0x34 modutils/lib.a(modprobe.o)
 .text.gather_options_str
                0x000000000040d774       0xc8 modutils/lib.a(modprobe.o)
 .text.get_or_add_modentry
                0x000000000040d83c       0x1c modutils/lib.a(modprobe.o)
 .text.add_probe
                0x000000000040d858       0x78 modutils/lib.a(modprobe.o)
 .text.config_file_action
                0x000000000040d8d0      0x2a4 modutils/lib.a(modprobe.o)
 .text.do_modprobe
                0x000000000040db74      0x3fc modutils/lib.a(modprobe.o)
 .text.modprobe_main
                0x000000000040df70      0x600 modutils/lib.a(modprobe.o)
                0x000000000040df70                modprobe_main
 .text.replace  0x000000000040e570       0x24 modutils/lib.a(modutils.o)
                0x000000000040e570                replace
 .text.string_to_llist
                0x000000000040e594       0xd0 modutils/lib.a(modutils.o)
                0x000000000040e594                string_to_llist
 .text.filename2modname
                0x000000000040e664       0x90 modutils/lib.a(modutils.o)
                0x000000000040e664                filename2modname
 .text.helper_get_module
                0x000000000040e6f4       0xfc modutils/lib.a(modutils.o)
 .text.moddb_get
                0x000000000040e7f0        0x8 modutils/lib.a(modutils.o)
                0x000000000040e7f0                moddb_get
 .text.moddb_get_or_create
                0x000000000040e7f8        0x8 modutils/lib.a(modutils.o)
                0x000000000040e7f8                moddb_get_or_create
 .text.parse_cmdline_module_options
                0x000000000040e800      0x148 modutils/lib.a(modutils.o)
                0x000000000040e800                parse_cmdline_module_options
 .text.bb_init_module
                0x000000000040e948       0xc4 modutils/lib.a(modutils.o)
                0x000000000040e948                bb_init_module
 .text.bb_delete_module
                0x000000000040ea0c       0x4c modutils/lib.a(modutils.o)
                0x000000000040ea0c                bb_delete_module
 .text.moderror
                0x000000000040ea58       0x8c modutils/lib.a(modutils.o)
                0x000000000040ea58                moderror
 .text.rmmod_main
                0x000000000040eae4      0x160 modutils/lib.a(rmmod.o)
                0x000000000040eae4                rmmod_main
 .text.arp_show
                0x000000000040ec44      0x404 networking/lib.a(arp.o)
 .text.arp_main
                0x000000000040f048      0x798 networking/lib.a(arp.o)
                0x000000000040f048                arp_main
 .text.finish   0x000000000040f7e0       0xac networking/lib.a(arping.o)
 .text.catcher  0x000000000040f88c      0x21c networking/lib.a(arping.o)
 .text.arping_main
                0x000000000040faa8      0x95c networking/lib.a(arping.o)
                0x000000000040faa8                arping_main
 .text.read_file
                0x0000000000410404       0x74 networking/lib.a(brctl.o)
 .text.show_bridge
                0x0000000000410478      0x23c networking/lib.a(brctl.o)
 .text.compare_fdbs
                0x00000000004106b4       0x14 networking/lib.a(brctl.o)
 .text.printf_xstrtou
                0x00000000004106c8       0x50 networking/lib.a(brctl.o)
 .text.show_bridge_timer
                0x0000000000410718       0xb8 networking/lib.a(brctl.o)
 .text.write_uint
                0x00000000004107d0       0xc0 networking/lib.a(brctl.o)
 .text.brctl_main
                0x0000000000410890      0xd20 networking/lib.a(brctl.o)
                0x0000000000410890                brctl_main
 .text.ether_wake_main
                0x00000000004115b0      0x3a8 networking/lib.a(ether-wake.o)
                0x00000000004115b0                ether_wake_main
 .text.do_sethostname
                0x0000000000411958       0xe0 networking/lib.a(hostname.o)
 .text.hostname_main
                0x0000000000411a38      0x204 networking/lib.a(hostname.o)
                0x0000000000411a38                hostname_main
 .text.ifconfig_main
                0x0000000000411c3c      0x610 networking/lib.a(ifconfig.o)
                0x0000000000411c3c                ifconfig_main
 .text.remove_fd_from_set
                0x000000000041224c       0x50 networking/lib.a(inetd.o)
 .text.init_ring
                0x000000000041229c       0x4c networking/lib.a(inetd.o)
 .text.discard_dg
                0x00000000004122e8       0x20 networking/lib.a(inetd.o)
 .text.maybe_close
                0x0000000000412308       0x20 networking/lib.a(inetd.o)
 .text.free_servtab_strings
                0x0000000000412328       0xc4 networking/lib.a(inetd.o)
 .text.bump_nofile
                0x00000000004123ec      0x13c networking/lib.a(inetd.o)
 .text.add_fd_to_set
                0x0000000000412528       0xb0 networking/lib.a(inetd.o)
 .text.clean_up_and_exit
                0x00000000004125d8       0x88 networking/lib.a(inetd.o)
 .text.reap_child
                0x0000000000412660      0x124 networking/lib.a(inetd.o)
 .text.daytime_dg
                0x0000000000412784      0x114 networking/lib.a(inetd.o)
 .text.daytime_stream
                0x0000000000412898       0x70 networking/lib.a(inetd.o)
 .text.machtime
                0x0000000000412908       0x3c networking/lib.a(inetd.o)
 .text.machtime_dg
                0x0000000000412944       0xcc networking/lib.a(inetd.o)
 .text.machtime_stream
                0x0000000000412a10       0x38 networking/lib.a(inetd.o)
 .text.discard_stream
                0x0000000000412a48       0x64 networking/lib.a(inetd.o)
 .text.echo_stream
                0x0000000000412aac       0x90 networking/lib.a(inetd.o)
 .text.echo_dg  0x0000000000412b3c       0xf0 networking/lib.a(inetd.o)
 .text.xzalloc_lsa
                0x0000000000412c2c       0x60 networking/lib.a(inetd.o)
 .text.block_CHLD_HUP_ALRM
                0x0000000000412c8c       0x84 networking/lib.a(inetd.o)
 .text.rearm_alarm
                0x0000000000412d10       0x30 networking/lib.a(inetd.o)
 .text.prepare_socket_fd
                0x0000000000412d40      0x140 networking/lib.a(inetd.o)
 .text.retry_network_setup
                0x0000000000412e80       0x84 networking/lib.a(inetd.o)
 .text.restore_sigmask
                0x0000000000412f04       0x1c networking/lib.a(inetd.o)
 .text.chargen_dg
                0x0000000000412f20      0x194 networking/lib.a(inetd.o)
 .text.chargen_stream
                0x00000000004130b4       0xf0 networking/lib.a(inetd.o)
 .text.parse_one_line
                0x00000000004131a4      0x66c networking/lib.a(inetd.o)
 .text.reread_config_file
                0x0000000000413810      0x544 networking/lib.a(inetd.o)
 .text.inetd_main
                0x0000000000413d54      0xb8c networking/lib.a(inetd.o)
                0x0000000000413d54                inetd_main
 .text.UNSPEC_print
                0x00000000004148e0       0xb0 networking/lib.a(interface.o)
 .text.UNSPEC_sprint
                0x0000000000414990       0x2c networking/lib.a(interface.o)
 .text.INET6_input
                0x00000000004149bc       0x10 networking/lib.a(interface.o)
 .text.INET6_sprint
                0x00000000004149cc       0x54 networking/lib.a(interface.o)
 .text.INET_input
                0x0000000000414a20       0x10 networking/lib.a(interface.o)
 .text.INET_sprint
                0x0000000000414a30       0x54 networking/lib.a(interface.o)
 .text.ether_print
                0x0000000000414a84       0x58 networking/lib.a(interface.o)
 .text.add_interface
                0x0000000000414adc       0xd0 networking/lib.a(interface.o)
 .text.if_readlist_proc
                0x0000000000414bac      0x2e0 networking/lib.a(interface.o)
 .text.print_bytes_scaled
                0x0000000000414e8c       0xa0 networking/lib.a(interface.o)
 .text.get_aftype
                0x0000000000414f2c       0x70 networking/lib.a(interface.o)
                0x0000000000414f2c                get_aftype
 .text.get_hwtype
                0x0000000000414f9c       0x70 networking/lib.a(interface.o)
                0x0000000000414f9c                get_hwtype
 .text.get_hwntype
                0x000000000041500c       0x2c networking/lib.a(interface.o)
                0x000000000041500c                get_hwntype
 .text.do_if_print
                0x0000000000415038      0xb50 networking/lib.a(interface.o)
 .text.display_interfaces
                0x0000000000415b88      0x1b4 networking/lib.a(interface.o)
                0x0000000000415b88                display_interfaces
 .text.timeout  0x0000000000415d3c       0x1c networking/lib.a(nc.o)
 .text.nc_main  0x0000000000415d58      0x57c networking/lib.a(nc.o)
                0x0000000000415d58                nc_main
 .text.unix_do_one
                0x00000000004162d4      0x39c networking/lib.a(netstat.o)
 .text.build_ipv6_addr
                0x0000000000416670       0xa8 networking/lib.a(netstat.o)
 .text.ip_port_str
                0x0000000000416718      0x118 networking/lib.a(netstat.o)
 .text.dir_act  0x0000000000416830      0x144 networking/lib.a(netstat.o)
 .text.add_to_prg_cache_if_socket
                0x0000000000416974      0x194 networking/lib.a(netstat.o)
 .text.do_info  0x0000000000416b08      0x144 networking/lib.a(netstat.o)
 .text.scan_inet_proc_line
                0x0000000000416c4c      0x120 networking/lib.a(netstat.o)
 .text.print_inet_line
                0x0000000000416d6c      0x194 networking/lib.a(netstat.o)
 .text.raw_do_one
                0x0000000000416f00       0xb4 networking/lib.a(netstat.o)
 .text.udp_do_one
                0x0000000000416fb4       0xf0 networking/lib.a(netstat.o)
 .text.tcp_do_one
                0x00000000004170a4       0x98 networking/lib.a(netstat.o)
 .text.netstat_main
                0x000000000041713c      0x374 networking/lib.a(netstat.o)
                0x000000000041713c                netstat_main
 .text.set_default_dns
                0x00000000004174b0       0xac networking/lib.a(nslookup.o)
 .text.print_host
                0x000000000041755c      0x178 networking/lib.a(nslookup.o)
 .text.nslookup_main
                0x00000000004176d4       0xcc networking/lib.a(nslookup.o)
                0x00000000004176d4                nslookup_main
 .text.my_SQRT  0x00000000004177a0       0x4c networking/lib.a(ntpd.o)
 .text.filter_datapoints
                0x00000000004177ec       0xf8 networking/lib.a(ntpd.o)
 .text.reset_peer_stats
                0x00000000004178e4       0xb8 networking/lib.a(ntpd.o)
 .text.clamp_pollexp_and_set_MAXSTRAT
                0x000000000041799c       0x40 networking/lib.a(ntpd.o)
 .text.compare_point_edge
                0x00000000004179dc       0x28 networking/lib.a(ntpd.o)
 .text.compare_survivor_metric
                0x0000000000417a04       0x28 networking/lib.a(ntpd.o)
 .text.adjust_poll
                0x0000000000417a2c       0xb8 networking/lib.a(ntpd.o)
 .text.poll_interval
                0x0000000000417ae4       0x64 networking/lib.a(ntpd.o)
 .text.resolve_peer_hostname
                0x0000000000417b48      0x104 networking/lib.a(ntpd.o)
 .text.lfp_to_d
                0x0000000000417c4c       0x5c networking/lib.a(ntpd.o)
 .text.sfp_to_d
                0x0000000000417ca8       0x3c networking/lib.a(ntpd.o)
 .text.gettime1900d
                0x0000000000417ce4       0x58 networking/lib.a(ntpd.o)
 .text.ntp_init
                0x0000000000417d3c      0x32c networking/lib.a(ntpd.o)
 .text.run_script
                0x0000000000418068      0x24c networking/lib.a(ntpd.o)
 .text.set_next.isra.0
                0x00000000004182b4       0x30 networking/lib.a(ntpd.o)
 .text.step_time
                0x00000000004182e4      0x1e4 networking/lib.a(ntpd.o)
 .text.update_local_clock
                0x00000000004184c8      0x424 networking/lib.a(ntpd.o)
 .text.recv_and_process_peer_pkt
                0x00000000004188ec      0xac0 networking/lib.a(ntpd.o)
 .text.ntpd_main
                0x00000000004193ac      0x608 networking/lib.a(ntpd.o)
                0x00000000004193ac                ntpd_main
 .text.unpack_tail
                0x00000000004199b4      0x1e0 networking/lib.a(ping.o)
 .text.print_stats_and_exit
                0x0000000000419b94      0x18c networking/lib.a(ping.o)
 .text.sendping_tail.constprop.1
                0x0000000000419d20      0x1bc networking/lib.a(ping.o)
 .text.sendping4
                0x0000000000419edc       0xcc networking/lib.a(ping.o)
 .text.sendping6
                0x0000000000419fa8       0xa8 networking/lib.a(ping.o)
 .text.common_ping_main
                0x000000000041a050      0xbac networking/lib.a(ping.o)
 .text.ping_main
                0x000000000041abfc       0x10 networking/lib.a(ping.o)
                0x000000000041abfc                ping_main
 .text.ping6_main
                0x000000000041ac0c       0x10 networking/lib.a(ping.o)
                0x000000000041ac0c                ping6_main
 .text.set_flags
                0x000000000041ac1c       0x40 networking/lib.a(route.o)
 .text.INET6_displayroutes
                0x000000000041ac5c      0x314 networking/lib.a(route.o)
 .text.kw_lookup
                0x000000000041af70       0xd8 networking/lib.a(route.o)
 .text.INET6_setroute
                0x000000000041b048      0x340 networking/lib.a(route.o)
 .text.INET_setroute
                0x000000000041b388      0x4c8 networking/lib.a(route.o)
 .text.bb_displayroutes
                0x000000000041b850      0x2c8 networking/lib.a(route.o)
                0x000000000041b850                bb_displayroutes
 .text.route_main
                0x000000000041bb18      0x1d0 networking/lib.a(route.o)
                0x000000000041bb18                route_main
 .text.iac_flush
                0x000000000041bce8       0x54 networking/lib.a(telnet.o)
 .text.put_iac  0x000000000041bd3c       0x68 networking/lib.a(telnet.o)
 .text.put_iac2_msb_lsb
                0x000000000041bda4       0x2c networking/lib.a(telnet.o)
 .text.put_iac4_msb_lsb
                0x000000000041bdd0       0x2c networking/lib.a(telnet.o)
 .text.put_iac3_IAC_x_y_merged
                0x000000000041bdfc       0x2c networking/lib.a(telnet.o)
 .text.rawmode  0x000000000041be28       0x30 networking/lib.a(telnet.o)
 .text.cookmode
                0x000000000041be58       0x30 networking/lib.a(telnet.o)
 .text.setConMode
                0x000000000041be88       0xa4 networking/lib.a(telnet.o)
 .text.con_escape
                0x000000000041bf2c      0x1a4 networking/lib.a(telnet.o)
 .text.handle_net_output
                0x000000000041c0d0       0xc0 networking/lib.a(telnet.o)
 .text.telnet_main
                0x000000000041c190      0x6c0 networking/lib.a(telnet.o)
                0x000000000041c190                telnet_main
 .text.handle_sigchld
                0x000000000041c850       0x9c networking/lib.a(telnetd.o)
 .text.make_new_session
                0x000000000041c8ec      0x2ec networking/lib.a(telnetd.o)
 .text.free_session
                0x000000000041cbd8      0x10c networking/lib.a(telnetd.o)
 .text.telnetd_main
                0x000000000041cce4      0x9d8 networking/lib.a(telnetd.o)
                0x000000000041cce4                telnetd_main
 .text.traceroute_init
                0x000000000041d6bc      0x6d4 networking/lib.a(traceroute.o)
 .text.hexdump_if_verbose
                0x000000000041dd90      0x1d8 networking/lib.a(traceroute.o)
 .text.common_traceroute_main
                0x000000000041df68      0xa48 networking/lib.a(traceroute.o)
 .text.traceroute_main
                0x000000000041e9b0        0x8 networking/lib.a(traceroute.o)
                0x000000000041e9b0                traceroute_main
 .text.traceroute6_main
                0x000000000041e9b8        0x8 networking/lib.a(traceroute.o)
                0x000000000041e9b8                traceroute6_main
 .text.xfind_str
                0x000000000041e9c0       0x74 networking/lib.a(vconfig.o)
 .text.vconfig_main
                0x000000000041ea34      0x1a0 networking/lib.a(vconfig.o)
                0x000000000041ea34                vconfig_main
 .text.alarm_handler
                0x000000000041ebd4       0x34 networking/lib.a(wget.o)
 .text.is_ip_address
                0x000000000041ec08       0x64 networking/lib.a(wget.o)
 .text.spawn_https_helper_openssl
                0x000000000041ec6c      0x2dc networking/lib.a(wget.o)
 .text.reset_beg_range_to_zero
                0x000000000041ef48       0x5c networking/lib.a(wget.o)
 .text.spawn_ssl_client
                0x000000000041efa4      0x1b4 networking/lib.a(wget.o)
 .text.set_alarm
                0x000000000041f158       0x4c networking/lib.a(wget.o)
 .text.open_socket
                0x000000000041f1a4       0x70 networking/lib.a(wget.o)
 .text.base64enc
                0x000000000041f214       0x70 networking/lib.a(wget.o)
 .text.fgets_trim_sanitize
                0x000000000041f284      0x114 networking/lib.a(wget.o)
 .text.parse_url
                0x000000000041f398      0x270 networking/lib.a(wget.o)
 .text.get_sanitized_hdr
                0x000000000041f608      0x144 networking/lib.a(wget.o)
 .text.progress_meter
                0x000000000041f74c      0x138 networking/lib.a(wget.o)
 .text.retrieve_file_data
                0x000000000041f884      0x420 networking/lib.a(wget.o)
 .text.ftpcmd   0x000000000041fca4      0x114 networking/lib.a(wget.o)
 .text.wget_main
                0x000000000041fdb8     0x1098 networking/lib.a(wget.o)
                0x000000000041fdb8                wget_main
 .text.send_arp_request
                0x0000000000420e50       0xfc networking/lib.a(zcip.o)
 .text.run      0x0000000000420f4c      0x140 networking/lib.a(zcip.o)
 .text.zcip_main
                0x000000000042108c      0x6f0 networking/lib.a(zcip.o)
                0x000000000042108c                zcip_main
 .text.parse_pasv_epsv
                0x000000000042177c      0x164 networking/lib.a(parse_pasv_epsv.o)
                0x000000000042177c                parse_pasv_epsv
 .text.get24be  0x00000000004218e0       0x20 networking/lib.a(tls.o)
 .text.get_der_len
                0x0000000000421900       0x90 networking/lib.a(tls.o)
 .text.enter_der_item
                0x0000000000421990       0x40 networking/lib.a(tls.o)
 .text.skip_der_item
                0x00000000004219d0       0x2c networking/lib.a(tls.o)
 .text.tls_get_outbuf
                0x00000000004219fc       0x68 networking/lib.a(tls.o)
 .text.tls_get_zeroed_outbuf
                0x0000000000421a64       0x48 networking/lib.a(tls.o)
 .text.hmac_begin
                0x0000000000421aac       0xec networking/lib.a(tls.o)
 .text.hmac_sha_precomputed_v
                0x0000000000421b98       0xa8 networking/lib.a(tls.o)
 .text.hmac_sha_precomputed
                0x0000000000421c40       0x64 networking/lib.a(tls.o)
 .text.prf_hmac_sha256
                0x0000000000421ca4      0x14c networking/lib.a(tls.o)
 .text.bad_record_die.isra.3
                0x0000000000421df0       0xd8 networking/lib.a(tls.o)
 .text.tls_xread_record
                0x0000000000421ec8      0x450 networking/lib.a(tls.o)
 .text.tls_xread_handshake_block
                0x0000000000422318       0x68 networking/lib.a(tls.o)
 .text.hmac.constprop.4
                0x0000000000422380       0x54 networking/lib.a(tls.o)
 .text.tls_get_random
                0x00000000004223d4       0x50 networking/lib.a(tls.o)
                0x00000000004223d4                tls_get_random
 .text.xorbuf   0x0000000000422424       0x2c networking/lib.a(tls.o)
                0x0000000000422424                xorbuf
 .text.xorbuf_aligned_AES_BLOCK_SIZE
                0x0000000000422450       0x44 networking/lib.a(tls.o)
                0x0000000000422450                xorbuf_aligned_AES_BLOCK_SIZE
 .text.xwrite_encrypted
                0x0000000000422494      0x33c networking/lib.a(tls.o)
 .text.xwrite_and_update_handshake_hash
                0x00000000004227d0       0x94 networking/lib.a(tls.o)
 .text.tls_handshake
                0x0000000000422864      0xb30 networking/lib.a(tls.o)
                0x0000000000422864                tls_handshake
 .text.tls_run_copy_loop
                0x0000000000423394      0x1e0 networking/lib.a(tls.o)
                0x0000000000423394                tls_run_copy_loop
 .text.Subword  0x0000000000423574       0x54 networking/lib.a(tls_aes.o)
 .text.AddRoundKey
                0x00000000004235c8       0x5c networking/lib.a(tls_aes.o)
 .text.aes_encrypt_1
                0x0000000000423624      0x19c networking/lib.a(tls_aes.o)
 .text.aes_setkey
                0x00000000004237c0      0x160 networking/lib.a(tls_aes.o)
                0x00000000004237c0                aes_setkey
 .text.aes_encrypt_one_block
                0x0000000000423920       0x6c networking/lib.a(tls_aes.o)
                0x0000000000423920                aes_encrypt_one_block
 .text.aes_cbc_encrypt
                0x000000000042398c       0xfc networking/lib.a(tls_aes.o)
                0x000000000042398c                aes_cbc_encrypt
 .text.aes_cbc_decrypt
                0x0000000000423a88      0x398 networking/lib.a(tls_aes.o)
                0x0000000000423a88                aes_cbc_decrypt
 .text.GMULT    0x0000000000423e20      0x11c networking/lib.a(tls_aesgcm.o)
 .text.aesgcm_GHASH
                0x0000000000423f3c      0x158 networking/lib.a(tls_aesgcm.o)
                0x0000000000423f3c                aesgcm_GHASH
 .text.fe_select
                0x0000000000424094       0x3c networking/lib.a(tls_fe.o)
 .text.lm_add   0x00000000004240d0       0x74 networking/lib.a(tls_fe.o)
 .text.lm_sub   0x0000000000424144       0x90 networking/lib.a(tls_fe.o)
 .text.fe_mul__distinct
                0x00000000004241d4       0xb8 networking/lib.a(tls_fe.o)
 .text.fe_mul_c
                0x000000000042428c       0x6c networking/lib.a(tls_fe.o)
 .text.xc_diffadd
                0x00000000004242f8      0x124 networking/lib.a(tls_fe.o)
 .text.curve25519
                0x000000000042441c      0x3c8 networking/lib.a(tls_fe.o)
 .text.curve_x25519_compute_pubkey_and_premaster
                0x00000000004247e4       0x9c networking/lib.a(tls_fe.o)
                0x00000000004247e4                curve_x25519_compute_pubkey_and_premaster
 .text.pstm_zero
                0x0000000000424880       0x34 networking/lib.a(tls_pstm.o)
 .text.pstm_count_bits
                0x00000000004248b4       0x38 networking/lib.a(tls_pstm.o)
 .text.pstm_init_size
                0x00000000004248ec       0x50 networking/lib.a(tls_pstm.o)
                0x00000000004248ec                pstm_init_size
 .text.pstm_grow
                0x000000000042493c       0x88 networking/lib.a(tls_pstm.o)
                0x000000000042493c                pstm_grow
 .text.pstm_lshd
                0x00000000004249c4       0xc4 networking/lib.a(tls_pstm.o)
 .text.pstm_copy
                0x0000000000424a88       0xb4 networking/lib.a(tls_pstm.o)
                0x0000000000424a88                pstm_copy
 .text.pstm_clamp
                0x0000000000424b3c       0x4c networking/lib.a(tls_pstm.o)
                0x0000000000424b3c                pstm_clamp
 .text.s_pstm_add
                0x0000000000424b88      0x178 networking/lib.a(tls_pstm.o)
 .text.pstm_mul_2d
                0x0000000000424d00       0xe0 networking/lib.a(tls_pstm.o)
 .text.pstm_rshd
                0x0000000000424de0       0x88 networking/lib.a(tls_pstm.o)
 .text.pstm_mul_d
                0x0000000000424e68      0x124 networking/lib.a(tls_pstm.o)
 .text.pstm_div_2d.constprop.2
                0x0000000000424f8c       0xc8 networking/lib.a(tls_pstm.o)
 .text.pstm_clear
                0x0000000000425054       0x80 networking/lib.a(tls_pstm.o)
                0x0000000000425054                pstm_clear
 .text.pstm_cmp_mag
                0x00000000004250d4       0x88 networking/lib.a(tls_pstm.o)
                0x00000000004250d4                pstm_cmp_mag
 .text.pstm_cmp
                0x000000000042515c       0x44 networking/lib.a(tls_pstm.o)
                0x000000000042515c                pstm_cmp
 .text.pstm_init_for_read_unsigned_bin
                0x00000000004251a0       0x24 networking/lib.a(tls_pstm.o)
                0x00000000004251a0                pstm_init_for_read_unsigned_bin
 .text.pstm_read_unsigned_bin
                0x00000000004251c4       0xa0 networking/lib.a(tls_pstm.o)
                0x00000000004251c4                pstm_read_unsigned_bin
 .text.pstm_unsigned_bin_size
                0x0000000000425264       0x38 networking/lib.a(tls_pstm.o)
                0x0000000000425264                pstm_unsigned_bin_size
 .text.pstm_mul_2
                0x000000000042529c       0xec networking/lib.a(tls_pstm.o)
                0x000000000042529c                pstm_mul_2
 .text.s_pstm_sub
                0x0000000000425388      0x150 networking/lib.a(tls_pstm.o)
                0x0000000000425388                s_pstm_sub
 .text.pstm_sub
                0x00000000004254d8       0x64 networking/lib.a(tls_pstm.o)
                0x00000000004254d8                pstm_sub
 .text.pstm_add
                0x000000000042553c       0x60 networking/lib.a(tls_pstm.o)
                0x000000000042553c                pstm_add
 .text.pstm_mod
                0x000000000042559c      0x570 networking/lib.a(tls_pstm.o)
 .text.pstm_mulmod
                0x0000000000425b0c       0xd0 networking/lib.a(tls_pstm.o)
                0x0000000000425b0c                pstm_mulmod
 .text.pstm_exptmod
                0x0000000000425bdc      0x778 networking/lib.a(tls_pstm.o)
                0x0000000000425bdc                pstm_exptmod
 .text.pstm_to_unsigned_bin
                0x0000000000426354       0xd8 networking/lib.a(tls_pstm.o)
                0x0000000000426354                pstm_to_unsigned_bin
 .text.pstm_montgomery_reduce
                0x000000000042642c      0x260 networking/lib.a(tls_pstm_montgomery_reduce.o)
                0x000000000042642c                pstm_montgomery_reduce
 .text.pstm_mul_comba
                0x000000000042668c      0x27c networking/lib.a(tls_pstm_mul_comba.o)
                0x000000000042668c                pstm_mul_comba
 .text.pstm_sqr_comba
                0x0000000000426908      0x2b8 networking/lib.a(tls_pstm_sqr_comba.o)
                0x0000000000426908                pstm_sqr_comba
 .text.psRsaEncryptPub
                0x0000000000426bc0      0x294 networking/lib.a(tls_rsa.o)
                0x0000000000426bc0                psRsaEncryptPub
 .text.sp_256_to_bin
                0x0000000000426e54       0xc4 networking/lib.a(tls_sp_c32.o)
 .text.sp_256_cmp_10
                0x0000000000426f18       0x30 networking/lib.a(tls_sp_c32.o)
 .text.sp_256_norm_10
                0x0000000000426f48       0x34 networking/lib.a(tls_sp_c32.o)
 .text.sp_256_add_10
                0x0000000000426f7c       0x2c networking/lib.a(tls_sp_c32.o)
 .text.sp_256_sub_10
                0x0000000000426fa8       0x2c networking/lib.a(tls_sp_c32.o)
 .text.sp_256_mod_mul_norm_10
                0x0000000000426fd4      0x4ac networking/lib.a(tls_sp_c32.o)
 .text.sp_256_mont_dbl_10.constprop.4
                0x0000000000427480       0x4c networking/lib.a(tls_sp_c32.o)
 .text.sp_256_mont_sub_10.constprop.5
                0x00000000004274cc       0x40 networking/lib.a(tls_sp_c32.o)
 .text.sp_256_mul_add_10.constprop.8
                0x000000000042750c       0x80 networking/lib.a(tls_sp_c32.o)
 .text.sp_256_mont_reduce_10.constprop.2
                0x000000000042758c      0x11c networking/lib.a(tls_sp_c32.o)
 .text.sp_256_mont_mul_10.constprop.1
                0x00000000004276a8      0x104 networking/lib.a(tls_sp_c32.o)
 .text.sp_256_mont_sqr_10.constprop.0
                0x00000000004277ac      0x168 networking/lib.a(tls_sp_c32.o)
 .text.sp_256_proj_point_dbl_10
                0x0000000000427914      0x274 networking/lib.a(tls_sp_c32.o)
 .text.sp_256_from_bin.constprop.9
                0x0000000000427b88       0xb0 networking/lib.a(tls_sp_c32.o)
 .text.sp_256_point_from_bin2x32
                0x0000000000427c38       0x70 networking/lib.a(tls_sp_c32.o)
 .text.sp_256_ecc_mulmod_10
                0x0000000000427ca8      0x5b4 networking/lib.a(tls_sp_c32.o)
 .text.curve_P256_compute_pubkey_and_premaster
                0x000000000042825c      0x118 networking/lib.a(tls_sp_c32.o)
                0x000000000042825c                curve_P256_compute_pubkey_and_premaster
 .text.dhcp6_remove_evdata
                0x0000000000428374       0x64 networking/udhcp/lib.a(dhcp6c.o)
 .text.dhcp6_create_event
                0x00000000004283d8       0xac networking/udhcp/lib.a(dhcp6c.o)
                0x00000000004283d8                dhcp6_create_event
 .text.dhcp6_remove_event
                0x0000000000428484      0x16c networking/udhcp/lib.a(dhcp6c.o)
                0x0000000000428484                dhcp6_remove_event
 .text.check_exit
                0x00000000004285f0       0xcc networking/udhcp/lib.a(dhcp6c.o)
 .text.construct_reqdata.isra.2
                0x00000000004286bc      0x1bc networking/udhcp/lib.a(dhcp6c.o)
 .text.client6_start
                0x0000000000428878       0x58 networking/udhcp/lib.a(dhcp6c.o)
                0x0000000000428878                client6_start
 .text.client6_expire_refreshtime
                0x00000000004288d0       0x60 networking/udhcp/lib.a(dhcp6c.o)
 .text.client6_send
                0x0000000000428930      0x36c networking/udhcp/lib.a(dhcp6c.o)
                0x0000000000428930                client6_send
 .text.client6_timo
                0x0000000000428c9c      0x35c networking/udhcp/lib.a(dhcp6c.o)
 .text.client6_mainloop
                0x0000000000428ff8      0xb20 networking/udhcp/lib.a(dhcp6c.o)
 .text.dhcp6c_main
                0x0000000000429b18      0x368 networking/udhcp/lib.a(dhcp6c.o)
                0x0000000000429b18                dhcp6c_main
 .text.copyout_option
                0x0000000000429e80      0x27c networking/udhcp/lib.a(dhcp6c_common.o)
 .text.dhcp6_find_listval
                0x000000000042a0fc      0x1e8 networking/udhcp/lib.a(dhcp6c_common.o)
                0x000000000042a0fc                dhcp6_find_listval
 .text.dhcp6_vbuf_copy
                0x000000000042a2e4       0x50 networking/udhcp/lib.a(dhcp6c_common.o)
                0x000000000042a2e4                dhcp6_vbuf_copy
 .text.dhcp6_vbuf_free
                0x000000000042a334       0x44 networking/udhcp/lib.a(dhcp6c_common.o)
                0x000000000042a334                dhcp6_vbuf_free
 .text.dhcp6_clear_listval
                0x000000000042a378       0x58 networking/udhcp/lib.a(dhcp6c_common.o)
                0x000000000042a378                dhcp6_clear_listval
 .text.dhcp6_clear_list
                0x000000000042a3d0       0x54 networking/udhcp/lib.a(dhcp6c_common.o)
                0x000000000042a3d0                dhcp6_clear_list
 .text.dhcp6_timer_add
                0x000000000042a424       0xc0 networking/udhcp/lib.a(dhcp6c_common.o)
                0x000000000042a424                dhcp6_timer_add
 .text.dhcp6_timer_remove
                0x000000000042a4e4       0x58 networking/udhcp/lib.a(dhcp6c_common.o)
                0x000000000042a4e4                dhcp6_timer_remove
 .text.dhcp6_timer_set
                0x000000000042a53c       0xa8 networking/udhcp/lib.a(dhcp6c_common.o)
                0x000000000042a53c                dhcp6_timer_set
 .text.dhcp6_timer_check
                0x000000000042a5e4      0x1c0 networking/udhcp/lib.a(dhcp6c_common.o)
                0x000000000042a5e4                dhcp6_timer_check
 .text.dhcp6_timer_rest
                0x000000000042a7a4       0x58 networking/udhcp/lib.a(dhcp6c_common.o)
                0x000000000042a7a4                dhcp6_timer_rest
 .text.prefix6_mask
                0x000000000042a7fc       0xd8 networking/udhcp/lib.a(dhcp6c_common.o)
                0x000000000042a7fc                prefix6_mask
 .text.dhcp6_init_options
                0x000000000042a8d4       0x8c networking/udhcp/lib.a(dhcp6c_common.o)
                0x000000000042a8d4                dhcp6_init_options
 .text.dhcp6_clear_options
                0x000000000042a960       0x78 networking/udhcp/lib.a(dhcp6c_common.o)
                0x000000000042a960                dhcp6_clear_options
 .text.dhcp6_set_timeoparam
                0x000000000042a9d8       0xbc networking/udhcp/lib.a(dhcp6c_common.o)
                0x000000000042a9d8                dhcp6_set_timeoparam
 .text.dhcp6optstr
                0x000000000042aa94       0x60 networking/udhcp/lib.a(dhcp6c_common.o)
                0x000000000042aa94                dhcp6optstr
 .text.dhcp6_add_listval
                0x000000000042aaf4      0x194 networking/udhcp/lib.a(dhcp6c_common.o)
                0x000000000042aaf4                dhcp6_add_listval
 .text.dhcp6_copy_list
                0x000000000042ac88       0x60 networking/udhcp/lib.a(dhcp6c_common.o)
                0x000000000042ac88                dhcp6_copy_list
 .text.dhcp6_copy_options
                0x000000000042ace8      0x120 networking/udhcp/lib.a(dhcp6c_common.o)
                0x000000000042ace8                dhcp6_copy_options
 .text.copyin_option
                0x000000000042ae08      0x43c networking/udhcp/lib.a(dhcp6c_common.o)
 .text.dhcp6_get_options
                0x000000000042b244      0x594 networking/udhcp/lib.a(dhcp6c_common.o)
                0x000000000042b244                dhcp6_get_options
 .text.dhcp6_set_iaoptions.isra.0
                0x000000000042b7d8       0xc4 networking/udhcp/lib.a(dhcp6c_common.o)
 .text.copy_option
                0x000000000042b89c      0x104 networking/udhcp/lib.a(dhcp6c_common.o)
 .text.dhcp6msgstr
                0x000000000042b9a0       0x58 networking/udhcp/lib.a(dhcp6c_common.o)
                0x000000000042b9a0                dhcp6msgstr
 .text.dhcp6_set_options
                0x000000000042b9f8      0x3bc networking/udhcp/lib.a(dhcp6c_common.o)
                0x000000000042b9f8                dhcp6_set_options
 .text.dhcp6stcodestr
                0x000000000042bdb4       0x58 networking/udhcp/lib.a(dhcp6c_common.o)
                0x000000000042bdb4                dhcp6stcodestr
 .text.duidstr  0x000000000042be0c       0xec networking/udhcp/lib.a(dhcp6c_common.o)
                0x000000000042be0c                duidstr
 .text.get_duid
                0x000000000042bef8      0x47c networking/udhcp/lib.a(dhcp6c_common.o)
                0x000000000042bef8                get_duid
 .text.dhcp6_event_statestr
                0x000000000042c374       0x8c networking/udhcp/lib.a(dhcp6c_common.o)
                0x000000000042c374                dhcp6_event_statestr
 .text.dhcp6_reset_timer
                0x000000000042c400      0x1b0 networking/udhcp/lib.a(dhcp6c_common.o)
                0x000000000042c400                dhcp6_reset_timer
 .text.add_cfparam
                0x000000000042c5b0       0x44 networking/udhcp/lib.a(dhcp6c_config.o)
 .text.cleanup_cflist
                0x000000000042c5f4       0x78 networking/udhcp/lib.a(dhcp6c_config.o)
 .text.clear_iaconf
                0x000000000042c66c      0x118 networking/udhcp/lib.a(dhcp6c_config.o)
 .text.create_prefiff
                0x000000000042c784       0x90 networking/udhcp/lib.a(dhcp6c_config.o)
 .text.add_cflevel0
                0x000000000042c814      0x150 networking/udhcp/lib.a(dhcp6c_config.o)
 .text.create_assoc
                0x000000000042c964       0xe8 networking/udhcp/lib.a(dhcp6c_config.o)
 .text.create_iface
                0x000000000042ca4c       0x44 networking/udhcp/lib.a(dhcp6c_config.o)
 .text.parse_assoc
                0x000000000042ca90      0x198 networking/udhcp/lib.a(dhcp6c_config.o)
 .text.add_prefix6
                0x000000000042cc28      0x27c networking/udhcp/lib.a(dhcp6c_config.o)
 .text.parse_prefiff
                0x000000000042cea4      0x104 networking/udhcp/lib.a(dhcp6c_config.o)
 .text.parse_iface
                0x000000000042cfa8      0x28c networking/udhcp/lib.a(dhcp6c_config.o)
 .text.clear_ifconf
                0x000000000042d234       0x98 networking/udhcp/lib.a(dhcp6c_config.o)
                0x000000000042d234                clear_ifconf
 .text.find_iaconf
                0x000000000042d2cc       0x30 networking/udhcp/lib.a(dhcp6c_config.o)
                0x000000000042d2cc                find_iaconf
 .text.read_config6
                0x000000000042d2fc      0xc68 networking/udhcp/lib.a(dhcp6c_config.o)
                0x000000000042d2fc                read_config6
 .text.prepare_iaevent
                0x000000000042df64      0x244 networking/udhcp/lib.a(dhcp6c_ia.o)
 .text.ia_timo  0x000000000042e1a8      0x14c networking/udhcp/lib.a(dhcp6c_ia.o)
 .text.remove_iaprefix
                0x000000000042e2f4      0x16c networking/udhcp/lib.a(dhcp6c_ia.o)
 .text.remove_ia
                0x000000000042e460      0x150 networking/udhcp/lib.a(dhcp6c_ia.o)
 .text.iapref_timo
                0x000000000042e5b0      0x108 networking/udhcp/lib.a(dhcp6c_ia.o)
 .text.update_prefix6
                0x000000000042e6b8      0x5bc networking/udhcp/lib.a(dhcp6c_ia.o)
 .text.update_ia
                0x000000000042ec74      0x624 networking/udhcp/lib.a(dhcp6c_ia.o)
                0x000000000042ec74                update_ia
 .text.release_all_ia
                0x000000000042f298       0xc8 networking/udhcp/lib.a(dhcp6c_ia.o)
                0x000000000042f298                release_all_ia
 .text.destruct_iadata
                0x000000000042f360       0x8c networking/udhcp/lib.a(dhcp6c_ia.o)
                0x000000000042f360                destruct_iadata
 .text.fill_envp_client6
                0x000000000042f3ec      0x284 networking/udhcp/lib.a(dhcp6c_script.o)
                0x000000000042f3ec                fill_envp_client6
 .text.dhcp6_script
                0x000000000042f670       0xb0 networking/udhcp/lib.a(dhcp6c_script.o)
                0x000000000042f670                dhcp6_script
 .text.sock6_init
                0x000000000042f720      0x154 networking/udhcp/lib.a(dhcp6c_socket.o)
                0x000000000042f720                sock6_init
 .text.ifaddrconf
                0x000000000042f874      0x25c networking/udhcp/lib.a(dhcp6c_socket.o)
                0x000000000042f874                ifaddrconf
 .text.client_background
                0x000000000042fad0       0x58 networking/udhcp/lib.a(dhcpc.o)
 .text.init_packet
                0x000000000042fb28       0xbc networking/udhcp/lib.a(dhcpc.o)
 .text.add_client_options
                0x000000000042fbe4      0x150 networking/udhcp/lib.a(dhcpc.o)
 .text.add_serverid_and_clientid_options
                0x000000000042fd34       0x88 networking/udhcp/lib.a(dhcpc.o)
 .text.raw_bcast_from_client_data_ifindex
                0x000000000042fdbc       0x58 networking/udhcp/lib.a(dhcpc.o)
 .text.send_discover
                0x000000000042fe14       0x94 networking/udhcp/lib.a(dhcpc.o)
 .text.send_select
                0x000000000042fea8       0xf0 networking/udhcp/lib.a(dhcpc.o)
 .text.send_decline
                0x000000000042ff98       0x88 networking/udhcp/lib.a(dhcpc.o)
 .text.bcast_or_ucast
                0x0000000000430020       0x58 networking/udhcp/lib.a(dhcpc.o)
 .text.send_renew
                0x0000000000430078       0xb4 networking/udhcp/lib.a(dhcpc.o)
 .text.d4_recv_raw_packet
                0x000000000043012c      0x28c networking/udhcp/lib.a(dhcpc.o)
 .text.change_listen_mode
                0x00000000004303b8      0x18c networking/udhcp/lib.a(dhcpc.o)
 .text.optitem_unset_env_and_free
                0x0000000000430544       0x64 networking/udhcp/lib.a(dhcpc.o)
 .text.sprint_nip
                0x00000000004305a8       0x50 networking/udhcp/lib.a(dhcpc.o)
 .text.putenvp  0x00000000004305f8       0x68 networking/udhcp/lib.a(dhcpc.o)
 .text.xmalloc_optname_optval.isra.0
                0x0000000000430660      0x3a0 networking/udhcp/lib.a(dhcpc.o)
 .text.d4_run_script
                0x0000000000430a00      0x48c networking/udhcp/lib.a(dhcpc.o)
 .text.d4_run_script_deconfig
                0x0000000000430e8c       0x10 networking/udhcp/lib.a(dhcpc.o)
 .text.perform_release
                0x0000000000430e9c      0x148 networking/udhcp/lib.a(dhcpc.o)
 .text.udhcpc_main
                0x0000000000430fe4      0xee8 networking/udhcp/lib.a(dhcpc.o)
                0x0000000000430fe4                udhcpc_main
 .text.udhcp_init_header
                0x0000000000431ecc       0xa4 networking/udhcp/lib.a(packet.o)
                0x0000000000431ecc                udhcp_init_header
 .text.udhcp_recv_kernel_packet
                0x0000000000431f70       0xb8 networking/udhcp/lib.a(packet.o)
                0x0000000000431f70                udhcp_recv_kernel_packet
 .text.udhcp_send_raw_packet
                0x0000000000432028      0x258 networking/udhcp/lib.a(packet.o)
                0x0000000000432028                udhcp_send_raw_packet
 .text.udhcp_send_kernel_packet
                0x0000000000432280      0x200 networking/udhcp/lib.a(packet.o)
                0x0000000000432280                udhcp_send_kernel_packet
 .text.signal_handler
                0x0000000000432480       0x74 networking/udhcp/lib.a(signalpipe.o)
 .text.udhcp_sp_setup
                0x00000000004324f4       0xcc networking/udhcp/lib.a(signalpipe.o)
                0x00000000004324f4                udhcp_sp_setup
 .text.udhcp_sp_fd_set
                0x00000000004325c0       0x6c networking/udhcp/lib.a(signalpipe.o)
                0x00000000004325c0                udhcp_sp_fd_set
 .text.udhcp_sp_read
                0x000000000043262c       0x40 networking/udhcp/lib.a(signalpipe.o)
                0x000000000043262c                udhcp_sp_read
 .text.udhcp_read_interface
                0x000000000043266c      0x224 networking/udhcp/lib.a(socket.o)
                0x000000000043266c                udhcp_read_interface
 .text.udhcp_listen_socket
                0x0000000000432890      0x12c networking/udhcp/lib.a(socket.o)
                0x0000000000432890                udhcp_listen_socket
 .text.arpping  0x00000000004329bc      0x300 networking/udhcp/lib.a(arpping.o)
                0x00000000004329bc                arpping
 .text.log1s    0x0000000000432cbc       0x24 networking/udhcp/lib.a(common.o)
                0x0000000000432cbc                log1s
 .text.udhcp_option_idx
                0x0000000000432ce0       0xd8 networking/udhcp/lib.a(common.o)
                0x0000000000432ce0                udhcp_option_idx
 .text.init_scan_state
                0x0000000000432db8       0x18 networking/udhcp/lib.a(common.o)
                0x0000000000432db8                init_scan_state
 .text.udhcp_scan_options
                0x0000000000432dd0      0x120 networking/udhcp/lib.a(common.o)
                0x0000000000432dd0                udhcp_scan_options
 .text.udhcp_get_option
                0x0000000000432ef0       0x6c networking/udhcp/lib.a(common.o)
                0x0000000000432ef0                udhcp_get_option
 .text.udhcp_get_option32
                0x0000000000432f5c       0x2c networking/udhcp/lib.a(common.o)
                0x0000000000432f5c                udhcp_get_option32
 .text.udhcp_end_option
                0x0000000000432f88       0x3c networking/udhcp/lib.a(common.o)
                0x0000000000432f88                udhcp_end_option
 .text.udhcp_add_binary_option
                0x0000000000432fc4       0xa0 networking/udhcp/lib.a(common.o)
                0x0000000000432fc4                udhcp_add_binary_option
 .text.udhcp_add_simple_option
                0x0000000000433064       0x84 networking/udhcp/lib.a(common.o)
                0x0000000000433064                udhcp_add_simple_option
 .text.udhcp_find_option
                0x00000000004330e8       0x34 networking/udhcp/lib.a(common.o)
                0x00000000004330e8                udhcp_find_option
 .text.udhcp_str2nip
                0x000000000043311c       0x88 networking/udhcp/lib.a(common.o)
                0x000000000043311c                udhcp_str2nip
 .text.udhcp_insert_new_option
                0x00000000004331a4       0x94 networking/udhcp/lib.a(common.o)
                0x00000000004331a4                udhcp_insert_new_option
 .text.attach_option
                0x0000000000433238      0x184 networking/udhcp/lib.a(common.o)
 .text.udhcp_str2optset
                0x00000000004333bc      0x3c8 networking/udhcp/lib.a(common.o)
                0x00000000004333bc                udhcp_str2optset
 .text.sprint_nip6
                0x0000000000433784       0x9c networking/udhcp/lib.a(common.o)
                0x0000000000433784                sprint_nip6
 .text.parse_meminfo
                0x0000000000433820      0x15c procps/lib.a(free.o)
 .text.scale.isra.0
                0x000000000043397c       0x1c procps/lib.a(free.o)
 .text.free_main
                0x0000000000433998      0x29c procps/lib.a(free.o)
                0x0000000000433998                free_main
 .text.search_dev_inode
                0x0000000000433c34       0x7c procps/lib.a(fuser.o)
 .text.add_inode
                0x0000000000433cb0       0xc4 procps/lib.a(fuser.o)
 .text.scan_proc_net_or_maps
                0x0000000000433d74      0x240 procps/lib.a(fuser.o)
 .text.scan_recursive
                0x0000000000433fb4      0x2b0 procps/lib.a(fuser.o)
 .text.fuser_main
                0x0000000000434264      0x220 procps/lib.a(fuser.o)
                0x0000000000434264                fuser_main
 .text.kill_main
                0x0000000000434484      0x458 procps/lib.a(kill.o)
                0x0000000000434484                kill_main
 .text.lsof_main
                0x00000000004348dc      0x194 procps/lib.a(lsof.o)
                0x00000000004348dc                lsof_main
 .text.act.isra.0
                0x0000000000434a70       0x40 procps/lib.a(pgrep.o)
 .text.pgrep_main
                0x0000000000434ab0      0x384 procps/lib.a(pgrep.o)
                0x0000000000434ab0                pgrep_main
 .text.pidof_main
                0x0000000000434e34      0x1cc procps/lib.a(pidof.o)
                0x0000000000434e34                pidof_main
 .text.ps_main  0x0000000000435000      0x44c procps/lib.a(ps.o)
                0x0000000000435000                ps_main
 .text.sysctl_act_on_setting
                0x000000000043544c      0x360 procps/lib.a(sysctl.o)
 .text.sysctl_dots_to_slashes
                0x00000000004357ac      0x14c procps/lib.a(sysctl.o)
 .text.sysctl_act_recursive
                0x00000000004358f8      0x188 procps/lib.a(sysctl.o)
 .text.sysctl_main
                0x0000000000435a80      0x220 procps/lib.a(sysctl.o)
                0x0000000000435a80                sysctl_main
 .text.pid_sort
                0x0000000000435ca0       0x10 procps/lib.a(top.o)
 .text.mem_sort
                0x0000000000435cb0       0x24 procps/lib.a(top.o)
 .text.pcpu_sort
                0x0000000000435cd4       0x10 procps/lib.a(top.o)
 .text.time_sort
                0x0000000000435ce4       0x24 procps/lib.a(top.o)
 .text.mult_lvl_cmp
                0x0000000000435d08       0x8c procps/lib.a(top.o)
 .text.topmem_sort
                0x0000000000435d94       0x5c procps/lib.a(top.o)
 .text.fmt_100percent_8
                0x0000000000435df0       0xd0 procps/lib.a(top.o)
 .text.read_cpu_jiffy
                0x0000000000435ec0      0x1b4 procps/lib.a(top.o)
 .text.get_jiffy_counts
                0x0000000000436074      0x194 procps/lib.a(top.o)
 .text.do_stats
                0x0000000000436208      0x118 procps/lib.a(top.o)
 .text.ulltoa6_and_space
                0x0000000000436320       0x30 procps/lib.a(top.o)
 .text.parse_meminfo
                0x0000000000436350      0x11c procps/lib.a(top.o)
 .text.display_topmem_process_list
                0x000000000043646c      0x358 procps/lib.a(top.o)
 .text.display_process_list
                0x00000000004367c4      0x67c procps/lib.a(top.o)
 .text.handle_input
                0x0000000000436e40      0x34c procps/lib.a(top.o)
 .text.clearmems
                0x000000000043718c       0x54 procps/lib.a(top.o)
 .text.reset_term
                0x00000000004371e0       0x30 procps/lib.a(top.o)
 .text.sig_catcher
                0x0000000000437210       0x24 procps/lib.a(top.o)
 .text.top_main
                0x0000000000437234      0x568 procps/lib.a(top.o)
                0x0000000000437234                top_main
 .text.uptime_main
                0x000000000043779c      0x214 procps/lib.a(uptime.o)
                0x000000000043779c                uptime_main
 .text.watch_main
                0x00000000004379b0      0x1c0 procps/lib.a(watch.o)
                0x00000000004379b0                watch_main
 .text.isdigit_str9
                0x0000000000437b70       0x24 shell/lib.a(ash.o)
 .text.prefix   0x0000000000437b94       0x2c shell/lib.a(ash.o)
 .text.is_number
                0x0000000000437bc0       0x30 shell/lib.a(ash.o)
 .text.varcmp   0x0000000000437bf0       0x54 shell/lib.a(ash.o)
 .text.hashvar  0x0000000000437c44       0x58 shell/lib.a(ash.o)
 .text.vpcmp    0x0000000000437c9c        0xc shell/lib.a(ash.o)
 .text.findvar  0x0000000000437ca8       0x50 shell/lib.a(ash.o)
 .text.set_curjob
                0x0000000000437cf8       0x74 shell/lib.a(ash.o)
 .text.getstatus
                0x0000000000437d6c       0x9c shell/lib.a(ash.o)
 .text.skiploop
                0x0000000000437e08       0x40 shell/lib.a(ash.o)
 .text.falsecmd
                0x0000000000437e48        0x8 shell/lib.a(ash.o)
 .text.truecmd  0x0000000000437e50        0x8 shell/lib.a(ash.o)
 .text.get_builtin_name
                0x0000000000437e58       0x2c shell/lib.a(ash.o)
 .text.bltincmd
                0x0000000000437e84       0x18 shell/lib.a(ash.o)
 .text.nlnoprompt
                0x0000000000437e9c       0x28 shell/lib.a(ash.o)
 .text.pungetc  0x0000000000437ec4       0x18 shell/lib.a(ash.o)
 .text.pushfile
                0x0000000000437edc       0x3c shell/lib.a(ash.o)
 .text.pushredir
                0x0000000000437f18       0xb8 shell/lib.a(ash.o)
 .text.freealias
                0x0000000000437fd0       0x88 shell/lib.a(ash.o)
 .text.freefunc
                0x0000000000438058       0x34 shell/lib.a(ash.o)
 .text.freeparam
                0x000000000043808c       0x70 shell/lib.a(ash.o)
 .text.SIT      0x00000000004380fc       0xc8 shell/lib.a(ash.o)
 .text.nodeckstrdup
                0x00000000004381c4       0x6c shell/lib.a(ash.o)
 .text.copynode
                0x0000000000438230      0x178 shell/lib.a(ash.o)
 .text.copynodelist
                0x00000000004383a8       0x74 shell/lib.a(ash.o)
 .text.__lookupalias
                0x000000000043841c       0xa4 shell/lib.a(ash.o)
 .text.cmdlookup
                0x00000000004384c0      0x108 shell/lib.a(ash.o)
 .text.pstrcmp  0x00000000004385c8       0x14 shell/lib.a(ash.o)
 .text.pstrcmp1
                0x00000000004385dc       0x18 shell/lib.a(ash.o)
 .text.msort    0x00000000004385f4       0xfc shell/lib.a(ash.o)
 .text.raise_exception
                0x00000000004386f0       0x3c shell/lib.a(ash.o)
 .text.ulimitcmd
                0x000000000043872c       0x10 shell/lib.a(ash.o)
 .text.findkwd  0x000000000043873c       0x44 shell/lib.a(ash.o)
 .text.setparam
                0x0000000000438780       0xe8 shell/lib.a(ash.o)
 .text.dup_CLOEXEC
                0x0000000000438868       0x90 shell/lib.a(ash.o)
 .text.errmsg   0x00000000004388f8       0x30 shell/lib.a(ash.o)
 .text.printfcmd
                0x0000000000438928       0x10 shell/lib.a(ash.o)
 .text.historycmd
                0x0000000000438938       0x30 shell/lib.a(ash.o)
 .text.tryexec  0x0000000000438968       0xb0 shell/lib.a(ash.o)
 .text.echocmd  0x0000000000438a18       0x10 shell/lib.a(ash.o)
 .text.testcmd  0x0000000000438a28       0x10 shell/lib.a(ash.o)
 .text.setsignal
                0x0000000000438a38      0x1f8 shell/lib.a(ash.o)
 .text.raise_interrupt
                0x0000000000438c30       0x80 shell/lib.a(ash.o)
 .text.signal_handler
                0x0000000000438cb0       0x98 shell/lib.a(ash.o)
 .text.force_int_on
                0x0000000000438d48       0x40 shell/lib.a(ash.o)
 .text.int_on   0x0000000000438d88       0x50 shell/lib.a(ash.o)
 .text.flush_stdout_stderr
                0x0000000000438dd8       0x48 shell/lib.a(ash.o)
 .text.clearcmdentry
                0x0000000000438e20       0xdc shell/lib.a(ash.o)
 .text.changepath
                0x0000000000438efc       0x98 shell/lib.a(ash.o)
 .text.ifsfree  0x0000000000438f94       0x88 shell/lib.a(ash.o)